Component: ARM Compiler 5.06 update 7 (build 960) Tool: armlink [4d3601]

==============================================================================

Section Cross References

    startup_stm32f40_41xxx.o(RESET) refers to startup_stm32f40_41xxx.o(STACK) for __initial_sp
    startup_stm32f40_41xxx.o(RESET) refers to startup_stm32f40_41xxx.o(.text) for Reset_Handler
    startup_stm32f40_41xxx.o(RESET) refers to stm32f4xx_it.o(i.NMI_Handler) for NMI_Handler
    startup_stm32f40_41xxx.o(RESET) refers to stm32f4xx_it.o(i.HardFault_Handler) for HardFault_Handler
    startup_stm32f40_41xxx.o(RESET) refers to stm32f4xx_it.o(i.MemManage_Handler) for MemManage_Handler
    startup_stm32f40_41xxx.o(RESET) refers to stm32f4xx_it.o(i.BusFault_Handler) for BusFault_Handler
    startup_stm32f40_41xxx.o(RESET) refers to stm32f4xx_it.o(i.UsageFault_Handler) for UsageFault_Handler
    startup_stm32f40_41xxx.o(RESET) refers to port.o(.emb_text) for SVC_Handler
    startup_stm32f40_41xxx.o(RESET) refers to stm32f4xx_it.o(i.DebugMon_Handler) for DebugMon_Handler
    startup_stm32f40_41xxx.o(RESET) refers to port.o(i.SysTick_Handler) for SysTick_Handler
    startup_stm32f40_41xxx.o(RESET) refers to exti.o(i.EXTI0_IRQHandler) for EXTI0_IRQHandler
    startup_stm32f40_41xxx.o(RESET) refers to exti.o(i.EXTI2_IRQHandler) for EXTI2_IRQHandler
    startup_stm32f40_41xxx.o(RESET) refers to exti.o(i.EXTI3_IRQHandler) for EXTI3_IRQHandler
    startup_stm32f40_41xxx.o(RESET) refers to dma.o(i.DMA1_Stream4_IRQHandler) for DMA1_Stream4_IRQHandler
    startup_stm32f40_41xxx.o(RESET) refers to timer.o(i.TIM1_BRK_TIM9_IRQHandler) for TIM1_BRK_TIM9_IRQHandler
    startup_stm32f40_41xxx.o(RESET) refers to spi.o(i.SPI2_IRQHandler) for SPI2_IRQHandler
    startup_stm32f40_41xxx.o(RESET) refers to usart.o(i.USART1_IRQHandler) for USART1_IRQHandler
    startup_stm32f40_41xxx.o(RESET) refers to usart.o(i.USART2_IRQHandler) for USART2_IRQHandler
    startup_stm32f40_41xxx.o(RESET) refers to sdio_sdcard.o(i.SDIO_IRQHandler) for SDIO_IRQHandler
    startup_stm32f40_41xxx.o(RESET) refers to code_run_time.o(i.TIM6_DAC_IRQHandler) for TIM6_DAC_IRQHandler
    startup_stm32f40_41xxx.o(RESET) refers to dma.o(i.DMA2_Stream5_IRQHandler) for DMA2_Stream5_IRQHandler
    startup_stm32f40_41xxx.o(RESET) refers to dma.o(i.DMA2_Stream6_IRQHandler) for DMA2_Stream6_IRQHandler
    startup_stm32f40_41xxx.o(.text) refers to system_stm32f4xx.o(i.SystemInit) for SystemInit
    startup_stm32f40_41xxx.o(.text) refers to entry.o(.ARM.Collect$$$$00000000) for __main
    main.o(i.Task_List) refers to systemstate.o(i.System_GetState) for System_GetState
    main.o(i.Task_List) refers to systemstate.o(i.System_ResetState) for System_ResetState
    main.o(i.Task_List) refers to test.o(i.OLED_Test) for OLED_Test
    main.o(i.Task_List) refers to test.o(i.MPU6050_Test) for MPU6050_Test
    main.o(i.Task_List) refers to printfa.o(i.__0printf) for __2printf
    main.o(i.Task_List) refers to test.o(i.RTC_Test) for RTC_Test
    main.o(i.Task_List) refers to pwm.o(i.PWM_SetPluseWdie) for PWM_SetPluseWdie
    main.o(i.Task_List) refers to main.o(.data) for P
    main.o(i.main) refers to misc.o(i.NVIC_PriorityGroupConfig) for NVIC_PriorityGroupConfig
    main.o(i.main) refers to usart.o(i.USART1_Init) for USART1_Init
    main.o(i.main) refers to timer.o(i.Delay_Init) for Delay_Init
    main.o(i.main) refers to led.o(i.led_init) for led_init
    main.o(i.main) refers to rtc.o(i.RTC_ConfigInit) for RTC_ConfigInit
    main.o(i.main) refers to oled.o(i.OLED_Init) for OLED_Init
    main.o(i.main) refers to mpu6050.o(i.MPU6050_Init) for MPU6050_Init
    main.o(i.main) refers to timer.o(i.TaskTimer_Init) for TaskTimer_Init
    main.o(i.main) refers to pwm.o(i.PWM_Init) for PWM_Init
    main.o(i.main) refers to main.o(i.Task_List) for Task_List
    system_stm32f4xx.o(i.SystemCoreClockUpdate) refers to system_stm32f4xx.o(.data) for SystemCoreClock
    system_stm32f4xx.o(i.SystemInit) refers to system_stm32f4xx.o(i.SetSysClock) for SetSysClock
    stm32f4xx_adc.o(i.ADC_DeInit) refers to stm32f4xx_rcc.o(i.RCC_APB2PeriphResetCmd) for RCC_APB2PeriphResetCmd
    stm32f4xx_can.o(i.CAN_DeInit) refers to stm32f4xx_rcc.o(i.RCC_APB1PeriphResetCmd) for RCC_APB1PeriphResetCmd
    stm32f4xx_can.o(i.CAN_GetITStatus) refers to stm32f4xx_can.o(i.CheckITStatus) for CheckITStatus
    stm32f4xx_cryp.o(i.CRYP_DeInit) refers to stm32f4xx_rcc.o(i.RCC_AHB2PeriphResetCmd) for RCC_AHB2PeriphResetCmd
    stm32f4xx_cryp_aes.o(i.CRYP_AES_CBC) refers to stm32f4xx_cryp.o(i.CRYP_KeyStructInit) for CRYP_KeyStructInit
    stm32f4xx_cryp_aes.o(i.CRYP_AES_CBC) refers to stm32f4xx_cryp.o(i.CRYP_FIFOFlush) for CRYP_FIFOFlush
    stm32f4xx_cryp_aes.o(i.CRYP_AES_CBC) refers to stm32f4xx_cryp.o(i.CRYP_Init) for CRYP_Init
    stm32f4xx_cryp_aes.o(i.CRYP_AES_CBC) refers to stm32f4xx_cryp.o(i.CRYP_KeyInit) for CRYP_KeyInit
    stm32f4xx_cryp_aes.o(i.CRYP_AES_CBC) refers to stm32f4xx_cryp.o(i.CRYP_Cmd) for CRYP_Cmd
[...]
    i.dmp_load_motion_driver_firmware        0x08004504   Section        0  inv_mpu_dmp_motion_driver.o(i.dmp_load_motion_driver_firmware)
    i.dmp_read_fifo                          0x0800451c   Section        0  inv_mpu_dmp_motion_driver.o(i.dmp_read_fifo)
    i.dmp_set_accel_bias                     0x080046e4   Section        0  inv_mpu_dmp_motion_driver.o(i.dmp_set_accel_bias)
    i.dmp_set_fifo_rate                      0x08004814   Section        0  inv_mpu_dmp_motion_driver.o(i.dmp_set_fifo_rate)
    i.dmp_set_gyro_bias                      0x08004884   Section        0  inv_mpu_dmp_motion_driver.o(i.dmp_set_gyro_bias)
    i.dmp_set_orientation                    0x080049b4   Section        0  inv_mpu_dmp_motion_driver.o(i.dmp_set_orientation)
    i.dmp_set_shake_reject_thresh            0x08004aec   Section        0  inv_mpu_dmp_motion_driver.o(i.dmp_set_shake_reject_thresh)
    i.dmp_set_shake_reject_time              0x08004b24   Section        0  inv_mpu_dmp_motion_driver.o(i.dmp_set_shake_reject_time)
    i.dmp_set_shake_reject_timeout           0x08004b4a   Section        0  inv_mpu_dmp_motion_driver.o(i.dmp_set_shake_reject_timeout)
    i.dmp_set_tap_axes                       0x08004b70   Section        0  inv_mpu_dmp_motion_driver.o(i.dmp_set_tap_axes)
    i.dmp_set_tap_count                      0x08004bb6   Section        0  inv_mpu_dmp_motion_driver.o(i.dmp_set_tap_count)
    i.dmp_set_tap_thresh                     0x08004bdc   Section        0  inv_mpu_dmp_motion_driver.o(i.dmp_set_tap_thresh)
    i.dmp_set_tap_time                       0x08004d9c   Section        0  inv_mpu_dmp_motion_driver.o(i.dmp_set_tap_time)
    i.dmp_set_tap_time_multi                 0x08004dc2   Section        0  inv_mpu_dmp_motion_driver.o(i.dmp_set_tap_time_multi)
    i.fabs                                   0x08004de8   Section        0  fabs.o(i.fabs)
    i.fputc                                  0x08004e00   Section        0  usart.o(i.fputc)
    i.get_accel_prod_shift                   0x08004e2c   Section        0  inv_mpu.o(i.get_accel_prod_shift)
    get_accel_prod_shift                     0x08004e2d   Thumb Code   190  inv_mpu.o(i.get_accel_prod_shift)
    i.get_st_biases                          0x08004efc   Section        0  inv_mpu.o(i.get_st_biases)
    get_st_biases                            0x08004efd   Thumb Code  1128  inv_mpu.o(i.get_st_biases)
    i.gyro_self_test                         0x08005368   Section        0  inv_mpu.o(i.gyro_self_test)
    gyro_self_test                           0x08005369   Thumb Code   262  inv_mpu.o(i.gyro_self_test)
    i.inv_orientation_matrix_to_scalar       0x08005484   Section        0  mpu6050.o(i.inv_orientation_matrix_to_scalar)
    inv_orientation_matrix_to_scalar         0x08005485   Thumb Code    40  mpu6050.o(i.inv_orientation_matrix_to_scalar)
    i.inv_row_2_scale                        0x080054ac   Section        0  mpu6050.o(i.inv_row_2_scale)
    inv_row_2_scale                          0x080054ad   Thumb Code    78  mpu6050.o(i.inv_row_2_scale)
    i.led_init                               0x080054fc   Section        0  led.o(i.led_init)
    i.main                                   0x08005534   Section        0  main.o(i.main)
    i.mpu_configure_fifo                     0x08005578   Section        0  inv_mpu.o(i.mpu_configure_fifo)
    i.mpu_get_accel_fsr                      0x080055e8   Section        0  inv_mpu.o(i.mpu_get_accel_fsr)
    i.mpu_get_accel_sens                     0x08005634   Section        0  inv_mpu.o(i.mpu_get_accel_sens)
    i.mpu_get_fifo_config                    0x08005688   Section        0  inv_mpu.o(i.mpu_get_fifo_config)
    i.mpu_get_gyro_fsr                       0x08005698   Section        0  inv_mpu.o(i.mpu_get_gyro_fsr)
    i.mpu_get_gyro_sens                      0x080056dc   Section        0  inv_mpu.o(i.mpu_get_gyro_sens)
    i.mpu_get_lpf                            0x0800573c   Section        0  inv_mpu.o(i.mpu_get_lpf)
    i.mpu_get_sample_rate                    0x0800578c   Section        0  inv_mpu.o(i.mpu_get_sample_rate)
    i.mpu_init                               0x080057ac   Section        0  inv_mpu.o(i.mpu_init)
    i.mpu_load_firmware                      0x0800599c   Section        0  inv_mpu.o(i.mpu_load_firmware)
    i.mpu_lp_accel_mode                      0x08005a54   Section        0  inv_mpu.o(i.mpu_lp_accel_mode)
    i.mpu_read_fifo_stream                   0x08005b34   Section        0  inv_mpu.o(i.mpu_read_fifo_stream)
    i.mpu_read_mem                           0x08005bf4   Section        0  inv_mpu.o(i.mpu_read_mem)
    i.mpu_reset_fifo                         0x08005c74   Section        0  inv_mpu.o(i.mpu_reset_fifo)
    i.mpu_run_self_test                      0x08005e3c   Section        0  inv_mpu.o(i.mpu_run_self_test)
    i.mpu_set_accel_fsr                      0x08005f58   Section        0  inv_mpu.o(i.mpu_set_accel_fsr)
    i.mpu_set_bypass                         0x08005fdc   Section        0  inv_mpu.o(i.mpu_set_bypass)
    i.mpu_set_dmp_state                      0x08006128   Section        0  inv_mpu.o(i.mpu_set_dmp_state)
    i.mpu_set_gyro_fsr                       0x080061b8   Section        0  inv_mpu.o(i.mpu_set_gyro_fsr)
    i.mpu_set_int_latched                    0x08006240   Section        0  inv_mpu.o(i.mpu_set_int_latched)
    i.mpu_set_lpf                            0x080062ac   Section        0  inv_mpu.o(i.mpu_set_lpf)
    i.mpu_set_sample_rate                    0x08006330   Section        0  inv_mpu.o(i.mpu_set_sample_rate)
    i.mpu_set_sensors                        0x080063cc   Section        0  inv_mpu.o(i.mpu_set_sensors)
    i.mpu_write_mem                          0x0800649c   Section        0  inv_mpu.o(i.mpu_write_mem)
    i.prvResetNextTaskUnblockTime            0x0800651c   Section        0  tasks.o(i.prvResetNextTaskUnblockTime)
    prvResetNextTaskUnblockTime              0x0800651d   Thumb Code    42  tasks.o(i.prvResetNextTaskUnblockTime)
    i.run_self_test                          0x08006550   Section        0  mpu6050.o(i.run_self_test)
    run_self_test                            0x08006551   Thumb Code   150  mpu6050.o(i.run_self_test)
    i.set_int_enable                         0x080065e8   Section        0  inv_mpu.o(i.set_int_enable)
    set_int_enable                           0x080065e9   Thumb Code   138  inv_mpu.o(i.set_int_enable)
    i.sqrt                                   0x08006678   Section        0  sqrt.o(i.sqrt)
    i.uxListRemove                           0x080066e6   Section        0  list.o(i.uxListRemove)
    i.vListInsertEnd                         0x0800670e   Section        0  list.o(i.vListInsertEnd)
    i.vTaskSwitchContext                     0x08006728   Section        0  tasks.o(i.vTaskSwitchContext)
    i.xTaskIncrementTick                     0x080067b4   Section        0  tasks.o(i.xTaskIncrementTick)
    .constdata                               0x080068fc   Section        7  rtc.o(.constdata)
    .constdata                               0x08006904   Section       80  inv_mpu.o(.constdata)
    .constdata                               0x08006954   Section     3062  inv_mpu_dmp_motion_driver.o(.constdata)
    dmp_memory                               0x08006954   Data        3062  inv_mpu_dmp_motion_driver.o(.constdata)
    .constdata                               0x08007550   Section       80  asin.o(.constdata)
    pS                                       0x08007550   Data          48  asin.o(.constdata)
    qS                                       0x08007580   Data          32  asin.o(.constdata)
    .constdata                               0x080075a0   Section      152  atan.o(.constdata)
    atanhi                                   0x080075a0   Data          32  atan.o(.constdata)
    atanlo                                   0x080075c0   Data          32  atan.o(.constdata)
    aTodd                                    0x080075e0   Data          40  atan.o(.constdata)
    aTeven                                   0x08007608   Data          48  atan.o(.constdata)
    .constdata                               0x08007638   Section        8  qnan.o(.constdata)
    .conststring                             0x08007640   Section       77  inv_mpu.o(.conststring)
    .data                                    0x20000000   Section        2  main.o(.data)
    P                                        0x20000000   Data           2  main.o(.data)
    .data                                    0x20000002   Section       16  stm32f4xx_rcc.o(.data)
    APBAHBPrescTable                         0x20000002   Data          16  stm32f4xx_rcc.o(.data)
    .data                                    0x20000014   Section        4  spi.o(.data)
    i                                        0x20000014   Data           4  spi.o(.data)
    .data                                    0x20000018   Section     1538  oled.o(.data)
    x                                        0x20000618   Data           1  oled.o(.data)
    y                                        0x20000619   Data           1  oled.o(.data)
    .data                                    0x2000061a   Section        7  rtc.o(.data)
    .data                                    0x20000621   Section        6  exti.o(.data)
    .data                                    0x20000628   Section        4  code_run_time.o(.data)
    Times_1ms                                0x2000062a   Data           2  code_run_time.o(.data)
    .data                                    0x2000062c   Section       16  sdio_sdcard.o(.data)
    CardType                                 0x2000062c   Data           1  sdio_sdcard.o(.data)
    RCA                                      0x20000630   Data           4  sdio_sdcard.o(.data)
    DeviceMode                               0x20000634   Data           1  sdio_sdcard.o(.data)
    StopCondition                            0x20000635   Data           1  sdio_sdcard.o(.data)
    .data                                    0x2000063c   Section        9  mpu6050.o(.data)
    gyro_orientation                         0x2000063c   Data           9  mpu6050.o(.data)
    .data                                    0x20000645   Section        1  test.o(.data)
    i                                        0x20000645   Data           1  test.o(.data)
    .data                                    0x20000646   Section        1  timer.o(.data)
    Time_Cnt                                 0x20000646   Data           1  timer.o(.data)
    .data                                    0x20000648   Section       60  tasks.o(.data)
    pxDelayedTaskList                        0x2000064c   Data           4  tasks.o(.data)
    pxOverflowDelayedTaskList                0x20000650   Data           4  tasks.o(.data)
    uxDeletedTasksWaitingCleanUp             0x20000654   Data           4  tasks.o(.data)
    uxCurrentNumberOfTasks                   0x20000658   Data           4  tasks.o(.data)
    xTickCount                               0x2000065c   Data           4  tasks.o(.data)
    uxTopReadyPriority                       0x20000660   Data           4  tasks.o(.data)
    xSchedulerRunning                        0x20000664   Data           4  tasks.o(.data)
    uxPendedTicks                            0x20000668   Data           4  tasks.o(.data)
    xYieldPending                            0x2000066c   Data           4  tasks.o(.data)
    xNumOfOverflows                          0x20000670   Data           4  tasks.o(.data)
    uxTaskNumber                             0x20000674   Data           4  tasks.o(.data)
    xNextTaskUnblockTime                     0x20000678   Data           4  tasks.o(.data)
    xIdleTaskHandle                          0x2000067c   Data           4  tasks.o(.data)
    uxSchedulerSuspended                     0x20000680   Data           4  tasks.o(.data)
    .data                                    0x20000684   Section       44  inv_mpu.o(.data)
    st                                       0x20000684   Data          44  inv_mpu.o(.data)
    .data                                    0x200006b0   Section        4  stdout.o(.data)
    .data                                    0x200006b4   Section        4  errno.o(.data)
    _errno                                   0x200006b4   Data           4  errno.o(.data)
    .bss                                     0x200006b8   Section     1024  oled.o(.bss)
    .bss                                     0x20000ab8   Section      692  sdio_sdcard.o(.bss)
    CSD_Tab                                  0x20000afc   Data          16  sdio_sdcard.o(.bss)
    CID_Tab                                  0x20000b0c   Data          16  sdio_sdcard.o(.bss)
    .bss                                     0x20000d6c   Section       14  mpu6050.o(.bss)
    hal                                      0x20000d6c   Data          14  mpu6050.o(.bss)
    .bss                                     0x20000d7a   Section       21  systemstate.o(.bss)
    .bss                                     0x20000d90   Section      400  tasks.o(.bss)
    pxReadyTasksLists                        0x20000d90   Data         300  tasks.o(.bss)
    xDelayedTaskList1                        0x20000ebc   Data          20  tasks.o(.bss)
    xDelayedTaskList2                        0x20000ed0   Data          20  tasks.o(.bss)
    xPendingReadyList                        0x20000ee4   Data          20  tasks.o(.bss)
    xTasksWaitingTermination                 0x20000ef8   Data          20  tasks.o(.bss)
    xSuspendedTaskList                       0x20000f0c   Data          20  tasks.o(.bss)
    .bss                                     0x20000f20   Section       16  inv_mpu_dmp_motion_driver.o(.bss)
    dmp                                      0x20000f20   Data          16  inv_mpu_dmp_motion_driver.o(.bss)
    STACK                                    0x20000f30   Section     8192  startup_stm32f40_41xxx.o(STACK)

    Global Symbols

    Symbol Name                              Value     Ov Type        Size  Object(Section)

    BuildAttributes$$THM_ISAv4$E$P$D$K$B$S$7EM$VFPi3$EXTD16$VFPS$VFMA$PE$A:L22UL41UL21$X:L11$S22US41US21$IEEE1$IW$USESV6$~STKCKD$USESV7$~SHL$OTIME$ROPI$IEEEX$EBA8$MICROLIB$REQ8$PRES8$EABIv2 0x00000000   Number         0  anon$$obj.o ABSOLUTE
    __ARM_use_no_argv                        0x00000000   Number         0  main.o ABSOLUTE
    _printf_a                                0x00000000   Number         0  stubs.o ABSOLUTE
    _printf_c                                0x00000000   Number         0  stubs.o ABSOLUTE
    _printf_charcount                        0x00000000   Number         0  stubs.o ABSOLUTE
    _printf_d                                0x00000000   Number         0  stubs.o ABSOLUTE
    _printf_e                                0x00000000   Number         0  stubs.o ABSOLUTE
    _printf_f                                0x00000000   Number         0  stubs.o ABSOLUTE
    _printf_flags                            0x00000000   Number         0  stubs.o ABSOLUTE
    _printf_fp_dec                           0x00000000   Number         0  stubs.o ABSOLUTE
    _printf_fp_hex                           0x00000000   Number         0  stubs.o ABSOLUTE
    _printf_g                                0x00000000   Number         0  stubs.o ABSOLUTE
    _printf_i                                0x00000000   Number         0  stubs.o ABSOLUTE
    _printf_int_dec                          0x00000000   Number         0  stubs.o ABSOLUTE
    _printf_l                                0x00000000   Number         0  stubs.o ABSOLUTE
    _printf_lc                               0x00000000   Number         0  stubs.o ABSOLUTE
    _printf_ll                               0x00000000   Number         0  stubs.o ABSOLUTE
    _printf_lld                              0x00000000   Number         0  stubs.o ABSOLUTE
    _printf_lli                              0x00000000   Number         0  stubs.o ABSOLUTE
    _printf_llo                              0x00000000   Number         0  stubs.o ABSOLUTE
    _printf_llu                              0x00000000   Number         0  stubs.o ABSOLUTE
    _printf_llx                              0x00000000   Number         0  stubs.o ABSOLUTE
    _printf_longlong_dec                     0x00000000   Number         0  stubs.o ABSOLUTE
    _printf_longlong_hex                     0x00000000   Number         0  stubs.o ABSOLUTE
    _printf_longlong_oct                     0x00000000   Number         0  stubs.o ABSOLUTE
    _printf_ls                               0x00000000   Number         0  stubs.o ABSOLUTE
    _printf_mbtowc                           0x00000000   Number         0  stubs.o ABSOLUTE
    _printf_n                                0x00000000   Number         0  stubs.o ABSOLUTE
    _printf_o                                0x00000000   Number         0  stubs.o ABSOLUTE
    _printf_p                                0x00000000   Number         0  stubs.o ABSOLUTE
    _printf_percent                          0x00000000   Number         0  stubs.o ABSOLUTE
    _printf_pre_padding                      0x00000000   Number         0  stubs.o ABSOLUTE
    _printf_return_value                     0x00000000   Number         0  stubs.o ABSOLUTE
    _printf_s                                0x00000000   Number         0  stubs.o ABSOLUTE
    _printf_sizespec                         0x00000000   Number         0  stubs.o ABSOLUTE
    _printf_str                              0x00000000   Number         0  stubs.o ABSOLUTE
    _printf_truncate_signed                  0x00000000   Number         0  stubs.o ABSOLUTE
    _printf_truncate_unsigned                0x00000000   Number         0  stubs.o ABSOLUTE
    _printf_u                                0x00000000   Number         0  stubs.o ABSOLUTE
    _printf_wc                               0x00000000   Number         0  stubs.o ABSOLUTE
    _printf_wctomb                           0x00000000   Number         0  stubs.o ABSOLUTE
    _printf_widthprec                        0x00000000   Number         0  stubs.o ABSOLUTE
    _printf_x                                0x00000000   Number         0  stubs.o ABSOLUTE
    __arm_fini_                               - Undefined Weak Reference
    __cpp_initialize__aeabi_                  - Undefined Weak Reference
    __cxa_finalize                            - Undefined Weak Reference
    _clock_init                               - Undefined Weak Reference
    _microlib_exit                            - Undefined Weak Reference
    __Vectors_Size                           0x00000188   Number         0  startup_stm32f40_41xxx.o ABSOLUTE
    __Vectors                                0x08000000   Data           4  startup_stm32f40_41xxx.o(RESET)
    __Vectors_End                            0x08000188   Data           0  startup_stm32f40_41xxx.o(RESET)
    __main                                   0x08000189   Thumb Code     0  entry.o(.ARM.Collect$$$$00000000)
    _main_stk                                0x08000189   Thumb Code     0  entry2.o(.ARM.Collect$$$$00000001)
    _main_scatterload                        0x0800018d   Thumb Code     0  entry5.o(.ARM.Collect$$$$00000004)
    __main_after_scatterload                 0x08000191   Thumb Code     0  entry5.o(.ARM.Collect$$$$00000004)
    _main_clock                              0x08000191   Thumb Code     0  entry7b.o(.ARM.Collect$$$$00000008)
    _main_cpp_init                           0x08000191   Thumb Code     0  entry8b.o(.ARM.Collect$$$$0000000A)
    _main_init                               0x08000191   Thumb Code     0  entry9a.o(.ARM.Collect$$$$0000000B)
    __rt_lib_shutdown_fini                   0x08000199   Thumb Code     0  entry12b.o(.ARM.Collect$$$$0000000E)
    __rt_final_cpp                           0x0800019d   Thumb Code     0  entry10a.o(.ARM.Collect$$$$0000000F)
    __rt_final_exit                          0x0800019d   Thumb Code     0  entry11a.o(.ARM.Collect$$$$00000011)
    SVC_Handler                              0x080001a1   Thumb Code    28  port.o(.emb_text)
    __asm___6_port_c_39a90d8d__prvStartFirstTask 0x080001c1   Thumb Code    36  port.o(.emb_text)
    __asm___6_port_c_39a90d8d__prvEnableVFP  0x080001e9   Thumb Code    16  port.o(.emb_text)
    PendSV_Handler                           0x080001fd   Thumb Code    88  port.o(.emb_text)
    vPortGetIPSR                             0x08000259   Thumb Code     6  port.o(.emb_text)
    Reset_Handler                            0x08000261   Thumb Code     8  startup_stm32f40_41xxx.o(.text)
    ADC_IRQHandler                           0x0800027b   Thumb Code     0  startup_stm32f40_41xxx.o(.text)
    CAN1_RX0_IRQHandler                      0x0800027b   Thumb Code     0  startup_stm32f40_41xxx.o(.text)
    CAN1_RX1_IRQHandler                      0x0800027b   Thumb Code     0  startup_stm32f40_41xxx.o(.text)
    CAN1_SCE_IRQHandler                      0x0800027b   Thumb Code     0  startup_stm32f40_41xxx.o(.text)
    CAN1_TX_IRQHandler                       0x0800027b   Thumb Code     0  startup_stm32f40_41xxx.o(.text)
    CAN2_RX0_IRQHandler                      0x0800027b   Thumb Code     0  startup_stm32f40_41xxx.o(.text)
    CAN2_RX1_IRQHandler                      0x0800027b   Thumb Code     0  startup_stm32f40_41xxx.o(.text)
    CAN2_SCE_IRQHandler                      0x0800027b   Thumb Code     0  startup_stm32f40_41xxx.o(.text)
    CAN2_TX_IRQHandler                       0x0800027b   Thumb Code     0  startup_stm32f40_41xxx.o(.text)
    CRYP_IRQHandler                          0x0800027b   Thumb Code     0  startup_stm32f40_41xxx.o(.text)
    DCMI_IRQHandler                          0x0800027b   Thumb Code     0  startup_stm32f40_41xxx.o(.text)
    DMA1_Stream0_IRQHandler                  0x0800027b   Thumb Code     0  startup_stm32f40_41xxx.o(.text)
    DMA1_Stream1_IRQHandler                  0x0800027b   Thumb Code     0  startup_stm32f40_41xxx.o(.text)
    DMA1_Stream2_IRQHandler                  0x0800027b   Thumb Code     0  startup_stm32f40_41xxx.o(.text)
    DMA1_Stream3_IRQHandler                  0x0800027b   Thumb Code     0  startup_stm32f40_41xxx.o(.text)
    DMA1_Stream5_IRQHandler                  0x0800027b   Thumb Code     0  startup_stm32f40_41xxx.o(.text)
    DMA1_Stream6_IRQHandler                  0x0800027b   Thumb Code     0  startup_stm32f40_41xxx.o(.text)
    DMA1_Stream7_IRQHandler                  0x0800027b   Thumb Code     0  startup_stm32f40_41xxx.o(.text)
    DMA2_Stream0_IRQHandler                  0x0800027b   Thumb Code     0  startup_stm32f40_41xxx.o(.text)
    DMA2_Stream1_IRQHandler                  0x0800027b   Thumb Code     0  startup_stm32f40_41xxx.o(.text)
    DMA2_Stream2_IRQHandler                  0x0800027b   Thumb Code     0  startup_stm32f40_41xxx.o(.text)
    DMA2_Stream3_IRQHandler                  0x0800027b   Thumb Code     0  startup_stm32f40_41xxx.o(.text)
    DMA2_Stream4_IRQHandler                  0x0800027b   Thumb Code     0  startup_stm32f40_41xxx.o(.text)
    DMA2_Stream7_IRQHandler                  0x0800027b   Thumb Code     0  startup_stm32f40_41xxx.o(.text)
    ETH_IRQHandler                           0x0800027b   Thumb Code     0  startup_stm32f40_41xxx.o(.text)
    ETH_WKUP_IRQHandler                      0x0800027b   Thumb Code     0  startup_stm32f40_41xxx.o(.text)
    EXTI15_10_IRQHandler                     0x0800027b   Thumb Code     0  startup_stm32f40_41xxx.o(.text)
    EXTI1_IRQHandler                         0x0800027b   Thumb Code     0  startup_stm32f40_41xxx.o(.text)
    EXTI4_IRQHandler                         0x0800027b   Thumb Code     0  startup_stm32f40_41xxx.o(.text)
    EXTI9_5_IRQHandler                       0x0800027b   Thumb Code     0  startup_stm32f40_41xxx.o(.text)
    FLASH_IRQHandler                         0x0800027b   Thumb Code     0  startup_stm32f40_41xxx.o(.text)
    FPU_IRQHandler                           0x0800027b   Thumb Code     0  startup_stm32f40_41xxx.o(.text)
    FSMC_IRQHandler                          0x0800027b   Thumb Code     0  startup_stm32f40_41xxx.o(.text)
    HASH_RNG_IRQHandler                      0x0800027b   Thumb Code     0  startup_stm32f40_41xxx.o(.text)
    I2C1_ER_IRQHandler                       0x0800027b   Thumb Code     0  startup_stm32f40_41xxx.o(.text)
    I2C1_EV_IRQHandler                       0x0800027b   Thumb Code     0  startup_stm32f40_41xxx.o(.text)
    I2C2_ER_IRQHandler                       0x0800027b   Thumb Code     0  startup_stm32f40_41xxx.o(.text)
    I2C2_EV_IRQHandler                       0x0800027b   Thumb Code     0  startup_stm32f40_41xxx.o(.text)
    I2C3_ER_IRQHandler                       0x0800027b   Thumb Code     0  startup_stm32f40_41xxx.o(.text)
    I2C3_EV_IRQHandler                       0x0800027b   Thumb Code     0  startup_stm32f40_41xxx.o(.text)
    OTG_FS_IRQHandler                        0x0800027b   Thumb Code     0  startup_stm32f40_41xxx.o(.text)
    OTG_FS_WKUP_IRQHandler                   0x0800027b   Thumb Code     0  startup_stm32f40_41xxx.o(.text)
    OTG_HS_EP1_IN_IRQHandler                 0x0800027b   Thumb Code     0  startup_stm32f40_41xxx.o(.text)
    OTG_HS_EP1_OUT_IRQHandler                0x0800027b   Thumb Code     0  startup_stm32f40_41xxx.o(.text)
    OTG_HS_IRQHandler                        0x0800027b   Thumb Code     0  startup_stm32f40_41xxx.o(.text)
    OTG_HS_WKUP_IRQHandler                   0x0800027b   Thumb Code     0  startup_stm32f40_41xxx.o(.text)
    PVD_IRQHandler                           0x0800027b   Thumb Code     0  startup_stm32f40_41xxx.o(.text)
    RCC_IRQHandler                           0x0800027b   Thumb Code     0  startup_stm32f40_41xxx.o(.text)
    RTC_Alarm_IRQHandler                     0x0800027b   Thumb Code     0  startup_stm32f40_41xxx.o(.text)
    RTC_WKUP_IRQHandler                      0x0800027b   Thumb Code     0  startup_stm32f40_41xxx.o(.text)
    SPI1_IRQHandler                          0x0800027b   Thumb Code     0  startup_stm32f40_41xxx.o(.text)
    SPI3_IRQHandler                          0x0800027b   Thumb Code     0  startup_stm32f40_41xxx.o(.text)
    TAMP_STAMP_IRQHandler                    0x0800027b   Thumb Code     0  startup_stm32f40_41xxx.o(.text)
    TIM1_CC_IRQHandler                       0x0800027b   Thumb Code     0  startup_stm32f40_41xxx.o(.text)
    TIM1_TRG_COM_TIM11_IRQHandler            0x0800027b   Thumb Code     0  startup_stm32f40_41xxx.o(.text)
    TIM1_UP_TIM10_IRQHandler                 0x0800027b   Thumb Code     0  startup_stm32f40_41xxx.o(.text)
    TIM2_IRQHandler                          0x0800027b   Thumb Code     0  startup_stm32f40_41xxx.o(.text)
    TIM3_IRQHandler                          0x0800027b   Thumb Code     0  startup_stm32f40_41xxx.o(.text)
    TIM4_IRQHandler                          0x0800027b   Thumb Code     0  startup_stm32f40_41xxx.o(.text)
    TIM5_IRQHandler                          0x0800027b   Thumb Code     0  startup_stm32f40_41xxx.o(.text)
    TIM7_IRQHandler                          0x0800027b   Thumb Code     0  startup_stm32f40_41xxx.o(.text)
    TIM8_BRK_TIM12_IRQHandler                0x0800027b   Thumb Code     0  startup_stm32f40_41xxx.o(.text)
    TIM8_CC_IRQHandler                       0x0800027b   Thumb Code     0  startup_stm32f40_41xxx.o(.text)
    TIM8_TRG_COM_TIM14_IRQHandler            0x0800027b   Thumb Code     0  startup_stm32f40_41xxx.o(.text)
    TIM8_UP_TIM13_IRQHandler                 0x0800027b   Thumb Code     0  startup_stm32f40_41xxx.o(.text)
    UART4_IRQHandler                         0x0800027b   Thumb Code     0  startup_stm32f40_41xxx.o(.text)
    UART5_IRQHandler                         0x0800027b   Thumb Code     0  startup_stm32f40_41xxx.o(.text)
    USART3_IRQHandler                        0x0800027b   Thumb Code     0  startup_stm32f40_41xxx.o(.text)
    USART6_IRQHandler                        0x0800027b   Thumb Code     0  startup_stm32f40_41xxx.o(.text)
    WWDG_IRQHandler                          0x0800027b   Thumb Code     0  startup_stm32f40_41xxx.o(.text)
    __aeabi_ldivmod                          0x08000285   Thumb Code    98  ldiv.o(.text)
    __aeabi_memset                           0x080002e7   Thumb Code    14  memseta.o(.text)
    __aeabi_memset4                          0x080002e7   Thumb Code     0  memseta.o(.text)
    __aeabi_memset8                          0x080002e7   Thumb Code     0  memseta.o(.text)
    __aeabi_memclr                           0x080002f5   Thumb Code     4  memseta.o(.text)
    __aeabi_memclr4                          0x080002f5   Thumb Code     0  memseta.o(.text)
    __aeabi_memclr8                          0x080002f5   Thumb Code     0  memseta.o(.text)
    memset                                   0x080002f9   Thumb Code    18  memseta.o(.text)
    memcmp                                   0x0800030b   Thumb Code    26  memcmp.o(.text)
    __aeabi_dadd                             0x08000325   Thumb Code   322  dadd.o(.text)
    __aeabi_dsub                             0x08000467   Thumb Code     6  dadd.o(.text)
    __aeabi_drsub                            0x0800046d   Thumb Code     6  dadd.o(.text)
    __aeabi_dmul                             0x08000473   Thumb Code   228  dmul.o(.text)
    __aeabi_ddiv                             0x08000557   Thumb Code   222  ddiv.o(.text)
    __aeabi_f2d                              0x08000635   Thumb Code    38  f2d.o(.text)
    __aeabi_d2f                              0x0800065b   Thumb Code    56  d2f.o(.text)
    __aeabi_uidiv                            0x08000693   Thumb Code     0  uidiv.o(.text)
    __aeabi_uidivmod                         0x08000693   Thumb Code    44  uidiv.o(.text)
    __aeabi_uldivmod                         0x080006bf   Thumb Code    98  uldiv.o(.text)
    __aeabi_llsl                             0x08000721   Thumb Code    30  llshl.o(.text)
    _ll_shift_l                              0x08000721   Thumb Code     0  llshl.o(.text)
    __aeabi_llsr                             0x0800073f   Thumb Code    32  llushr.o(.text)
    _ll_ushift_r                             0x0800073f   Thumb Code     0  llushr.o(.text)
    __aeabi_lasr                             0x0800075f   Thumb Code    36  llsshr.o(.text)
    _ll_sshift_r                             0x0800075f   Thumb Code     0  llsshr.o(.text)
    __I$use$fp                               0x08000783   Thumb Code     0  iusefp.o(.text)
    _float_round                             0x08000783   Thumb Code    18  fepilogue.o(.text)
    _float_epilogue                          0x08000795   Thumb Code    92  fepilogue.o(.text)
    _double_round                            0x080007f1   Thumb Code    30  depilogue.o(.text)
    _double_epilogue                         0x0800080f   Thumb Code   156  depilogue.o(.text)
    _dsqrt                                   0x080008ab   Thumb Code   162  dsqrt.o(.text)
    __aeabi_d2ulz                            0x0800094d   Thumb Code    48  dfixul.o(.text)
    __aeabi_cdcmpeq                          0x0800097d   Thumb Code     0  cdcmple.o(.text)
    __aeabi_cdcmple                          0x0800097d   Thumb Code    48  cdcmple.o(.text)
    __aeabi_cdrcmple                         0x080009ad   Thumb Code    48  cdrcmple.o(.text)
    __scatterload                            0x080009dd   Thumb Code    28  init.o(.text)
    __scatterload_rt2                        0x080009dd   Thumb Code     0  init.o(.text)
    __decompress                             0x08000a01   Thumb Code     0  __dczerorl2.o(.text)
    __decompress1                            0x08000a01   Thumb Code    86  __dczerorl2.o(.text)
    BusFault_Handler                         0x08000a57   Thumb Code     4  stm32f4xx_it.o(i.BusFault_Handler)
    CmdResp1Error                            0x08000a5d   Thumb Code    94  sdio_sdcard.o(i.CmdResp1Error)
    DMA1_Start                               0x08000ac1   Thumb Code    36  dma.o(i.DMA1_Start)
    DMA1_Stream4_IRQHandler                  0x08000aed   Thumb Code    26  dma.o(i.DMA1_Stream4_IRQHandler)
    DMA2_Start                               0x08000b11   Thumb Code    36  dma.o(i.DMA2_Start)
    DMA2_Stream5_IRQHandler                  0x08000b3d   Thumb Code    26  dma.o(i.DMA2_Stream5_IRQHandler)
    DMA2_Stream6_IRQHandler                  0x08000b61   Thumb Code    22  dma.o(i.DMA2_Stream6_IRQHandler)
    DMA_ClearFlag                            0x08000b81   Thumb Code    38  stm32f4xx_dma.o(i.DMA_ClearFlag)
    DMA_ClearITPendingBit                    0x08000bb5   Thumb Code    38  stm32f4xx_dma.o(i.DMA_ClearITPendingBit)
    DMA_Cmd                                  0x08000be9   Thumb Code    22  stm32f4xx_dma.o(i.DMA_Cmd)
    DMA_GetITStatus                          0x08000c01   Thumb Code    82  stm32f4xx_dma.o(i.DMA_GetITStatus)
    DMA_SetCurrDataCounter                   0x08000c65   Thumb Code     4  stm32f4xx_dma.o(i.DMA_SetCurrDataCounter)
    DebugMon_Handler                         0x08000c69   Thumb Code     2  stm32f4xx_it.o(i.DebugMon_Handler)
    Delay_Init                               0x08000c6d   Thumb Code    50  timer.o(i.Delay_Init)
    EXTI0_IRQHandler                         0x08000ca5   Thumb Code    56  exti.o(i.EXTI0_IRQHandler)
    EXTI2_IRQHandler                         0x08000ce5   Thumb Code   154  exti.o(i.EXTI2_IRQHandler)
    EXTI3_IRQHandler                         0x08000d99   Thumb Code   164  exti.o(i.EXTI3_IRQHandler)
    EXTI_ClearFlag                           0x08000e59   Thumb Code     6  stm32f4xx_exti.o(i.EXTI_ClearFlag)
    EXTI_GetFlagStatus                       0x08000e65   Thumb Code    20  stm32f4xx_exti.o(i.EXTI_GetFlagStatus)
    GPIO_Init                                0x08000e7d   Thumb Code   144  stm32f4xx_gpio.o(i.GPIO_Init)
    GPIO_PinAFConfig                         0x08000f0d   Thumb Code    70  stm32f4xx_gpio.o(i.GPIO_PinAFConfig)
    GPIO_ReadInputDataBit                    0x08000f53   Thumb Code    18  stm32f4xx_gpio.o(i.GPIO_ReadInputDataBit)
    GPIO_ResetBits                           0x08000f65   Thumb Code     4  stm32f4xx_gpio.o(i.GPIO_ResetBits)
    GPIO_SetBits                             0x08000f69   Thumb Code     4  stm32f4xx_gpio.o(i.GPIO_SetBits)
    HardFault_Handler                        0x08000f6d   Thumb Code     4  stm32f4xx_it.o(i.HardFault_Handler)
    IIC_GetByte                              0x08000f71   Thumb Code   102  i2c.o(i.IIC_GetByte)
    IIC_Send_Ack                             0x08000fdd   Thumb Code    64  i2c.o(i.IIC_Send_Ack)
    IIC_Send_NAck                            0x08001021   Thumb Code    64  i2c.o(i.IIC_Send_NAck)
    IIC_SenddByte                            0x08001065   Thumb Code   108  i2c.o(i.IIC_SenddByte)
    IIC_Wait_Ack_OK                          0x080010d5   Thumb Code    90  i2c.o(i.IIC_Wait_Ack_OK)
    MPU6050_DMP_Init                         0x08001135   Thumb Code   134  mpu6050.o(i.MPU6050_DMP_Init)
    MPU6050_Get_DMP_Data                     0x080011c5   Thumb Code   528  mpu6050.o(i.MPU6050_Get_DMP_Data)
    MPU6050_Init                             0x080013e5   Thumb Code    56  mpu6050.o(i.MPU6050_Init)
    MPU6050_Read_DMP                         0x0800141d   Thumb Code   106  mpu6050.o(i.MPU6050_Read_DMP)
    MPU6050_Test                             0x08001489   Thumb Code    74  test.o(i.MPU6050_Test)
    MPU6050_Write_DMP                        0x080014e9   Thumb Code    96  mpu6050.o(i.MPU6050_Write_DMP)
    MPU6050_Write_Data                       0x08001549   Thumb Code    52  mpu6050.o(i.MPU6050_Write_Data)
    MemManage_Handler                        0x0800157d   Thumb Code     4  stm32f4xx_it.o(i.MemManage_Handler)
    NMI_Handler                              0x08001581   Thumb Code     2  stm32f4xx_it.o(i.NMI_Handler)
    NVIC_Init                                0x08001585   Thumb Code   106  misc.o(i.NVIC_Init)
    NVIC_PriorityGroupConfig                 0x080015fd   Thumb Code    10  misc.o(i.NVIC_PriorityGroupConfig)
    OLED_ClearScreen                         0x08001611   Thumb Code    22  oled.o(i.OLED_ClearScreen)
    OLED_Init                                0x0800162d   Thumb Code   214  oled.o(i.OLED_Init)
    OLED_SPI_Init                            0x08001709   Thumb Code   192  oled.o(i.OLED_SPI_Init)
    OLED_SendData                            0x080017d1   Thumb Code    46  oled.o(i.OLED_SendData)
    OLED_SetMode                             0x08001809   Thumb Code    46  oled.o(i.OLED_SetMode)
    OLED_ShowChar                            0x08001841   Thumb Code    56  oled.o(i.OLED_ShowChar)
    OLED_ShowStrings                         0x0800187d   Thumb Code   144  oled.o(i.OLED_ShowStrings)
    OLED_Test                                0x08001911   Thumb Code    54  test.o(i.OLED_Test)
    OLED_UpdateGRAM                          0x0800194d   Thumb Code    88  oled.o(i.OLED_UpdateGRAM)
    PWM_Init                                 0x080019a9   Thumb Code   150  pwm.o(i.PWM_Init)
    PWM_SetPluseWdie                         0x08001a49   Thumb Code     6  pwm.o(i.PWM_SetPluseWdie)
    PWR_BackupAccessCmd                      0x08001a51   Thumb Code     6  stm32f4xx_pwr.o(i.PWR_BackupAccessCmd)
    Programe_End_Us                          0x08001ab5   Thumb Code    20  code_run_time.o(i.Programe_End_Us)
    Programe_Start                           0x08001add   Thumb Code    90  code_run_time.o(i.Programe_Start)
    RCC_AHB1PeriphClockCmd                   0x08001b3d   Thumb Code    26  stm32f4xx_rcc.o(i.RCC_AHB1PeriphClockCmd)
    RCC_APB1PeriphClockCmd                   0x08001b5d   Thumb Code    26  stm32f4xx_rcc.o(i.RCC_APB1PeriphClockCmd)
    RCC_APB2PeriphClockCmd                   0x08001b7d   Thumb Code    26  stm32f4xx_rcc.o(i.RCC_APB2PeriphClockCmd)
    RCC_GetClocksFreq                        0x08001b9d   Thumb Code   214  stm32f4xx_rcc.o(i.RCC_GetClocksFreq)
    RCC_GetFlagStatus                        0x08001c85   Thumb Code    60  stm32f4xx_rcc.o(i.RCC_GetFlagStatus)
    RCC_LSEConfig                            0x08001cc5   Thumb Code    40  stm32f4xx_rcc.o(i.RCC_LSEConfig)
    RCC_RTCCLKCmd                            0x08001cf1   Thumb Code     6  stm32f4xx_rcc.o(i.RCC_RTCCLKCmd)
    RCC_RTCCLKConfig                         0x08001cfd   Thumb Code    50  stm32f4xx_rcc.o(i.RCC_RTCCLKConfig)
    RTC_ConfigInit                           0x08001d6d   Thumb Code   144  rtc.o(i.RTC_ConfigInit)
    RTC_EnterInitMode                        0x08001e01   Thumb Code    76  stm32f4xx_rtc.o(i.RTC_EnterInitMode)
    RTC_ExitInitMode                         0x08001e51   Thumb Code    14  stm32f4xx_rtc.o(i.RTC_ExitInitMode)
    RTC_GetDate                              0x08001e65   Thumb Code    68  stm32f4xx_rtc.o(i.RTC_GetDate)
    RTC_GetTime                              0x08001eb1   Thumb Code    72  stm32f4xx_rtc.o(i.RTC_GetTime)
    RTC_Get_Date                             0x08001f01   Thumb Code    38  rtc.o(i.RTC_Get_Date)
    RTC_Get_Time                             0x08001f27   Thumb Code    32  rtc.o(i.RTC_Get_Time)
    RTC_Init                                 0x08001f49   Thumb Code    94  stm32f4xx_rtc.o(i.RTC_Init)
    RTC_ReadBackupRegister                   0x08001fad   Thumb Code    26  stm32f4xx_rtc.o(i.RTC_ReadBackupRegister)
    RTC_SetDate                              0x08001fcd   Thumb Code   190  stm32f4xx_rtc.o(i.RTC_SetDate)
    RTC_SetTime                              0x08002095   Thumb Code   198  stm32f4xx_rtc.o(i.RTC_SetTime)
    RTC_Set_Date                             0x08002165   Thumb Code    36  rtc.o(i.RTC_Set_Date)
    RTC_Set_Time                             0x08002189   Thumb Code    36  rtc.o(i.RTC_Set_Time)
    RTC_Test                                 0x080021ad   Thumb Code    62  test.o(i.RTC_Test)
    RTC_WaitForSynchro                       0x08002219   Thumb Code    92  stm32f4xx_rtc.o(i.RTC_WaitForSynchro)
    RTC_WriteBackupRegister                  0x08002279   Thumb Code    24  stm32f4xx_rtc.o(i.RTC_WriteBackupRegister)
    SDIO_ClearFlag                           0x08002295   Thumb Code     6  stm32f4xx_sdio.o(i.SDIO_ClearFlag)
    SDIO_GetFlagStatus                       0x080022a1   Thumb Code    20  stm32f4xx_sdio.o(i.SDIO_GetFlagStatus)
    SDIO_IRQHandler                          0x080022b9   Thumb Code     8  sdio_sdcard.o(i.SDIO_IRQHandler)
    SDIO_SendCommand                         0x080022c1   Thumb Code    40  stm32f4xx_sdio.o(i.SDIO_SendCommand)
    SD_ProcessIRQSrc                         0x080022ed   Thumb Code   318  sdio_sdcard.o(i.SD_ProcessIRQSrc)
    SPI2_IRQHandler                          0x08002441   Thumb Code    50  spi.o(i.SPI2_IRQHandler)
    SPI_Cmd                                  0x0800247d   Thumb Code    24  stm32f4xx_spi.o(i.SPI_Cmd)
    SPI_I2S_ClearFlag                        0x08002495   Thumb Code     6  stm32f4xx_spi.o(i.SPI_I2S_ClearFlag)
    SPI_I2S_ClearITPendingBit                0x0800249b   Thumb Code    20  stm32f4xx_spi.o(i.SPI_I2S_ClearITPendingBit)
    SPI_I2S_GetFlagStatus                    0x080024af   Thumb Code    18  stm32f4xx_spi.o(i.SPI_I2S_GetFlagStatus)
    SPI_I2S_GetITStatus                      0x080024c1   Thumb Code    52  stm32f4xx_spi.o(i.SPI_I2S_GetITStatus)
    SPI_I2S_SendData                         0x080024f5   Thumb Code     4  stm32f4xx_spi.o(i.SPI_I2S_SendData)
    SPI_Init                                 0x080024f9   Thumb Code    60  stm32f4xx_spi.o(i.SPI_Init)
    Start_IIC                                0x08002621   Thumb Code    58  i2c.o(i.Start_IIC)
    Stop_IIC                                 0x08002661   Thumb Code    64  i2c.o(i.Stop_IIC)
    SysTick_Handler                          0x080026a5   Thumb Code    46  port.o(i.SysTick_Handler)
    SystemInit                               0x080026d9   Thumb Code    88  system_stm32f4xx.o(i.SystemInit)
    System_GetState                          0x08002741   Thumb Code    30  systemstate.o(i.System_GetState)
    System_ResetState                        0x08002765   Thumb Code    12  systemstate.o(i.System_ResetState)
    System_SetState                          0x08002775   Thumb Code    12  systemstate.o(i.System_SetState)
    TIM1_BRK_TIM9_IRQHandler                 0x08002785   Thumb Code   202  timer.o(i.TIM1_BRK_TIM9_IRQHandler)
    TIM6_DAC_IRQHandler                      0x08002859   Thumb Code    72  code_run_time.o(i.TIM6_DAC_IRQHandler)
    TIM_ARRPreloadConfig                     0x080028ad   Thumb Code    24  stm32f4xx_tim.o(i.TIM_ARRPreloadConfig)
    TIM_ClearFlag                            0x080028c5   Thumb Code     6  stm32f4xx_tim.o(i.TIM_ClearFlag)
    TIM_Cmd                                  0x080028cb   Thumb Code    24  stm32f4xx_tim.o(i.TIM_Cmd)
    TIM_GetCounter                           0x080028e3   Thumb Code     6  stm32f4xx_tim.o(i.TIM_GetCounter)
    TIM_GetFlagStatus                        0x080028e9   Thumb Code    18  stm32f4xx_tim.o(i.TIM_GetFlagStatus)
    TIM_ITConfig                             0x080028fb   Thumb Code    18  stm32f4xx_tim.o(i.TIM_ITConfig)
    TIM_OC4Init                              0x0800290d   Thumb Code   112  stm32f4xx_tim.o(i.TIM_OC4Init)
    TIM_OC4PreloadConfig                     0x08002985   Thumb Code    26  stm32f4xx_tim.o(i.TIM_OC4PreloadConfig)
    TIM_TimeBaseInit                         0x080029a1   Thumb Code   104  stm32f4xx_tim.o(i.TIM_TimeBaseInit)
    TaskTimer_Init                           0x08002a25   Thumb Code    96  timer.o(i.TaskTimer_Init)
    Task_List                                0x08002a89   Thumb Code   204  main.o(i.Task_List)
    USART1_IRQHandler                        0x08002b69   Thumb Code    14  usart.o(i.USART1_IRQHandler)
    USART1_Init                              0x08002b7d   Thumb Code   168  usart.o(i.USART1_Init)
    USART2_IRQHandler                        0x08002c2d   Thumb Code    14  usart.o(i.USART2_IRQHandler)
    USART_ClearFlag                          0x08002c41   Thumb Code    18  stm32f4xx_usart.o(i.USART_ClearFlag)
    USART_ClearITPendingBit                  0x08002c53   Thumb Code    30  stm32f4xx_usart.o(i.USART_ClearITPendingBit)
    USART_Cmd                                0x08002c71   Thumb Code    24  stm32f4xx_usart.o(i.USART_Cmd)
    USART_GetFlagStatus                      0x08002c89   Thumb Code    26  stm32f4xx_usart.o(i.USART_GetFlagStatus)
    USART_ITConfig                           0x08002ca3   Thumb Code    74  stm32f4xx_usart.o(i.USART_ITConfig)
    USART_Init                               0x08002ced   Thumb Code   204  stm32f4xx_usart.o(i.USART_Init)
    USART_SendData                           0x08002dc1   Thumb Code     8  stm32f4xx_usart.o(i.USART_SendData)
    UsageFault_Handler                       0x08002dc9   Thumb Code     4  stm32f4xx_it.o(i.UsageFault_Handler)
    __0printf                                0x08002dcd   Thumb Code    22  printfa.o(i.__0printf)
    __1printf                                0x08002dcd   Thumb Code     0  printfa.o(i.__0printf)
    __2printf                                0x08002dcd   Thumb Code     0  printfa.o(i.__0printf)
    __c89printf                              0x08002dcd   Thumb Code     0  printfa.o(i.__0printf)
    printf                                   0x08002dcd   Thumb Code     0  printfa.o(i.__0printf)
    __ARM_fpclassify                         0x08002ded   Thumb Code    48  fpclassify.o(i.__ARM_fpclassify)
    __hardfp_asin                            0x08002e21   Thumb Code   770  asin.o(i.__hardfp_asin)
    __hardfp_atan                            0x08003181   Thumb Code   622  atan.o(i.__hardfp_atan)
    __hardfp_atan2                           0x08003459   Thumb Code   448  atan2.o(i.__hardfp_atan2)
    __kernel_poly                            0x08003659   Thumb Code   248  poly.o(i.__kernel_poly)
    __mathlib_dbl_infnan                     0x08003751   Thumb Code    20  dunder.o(i.__mathlib_dbl_infnan)
    __mathlib_dbl_infnan2                    0x08003765   Thumb Code    20  dunder.o(i.__mathlib_dbl_infnan2)
    __mathlib_dbl_invalid                    0x08003779   Thumb Code    24  dunder.o(i.__mathlib_dbl_invalid)
    __mathlib_dbl_underflow                  0x08003799   Thumb Code    24  dunder.o(i.__mathlib_dbl_underflow)
    __scatterload_copy                       0x080037b9   Thumb Code    14  handlers.o(i.__scatterload_copy)
    __scatterload_null                       0x080037c7   Thumb Code     2  handlers.o(i.__scatterload_null)
    __scatterload_zeroinit                   0x080037c9   Thumb Code    14  handlers.o(i.__scatterload_zeroinit)
    __set_errno                              0x080037d9   Thumb Code     6  errno.o(i.__set_errno)
    atan                                     0x08004131   Thumb Code    16  atan.o(i.atan)
    delay_ms                                 0x080041a5   Thumb Code    62  timer.o(i.delay_ms)
    delay_us                                 0x080041e9   Thumb Code    42  timer.o(i.delay_us)
    dmp_enable_6x_lp_quat                    0x08004219   Thumb Code    60  inv_mpu_dmp_motion_driver.o(i.dmp_enable_6x_lp_quat)
    dmp_enable_feature                       0x08004255   Thumb Code   530  inv_mpu_dmp_motion_driver.o(i.dmp_enable_feature)
    dmp_enable_gyro_cal                      0x08004471   Thumb Code    62  inv_mpu_dmp_motion_driver.o(i.dmp_enable_gyro_cal)
    dmp_enable_lp_quat                       0x080044c9   Thumb Code    60  inv_mpu_dmp_motion_driver.o(i.dmp_enable_lp_quat)
    dmp_load_motion_driver_firmware          0x08004505   Thumb Code    20  inv_mpu_dmp_motion_driver.o(i.dmp_load_motion_driver_firmware)
    dmp_read_fifo                            0x0800451d   Thumb Code   450  inv_mpu_dmp_motion_driver.o(i.dmp_read_fifo)
    dmp_set_accel_bias                       0x080046e5   Thumb Code   300  inv_mpu_dmp_motion_driver.o(i.dmp_set_accel_bias)
    dmp_set_fifo_rate                        0x08004815   Thumb Code    96  inv_mpu_dmp_motion_driver.o(i.dmp_set_fifo_rate)
    dmp_set_gyro_bias                        0x08004885   Thumb Code   294  inv_mpu_dmp_motion_driver.o(i.dmp_set_gyro_bias)
    dmp_set_orientation                      0x080049b5   Thumb Code   290  inv_mpu_dmp_motion_driver.o(i.dmp_set_orientation)
    dmp_set_shake_reject_thresh              0x08004aed   Thumb Code    56  inv_mpu_dmp_motion_driver.o(i.dmp_set_shake_reject_thresh)
    dmp_set_shake_reject_time                0x08004b25   Thumb Code    38  inv_mpu_dmp_motion_driver.o(i.dmp_set_shake_reject_time)
    dmp_set_shake_reject_timeout             0x08004b4b   Thumb Code    38  inv_mpu_dmp_motion_driver.o(i.dmp_set_shake_reject_timeout)
    dmp_set_tap_axes                         0x08004b71   Thumb Code    70  inv_mpu_dmp_motion_driver.o(i.dmp_set_tap_axes)
    dmp_set_tap_count                        0x08004bb7   Thumb Code    38  inv_mpu_dmp_motion_driver.o(i.dmp_set_tap_count)
    dmp_set_tap_thresh                       0x08004bdd   Thumb Code   412  inv_mpu_dmp_motion_driver.o(i.dmp_set_tap_thresh)
    dmp_set_tap_time                         0x08004d9d   Thumb Code    38  inv_mpu_dmp_motion_driver.o(i.dmp_set_tap_time)
    dmp_set_tap_time_multi                   0x08004dc3   Thumb Code    38  inv_mpu_dmp_motion_driver.o(i.dmp_set_tap_time_multi)
    fabs                                     0x08004de9   Thumb Code    24  fabs.o(i.fabs)
    fputc                                    0x08004e01   Thumb Code    40  usart.o(i.fputc)
    led_init                                 0x080054fd   Thumb Code    50  led.o(i.led_init)
    main                                     0x08005535   Thumb Code    66  main.o(i.main)
    mpu_configure_fifo                       0x08005579   Thumb Code   106  inv_mpu.o(i.mpu_configure_fifo)
    mpu_get_accel_fsr                        0x080055e9   Thumb Code    72  inv_mpu.o(i.mpu_get_accel_fsr)
    mpu_get_accel_sens                       0x08005635   Thumb Code    78  inv_mpu.o(i.mpu_get_accel_sens)
    mpu_get_fifo_config                      0x08005689   Thumb Code    12  inv_mpu.o(i.mpu_get_fifo_config)
    mpu_get_gyro_fsr                         0x08005699   Thumb Code    64  inv_mpu.o(i.mpu_get_gyro_fsr)
    mpu_get_gyro_sens                        0x080056dd   Thumb Code    74  inv_mpu.o(i.mpu_get_gyro_sens)
    mpu_get_lpf                              0x0800573d   Thumb Code    74  inv_mpu.o(i.mpu_get_lpf)
    mpu_get_sample_rate                      0x0800578d   Thumb Code    26  inv_mpu.o(i.mpu_get_sample_rate)
    mpu_init                                 0x080057ad   Thumb Code   416  inv_mpu.o(i.mpu_init)
    mpu_load_firmware                        0x0800599d   Thumb Code   180  inv_mpu.o(i.mpu_load_firmware)
    mpu_lp_accel_mode                        0x08005a55   Thumb Code   218  inv_mpu.o(i.mpu_lp_accel_mode)
    mpu_read_fifo_stream                     0x08005b35   Thumb Code   186  inv_mpu.o(i.mpu_read_fifo_stream)
    mpu_read_mem                             0x08005bf5   Thumb Code   122  inv_mpu.o(i.mpu_read_mem)
    mpu_reset_fifo                           0x08005c75   Thumb Code   450  inv_mpu.o(i.mpu_reset_fifo)
    mpu_run_self_test                        0x08005e3d   Thumb Code   278  inv_mpu.o(i.mpu_run_self_test)
    mpu_set_accel_fsr                        0x08005f59   Thumb Code   126  inv_mpu.o(i.mpu_set_accel_fsr)
    mpu_set_bypass                           0x08005fdd   Thumb Code   328  inv_mpu.o(i.mpu_set_bypass)
    mpu_set_dmp_state                        0x08006129   Thumb Code   138  inv_mpu.o(i.mpu_set_dmp_state)
    mpu_set_gyro_fsr                         0x080061b9   Thumb Code   132  inv_mpu.o(i.mpu_set_gyro_fsr)
    mpu_set_int_latched                      0x08006241   Thumb Code   102  inv_mpu.o(i.mpu_set_int_latched)
    mpu_set_lpf                              0x080062ad   Thumb Code   126  inv_mpu.o(i.mpu_set_lpf)
    mpu_set_sample_rate                      0x08006331   Thumb Code   152  inv_mpu.o(i.mpu_set_sample_rate)
    mpu_set_sensors                          0x080063cd   Thumb Code   202  inv_mpu.o(i.mpu_set_sensors)
    mpu_write_mem                            0x0800649d   Thumb Code   122  inv_mpu.o(i.mpu_write_mem)
    sqrt                                     0x08006679   Thumb Code   110  sqrt.o(i.sqrt)
    uxListRemove                             0x080066e7   Thumb Code    40  list.o(i.uxListRemove)
    vListInsertEnd                           0x0800670f   Thumb Code    24  list.o(i.vListInsertEnd)
    vTaskSwitchContext                       0x08006729   Thumb Code   118  tasks.o(i.vTaskSwitchContext)
    xTaskIncrementTick                       0x080067b5   Thumb Code   282  tasks.o(i.xTaskIncrementTick)
    STM32_RTCDefault                         0x080068fc   Data           7  rtc.o(.constdata)
    reg                                      0x08006904   Data          27  inv_mpu.o(.constdata)
    hw                                       0x08006920   Data          12  inv_mpu.o(.constdata)
    test                                     0x0800692c   Data          40  inv_mpu.o(.constdata)
    __mathlib_zero                           0x08007638   Data           8  qnan.o(.constdata)
    Region$$Table$$Base                      0x08007690   Number         0  anon$$obj.o(Region$$Table)
    Region$$Table$$Limit                     0x080076b0   Number         0  anon$$obj.o(Region$$Table)
    CharModel                                0x20000018   Data        1536  oled.o(.data)
    STM32_Time                               0x2000061a   Data           7  rtc.o(.data)
    Menu_Num                                 0x20000621   Data           1  exti.o(.data)
    Set_Time                                 0x20000622   Data           1  exti.o(.data)
    Temperature_HIGH                         0x20000623   Data           1  exti.o(.data)
    Temperature_LOW                          0x20000624   Data           1  exti.o(.data)
    Humidity_HIGH                            0x20000625   Data           1  exti.o(.data)
    Humidity_LOW                             0x20000626   Data           1  exti.o(.data)
    Run_Time                                 0x20000628   Data           2  code_run_time.o(.data)
    TransferError                            0x20000636   Data           1  sdio_sdcard.o(.data)
    TransferEnd                              0x20000637   Data           1  sdio_sdcard.o(.data)
    tempbuff                                 0x20000638   Data           4  sdio_sdcard.o(.data)
    pxCurrentTCB                             0x20000648   Data           4  tasks.o(.data)
    __stdout                                 0x200006b0   Data           4  stdout.o(.data)
    OLED_GRAM                                0x200006b8   Data        1024  oled.o(.bss)
    SDIO_InitStructure                       0x20000ab8   Data          24  sdio_sdcard.o(.bss)
    SDIO_CmdInitStructure                    0x20000ad0   Data          20  sdio_sdcard.o(.bss)
    SDIO_DataInitStructure                   0x20000ae4   Data          24  sdio_sdcard.o(.bss)
    SDCardInfo                               0x20000b1c   Data          80  sdio_sdcard.o(.bss)
    SDIO_DATA_BUFFER                         0x20000b6c   Data         512  sdio_sdcard.o(.bss)
    DeviceStateList                          0x20000d7a   Data          21  systemstate.o(.bss)
    __initial_sp                             0x20002f30   Data           0  startup_stm32f40_41xxx.o(STACK)



==============================================================================

Memory Map of the image

  Image Entry point : 0x08000189

  Load Region LR_IROM1 (Base: 0x08000000, Size: 0x00007d68, Max: 0x00080000, ABSOLUTE, COMPRESSED[0x00007a54])

    Execution Region ER_IROM1 (Exec base: 0x08000000, Load base: 0x08000000, Size: 0x000076b0, Max: 0x00080000, ABSOLUTE)

    Exec Addr    Load Addr    Size         Type   Attr      Idx    E Section Name        Object

    0x08000000   0x08000000   0x00000188   Data   RO            3    RESET               startup_stm32f40_41xxx.o
    0x08000188   0x08000188   0x00000000   Code   RO         8473  * .ARM.Collect$$$$00000000  mc_w.l(entry.o)
    0x08000188   0x08000188   0x00000004   Code   RO         8804    .ARM.Collect$$$$00000001  mc_w.l(entry2.o)
    0x0800018c   0x0800018c   0x00000004   Code   RO         8807    .ARM.Collect$$$$00000004  mc_w.l(entry5.o)
    0x08000190   0x08000190   0x00000000   Code   RO         8809    .ARM.Collect$$$$00000008  mc_w.l(entry7b.o)
    0x08000190   0x08000190   0x00000000   Code   RO         8811    .ARM.Collect$$$$0000000A  mc_w.l(entry8b.o)
    0x08000190   0x08000190   0x00000008   Code   RO         8812    .ARM.Collect$$$$0000000B  mc_w.l(entry9a.o)
    0x08000198   0x08000198   0x00000004   Code   RO         8819    .ARM.Collect$$$$0000000E  mc_w.l(entry12b.o)
    0x0800019c   0x0800019c   0x00000000   Code   RO         8814    .ARM.Collect$$$$0000000F  mc_w.l(entry10a.o)
    0x0800019c   0x0800019c   0x00000000   Code   RO         8816    .ARM.Collect$$$$00000011  mc_w.l(entry11a.o)
    0x0800019c   0x0800019c   0x00000004   Code   RO         8805    .ARM.Collect$$$$00002712  mc_w.l(entry2.o)
    0x080001a0   0x080001a0   0x000000be   Code   RO         7854    .emb_text           port.o
    0x0800025e   0x0800025e   0x00000002   PAD
    0x08000260   0x08000260   0x00000024   Code   RO            4    .text               startup_stm32f40_41xxx.o
    0x08000284   0x08000284   0x00000062   Code   RO         8476    .text               mc_w.l(ldiv.o)
    0x080002e6   0x080002e6   0x00000024   Code   RO         8482    .text               mc_w.l(memseta.o)
    0x0800030a   0x0800030a   0x0000001a   Code   RO         8484    .text               mc_w.l(memcmp.o)
    0x08000324   0x08000324   0x0000014e   Code   RO         8749    .text               mf_w.l(dadd.o)
    0x08000472   0x08000472   0x000000e4   Code   RO         8751    .text               mf_w.l(dmul.o)
    0x08000556   0x08000556   0x000000de   Code   RO         8753    .text               mf_w.l(ddiv.o)
    0x08000634   0x08000634   0x00000026   Code   RO         8761    .text               mf_w.l(f2d.o)
    0x0800065a   0x0800065a   0x00000038   Code   RO         8763    .text               mf_w.l(d2f.o)
    0x08000692   0x08000692   0x0000002c   Code   RO         8821    .text               mc_w.l(uidiv.o)
    0x080006be   0x080006be   0x00000062   Code   RO         8823    .text               mc_w.l(uldiv.o)
    0x08000720   0x08000720   0x0000001e   Code   RO         8825    .text               mc_w.l(llshl.o)
    0x0800073e   0x0800073e   0x00000020   Code   RO         8827    .text               mc_w.l(llushr.o)
    0x0800075e   0x0800075e   0x00000024   Code   RO         8829    .text               mc_w.l(llsshr.o)
    0x08000782   0x08000782   0x00000000   Code   RO         8838    .text               mc_w.l(iusefp.o)
    0x08000782   0x08000782   0x0000006e   Code   RO         8839    .text               mf_w.l(fepilogue.o)
    0x080007f0   0x080007f0   0x000000ba   Code   RO         8841    .text               mf_w.l(depilogue.o)
    0x080008aa   0x080008aa   0x000000a2   Code   RO         8847    .text               mf_w.l(dsqrt.o)
    0x0800094c   0x0800094c   0x00000030   Code   RO         8849    .text               mf_w.l(dfixul.o)
    0x0800097c   0x0800097c   0x00000030   Code   RO         8851    .text               mf_w.l(cdcmple.o)
    0x080009ac   0x080009ac   0x00000030   Code   RO         8853    .text               mf_w.l(cdrcmple.o)
    0x080009dc   0x080009dc   0x00000024   Code   RO         8855    .text               mc_w.l(init.o)
    0x08000a00   0x08000a00   0x00000056   Code   RO         8865    .text               mc_w.l(__dczerorl2.o)
    0x08000a56   0x08000a56   0x00000004   Code   RO          279    i.BusFault_Handler  stm32f4xx_it.o
    0x08000a5a   0x08000a5a   0x00000002   PAD
    0x08000a5c   0x08000a5c   0x00000064   Code   RO         6276    i.CmdResp1Error     sdio_sdcard.o
    0x08000ac0   0x08000ac0   0x0000002c   Code   RO         6212    i.DMA1_Start        dma.o
    0x08000aec   0x08000aec   0x00000024   Code   RO         6213    i.DMA1_Stream4_IRQHandler  dma.o
    0x08000b10   0x08000b10   0x0000002c   Code   RO         6215    i.DMA2_Start        dma.o
    0x08000b3c   0x08000b3c   0x00000024   Code   RO         6216    i.DMA2_Stream5_IRQHandler  dma.o
    0x08000b60   0x08000b60   0x00000020   Code   RO         6217    i.DMA2_Stream6_IRQHandler  dma.o
    0x08000b80   0x08000b80   0x00000034   Code   RO         1453    i.DMA_ClearFlag     stm32f4xx_dma.o
    0x08000bb4   0x08000bb4   0x00000034   Code   RO         1454    i.DMA_ClearITPendingBit  stm32f4xx_dma.o
    0x08000be8   0x08000be8   0x00000016   Code   RO         1455    i.DMA_Cmd           stm32f4xx_dma.o
    0x08000bfe   0x08000bfe   0x00000002   PAD
    0x08000c00   0x08000c00   0x00000064   Code   RO         1465    i.DMA_GetITStatus   stm32f4xx_dma.o
    0x08000c64   0x08000c64   0x00000004   Code   RO         1470    i.DMA_SetCurrDataCounter  stm32f4xx_dma.o
    0x08000c68   0x08000c68   0x00000002   Code   RO          280    i.DebugMon_Handler  stm32f4xx_it.o
    0x08000c6a   0x08000c6a   0x00000002   PAD
    0x08000c6c   0x08000c6c   0x00000038   Code   RO         6739    i.Delay_Init        timer.o
    0x08000ca4   0x08000ca4   0x00000040   Code   RO         5940    i.EXTI0_IRQHandler  exti.o
    0x08000ce4   0x08000ce4   0x000000b4   Code   RO         5941    i.EXTI2_IRQHandler  exti.o
    0x08000d98   0x08000d98   0x000000c0   Code   RO         5942    i.EXTI3_IRQHandler  exti.o
    0x08000e58   0x08000e58   0x0000000c   Code   RO         1741    i.EXTI_ClearFlag    stm32f4xx_exti.o
    0x08000e64   0x08000e64   0x00000018   Code   RO         1745    i.EXTI_GetFlagStatus  stm32f4xx_exti.o
    0x08000e7c   0x08000e7c   0x00000090   Code   RO         2255    i.GPIO_Init         stm32f4xx_gpio.o
    0x08000f0c   0x08000f0c   0x00000046   Code   RO         2256    i.GPIO_PinAFConfig  stm32f4xx_gpio.o
    0x08000f52   0x08000f52   0x00000012   Code   RO         2259    i.GPIO_ReadInputDataBit  stm32f4xx_gpio.o
    0x08000f64   0x08000f64   0x00000004   Code   RO         2262    i.GPIO_ResetBits    stm32f4xx_gpio.o
    0x08000f68   0x08000f68   0x00000004   Code   RO         2263    i.GPIO_SetBits      stm32f4xx_gpio.o
    0x08000f6c   0x08000f6c   0x00000004   Code   RO          281    i.HardFault_Handler  stm32f4xx_it.o
    0x08000f70   0x08000f70   0x0000006c   Code   RO         6033    i.IIC_GetByte       i2c.o
    0x08000fdc   0x08000fdc   0x00000044   Code   RO         6035    i.IIC_Send_Ack      i2c.o
    0x08001020   0x08001020   0x00000044   Code   RO         6036    i.IIC_Send_NAck     i2c.o
    0x08001064   0x08001064   0x00000070   Code   RO         6037    i.IIC_SenddByte     i2c.o
    0x080010d4   0x080010d4   0x00000060   Code   RO         6038    i.IIC_Wait_Ack_OK   i2c.o
    0x08001134   0x08001134   0x00000090   Code   RO         6534    i.MPU6050_DMP_Init  mpu6050.o
    0x080011c4   0x080011c4   0x00000220   Code   RO         6535    i.MPU6050_Get_DMP_Data  mpu6050.o
    0x080013e4   0x080013e4   0x00000038   Code   RO         6536    i.MPU6050_Init      mpu6050.o
    0x0800141c   0x0800141c   0x0000006a   Code   RO         6537    i.MPU6050_Read_DMP  mpu6050.o
    0x08001486   0x08001486   0x00000002   PAD
    0x08001488   0x08001488   0x00000060   Code   RO         6682    i.MPU6050_Test      test.o
    0x080014e8   0x080014e8   0x00000060   Code   RO         6540    i.MPU6050_Write_DMP  mpu6050.o
    0x08001548   0x08001548   0x00000034   Code   RO         6541    i.MPU6050_Write_Data  mpu6050.o
    0x0800157c   0x0800157c   0x00000004   Code   RO          282    i.MemManage_Handler  stm32f4xx_it.o
    0x08001580   0x08001580   0x00000002   Code   RO          283    i.NMI_Handler       stm32f4xx_it.o
    0x08001582   0x08001582   0x00000002   PAD
    0x08001584   0x08001584   0x00000078   Code   RO          380    i.NVIC_Init         misc.o
    0x080015fc   0x080015fc   0x00000014   Code   RO          381    i.NVIC_PriorityGroupConfig  misc.o
    0x08001610   0x08001610   0x0000001c   Code   RO         5635    i.OLED_ClearScreen  oled.o
    0x0800162c   0x0800162c   0x000000dc   Code   RO         5641    i.OLED_Init         oled.o
    0x08001708   0x08001708   0x000000c8   Code   RO         5642    i.OLED_SPI_Init     oled.o
    0x080017d0   0x080017d0   0x00000038   Code   RO         5647    i.OLED_SendData     oled.o
    0x08001808   0x08001808   0x00000038   Code   RO         5649    i.OLED_SetMode      oled.o
    0x08001840   0x08001840   0x0000003c   Code   RO         5652    i.OLED_ShowChar     oled.o
    0x0800187c   0x0800187c   0x00000094   Code   RO         5653    i.OLED_ShowStrings  oled.o
    0x08001910   0x08001910   0x0000003c   Code   RO         6683    i.OLED_Test         test.o
    0x0800194c   0x0800194c   0x0000005c   Code   RO         5656    i.OLED_UpdateGRAM   oled.o
    0x080019a8   0x080019a8   0x000000a0   Code   RO         5445    i.PWM_Init          pwm.o
    0x08001a48   0x08001a48   0x00000006   Code   RO         5447    i.PWM_SetPluseWdie  pwm.o
    0x08001a4e   0x08001a4e   0x00000002   PAD
    0x08001a50   0x08001a50   0x0000000c   Code   RO         3046    i.PWR_BackupAccessCmd  stm32f4xx_pwr.o
    0x08001a5c   0x08001a5c   0x0000002c   Code   RO         6039    i.Pin_in2out        i2c.o
    0x08001a88   0x08001a88   0x0000002c   Code   RO         6040    i.Pin_out2in        i2c.o
    0x08001ab4   0x08001ab4   0x00000028   Code   RO         6161    i.Programe_End_Us   code_run_time.o
    0x08001adc   0x08001adc   0x00000060   Code   RO         6162    i.Programe_Start    code_run_time.o
    0x08001b3c   0x08001b3c   0x00000020   Code   RO         3181    i.RCC_AHB1PeriphClockCmd  stm32f4xx_rcc.o
    0x08001b5c   0x08001b5c   0x00000020   Code   RO         3190    i.RCC_APB1PeriphClockCmd  stm32f4xx_rcc.o
    0x08001b7c   0x08001b7c   0x00000020   Code   RO         3193    i.RCC_APB2PeriphClockCmd  stm32f4xx_rcc.o
    0x08001b9c   0x08001b9c   0x000000e8   Code   RO         3202    i.RCC_GetClocksFreq  stm32f4xx_rcc.o
    0x08001c84   0x08001c84   0x00000040   Code   RO         3203    i.RCC_GetFlagStatus  stm32f4xx_rcc.o
    0x08001cc4   0x08001cc4   0x0000002c   Code   RO         3211    i.RCC_LSEConfig     stm32f4xx_rcc.o
    0x08001cf0   0x08001cf0   0x0000000c   Code   RO         3225    i.RCC_RTCCLKCmd     stm32f4xx_rcc.o
    0x08001cfc   0x08001cfc   0x0000003c   Code   RO         3226    i.RCC_RTCCLKConfig  stm32f4xx_rcc.o
    0x08001d38   0x08001d38   0x00000016   Code   RO         3588    i.RTC_Bcd2ToByte    stm32f4xx_rtc.o
    0x08001d4e   0x08001d4e   0x0000001c   Code   RO         3590    i.RTC_ByteToBcd2    stm32f4xx_rtc.o
    0x08001d6a   0x08001d6a   0x00000002   PAD
    0x08001d6c   0x08001d6c   0x00000094   Code   RO         5816    i.RTC_ConfigInit    rtc.o
    0x08001e00   0x08001e00   0x00000050   Code   RO         3600    i.RTC_EnterInitMode  stm32f4xx_rtc.o
    0x08001e50   0x08001e50   0x00000014   Code   RO         3601    i.RTC_ExitInitMode  stm32f4xx_rtc.o
    0x08001e64   0x08001e64   0x0000004c   Code   RO         3604    i.RTC_GetDate       stm32f4xx_rtc.o
    0x08001eb0   0x08001eb0   0x00000050   Code   RO         3609    i.RTC_GetTime       stm32f4xx_rtc.o
    0x08001f00   0x08001f00   0x00000026   Code   RO         5817    i.RTC_Get_Date      rtc.o
    0x08001f26   0x08001f26   0x00000020   Code   RO         5818    i.RTC_Get_Time      rtc.o
    0x08001f46   0x08001f46   0x00000002   PAD
    0x08001f48   0x08001f48   0x00000064   Code   RO         3614    i.RTC_Init          stm32f4xx_rtc.o
    0x08001fac   0x08001fac   0x00000020   Code   RO         3617    i.RTC_ReadBackupRegister  stm32f4xx_rtc.o
    0x08001fcc   0x08001fcc   0x000000c8   Code   RO         3620    i.RTC_SetDate       stm32f4xx_rtc.o
    0x08002094   0x08002094   0x000000d0   Code   RO         3621    i.RTC_SetTime       stm32f4xx_rtc.o
    0x08002164   0x08002164   0x00000024   Code   RO         5819    i.RTC_Set_Date      rtc.o
    0x08002188   0x08002188   0x00000024   Code   RO         5820    i.RTC_Set_Time      rtc.o
    0x080021ac   0x080021ac   0x0000006c   Code   RO         6685    i.RTC_Test          test.o
    0x08002218   0x08002218   0x00000060   Code   RO         3637    i.RTC_WaitForSynchro  stm32f4xx_rtc.o
    0x08002278   0x08002278   0x0000001c   Code   RO         3640    i.RTC_WriteBackupRegister  stm32f4xx_rtc.o
    0x08002294   0x08002294   0x0000000c   Code   RO         4115    i.SDIO_ClearFlag    stm32f4xx_sdio.o
    0x080022a0   0x080022a0   0x00000018   Code   RO         4127    i.SDIO_GetFlagStatus  stm32f4xx_sdio.o
    0x080022b8   0x080022b8   0x00000008   Code   RO         6285    i.SDIO_IRQHandler   sdio_sdcard.o
    0x080022c0   0x080022c0   0x0000002c   Code   RO         4135    i.SDIO_SendCommand  stm32f4xx_sdio.o
    0x080022ec   0x080022ec   0x00000154   Code   RO         6295    i.SD_ProcessIRQSrc  sdio_sdcard.o
    0x08002440   0x08002440   0x0000003c   Code   RO         5481    i.SPI2_IRQHandler   spi.o
    0x0800247c   0x0800247c   0x00000018   Code   RO         4339    i.SPI_Cmd           stm32f4xx_spi.o
    0x08002494   0x08002494   0x00000006   Code   RO         4343    i.SPI_I2S_ClearFlag  stm32f4xx_spi.o
    0x0800249a   0x0800249a   0x00000014   Code   RO         4344    i.SPI_I2S_ClearITPendingBit  stm32f4xx_spi.o
    0x080024ae   0x080024ae   0x00000012   Code   RO         4347    i.SPI_I2S_GetFlagStatus  stm32f4xx_spi.o
    0x080024c0   0x080024c0   0x00000034   Code   RO         4348    i.SPI_I2S_GetITStatus  stm32f4xx_spi.o
    0x080024f4   0x080024f4   0x00000004   Code   RO         4351    i.SPI_I2S_SendData  stm32f4xx_spi.o
    0x080024f8   0x080024f8   0x0000003c   Code   RO         4352    i.SPI_Init          stm32f4xx_spi.o
    0x08002534   0x08002534   0x000000ec   Code   RO          339    i.SetSysClock       system_stm32f4xx.o
    0x08002620   0x08002620   0x00000040   Code   RO         6041    i.Start_IIC         i2c.o
    0x08002660   0x08002660   0x00000044   Code   RO         6042    i.Stop_IIC          i2c.o
    0x080026a4   0x080026a4   0x00000034   Code   RO         7855    i.SysTick_Handler   port.o
    0x080026d8   0x080026d8   0x00000068   Code   RO          341    i.SystemInit        system_stm32f4xx.o
    0x08002740   0x08002740   0x00000024   Code   RO         6642    i.System_GetState   systemstate.o
    0x08002764   0x08002764   0x00000010   Code   RO         6643    i.System_ResetState  systemstate.o
    0x08002774   0x08002774   0x00000010   Code   RO         6644    i.System_SetState   systemstate.o
    0x08002784   0x08002784   0x000000d4   Code   RO         6740    i.TIM1_BRK_TIM9_IRQHandler  timer.o
    0x08002858   0x08002858   0x00000054   Code   RO         6164    i.TIM6_DAC_IRQHandler  code_run_time.o
    0x080028ac   0x080028ac   0x00000018   Code   RO         4565    i.TIM_ARRPreloadConfig  stm32f4xx_tim.o
    0x080028c4   0x080028c4   0x00000006   Code   RO         4571    i.TIM_ClearFlag     stm32f4xx_tim.o
    0x080028ca   0x080028ca   0x00000018   Code   RO         4577    i.TIM_Cmd           stm32f4xx_tim.o
    0x080028e2   0x080028e2   0x00000006   Code   RO         4596    i.TIM_GetCounter    stm32f4xx_tim.o
    0x080028e8   0x080028e8   0x00000012   Code   RO         4597    i.TIM_GetFlagStatus  stm32f4xx_tim.o
    0x080028fa   0x080028fa   0x00000012   Code   RO         4602    i.TIM_ITConfig      stm32f4xx_tim.o
    0x0800290c   0x0800290c   0x00000078   Code   RO         4621    i.TIM_OC4Init       stm32f4xx_tim.o
    0x08002984   0x08002984   0x0000001a   Code   RO         4623    i.TIM_OC4PreloadConfig  stm32f4xx_tim.o
    0x0800299e   0x0800299e   0x00000002   PAD
    0x080029a0   0x080029a0   0x00000084   Code   RO         4649    i.TIM_TimeBaseInit  stm32f4xx_tim.o
    0x08002a24   0x08002a24   0x00000064   Code   RO         6741    i.TaskTimer_Init    timer.o
    0x08002a88   0x08002a88   0x000000e0   Code   RO           13    i.Task_List         main.o
    0x08002b68   0x08002b68   0x00000014   Code   RO         5506    i.USART1_IRQHandler  usart.o
    0x08002b7c   0x08002b7c   0x000000b0   Code   RO         5507    i.USART1_Init       usart.o
    0x08002c2c   0x08002c2c   0x00000014   Code   RO         5508    i.USART2_IRQHandler  usart.o
    0x08002c40   0x08002c40   0x00000012   Code   RO         5127    i.USART_ClearFlag   stm32f4xx_usart.o
    0x08002c52   0x08002c52   0x0000001e   Code   RO         5128    i.USART_ClearITPendingBit  stm32f4xx_usart.o
    0x08002c70   0x08002c70   0x00000018   Code   RO         5131    i.USART_Cmd         stm32f4xx_usart.o
    0x08002c88   0x08002c88   0x0000001a   Code   RO         5134    i.USART_GetFlagStatus  stm32f4xx_usart.o
    0x08002ca2   0x08002ca2   0x0000004a   Code   RO         5137    i.USART_ITConfig    stm32f4xx_usart.o
    0x08002cec   0x08002cec   0x000000d4   Code   RO         5138    i.USART_Init        stm32f4xx_usart.o
    0x08002dc0   0x08002dc0   0x00000008   Code   RO         5148    i.USART_SendData    stm32f4xx_usart.o
    0x08002dc8   0x08002dc8   0x00000004   Code   RO          284    i.UsageFault_Handler  stm32f4xx_it.o
    0x08002dcc   0x08002dcc   0x00000020   Code   RO         8721    i.__0printf         mc_w.l(printfa.o)
    0x08002dec   0x08002dec   0x00000030   Code   RO         8799    i.__ARM_fpclassify  m_wm.l(fpclassify.o)
    0x08002e1c   0x08002e1c   0x00000004   PAD
    0x08002e20   0x08002e20   0x00000360   Code   RO         8421    i.__hardfp_asin     m_wm.l(asin.o)
    0x08003180   0x08003180   0x000002d8   Code   RO         8765    i.__hardfp_atan     m_wm.l(atan.o)
    0x08003458   0x08003458   0x00000200   Code   RO         8435    i.__hardfp_atan2    m_wm.l(atan2.o)
    0x08003658   0x08003658   0x000000f8   Code   RO         8801    i.__kernel_poly     m_wm.l(poly.o)
    0x08003750   0x08003750   0x00000014   Code   RO         8780    i.__mathlib_dbl_infnan  m_wm.l(dunder.o)
    0x08003764   0x08003764   0x00000014   Code   RO         8781    i.__mathlib_dbl_infnan2  m_wm.l(dunder.o)
    0x08003778   0x08003778   0x00000020   Code   RO         8782    i.__mathlib_dbl_invalid  m_wm.l(dunder.o)
    0x08003798   0x08003798   0x00000020   Code   RO         8785    i.__mathlib_dbl_underflow  m_wm.l(dunder.o)
    0x080037b8   0x080037b8   0x0000000e   Code   RO         8859    i.__scatterload_copy  mc_w.l(handlers.o)
    0x080037c6   0x080037c6   0x00000002   Code   RO         8860    i.__scatterload_null  mc_w.l(handlers.o)
    0x080037c8   0x080037c8   0x0000000e   Code   RO         8861    i.__scatterload_zeroinit  mc_w.l(handlers.o)
    0x080037d6   0x080037d6   0x00000002   PAD
    0x080037d8   0x080037d8   0x0000000c   Code   RO         8833    i.__set_errno       mc_w.l(errno.o)
    0x080037e4   0x080037e4   0x00000184   Code   RO         8728    i._fp_digits        mc_w.l(printfa.o)
    0x08003968   0x08003968   0x000006b4   Code   RO         8729    i._printf_core      mc_w.l(printfa.o)
    0x0800401c   0x0800401c   0x00000024   Code   RO         8730    i._printf_post_padding  mc_w.l(printfa.o)
    0x08004040   0x08004040   0x0000002e   Code   RO         8731    i._printf_pre_padding  mc_w.l(printfa.o)
    0x0800406e   0x0800406e   0x00000002   PAD
    0x08004070   0x08004070   0x000000c0   Code   RO         7934    i.accel_self_test   inv_mpu.o
    0x08004130   0x08004130   0x00000010   Code   RO         8767    i.atan              m_wm.l(atan.o)
    0x08004140   0x08004140   0x00000064   Code   RO         8239    i.decode_gesture    inv_mpu_dmp_motion_driver.o
    0x080041a4   0x080041a4   0x00000044   Code   RO         6742    i.delay_ms          timer.o
    0x080041e8   0x080041e8   0x00000030   Code   RO         6743    i.delay_us          timer.o
    0x08004218   0x08004218   0x0000003c   Code   RO         8240    i.dmp_enable_6x_lp_quat  inv_mpu_dmp_motion_driver.o
    0x08004254   0x08004254   0x0000021c   Code   RO         8241    i.dmp_enable_feature  inv_mpu_dmp_motion_driver.o
    0x08004470   0x08004470   0x00000058   Code   RO         8242    i.dmp_enable_gyro_cal  inv_mpu_dmp_motion_driver.o
    0x080044c8   0x080044c8   0x0000003c   Code   RO         8243    i.dmp_enable_lp_quat  inv_mpu_dmp_motion_driver.o
    0x08004504   0x08004504   0x00000018   Code   RO         8248    i.dmp_load_motion_driver_firmware  inv_mpu_dmp_motion_driver.o
    0x0800451c   0x0800451c   0x000001c8   Code   RO         8249    i.dmp_read_fifo     inv_mpu_dmp_motion_driver.o
    0x080046e4   0x080046e4   0x00000130   Code   RO         8252    i.dmp_set_accel_bias  inv_mpu_dmp_motion_driver.o
    0x08004814   0x08004814   0x00000070   Code   RO         8253    i.dmp_set_fifo_rate  inv_mpu_dmp_motion_driver.o
    0x08004884   0x08004884   0x00000130   Code   RO         8254    i.dmp_set_gyro_bias  inv_mpu_dmp_motion_driver.o
    0x080049b4   0x080049b4   0x00000138   Code   RO         8256    i.dmp_set_orientation  inv_mpu_dmp_motion_driver.o
    0x08004aec   0x08004aec   0x00000038   Code   RO         8259    i.dmp_set_shake_reject_thresh  inv_mpu_dmp_motion_driver.o
    0x08004b24   0x08004b24   0x00000026   Code   RO         8260    i.dmp_set_shake_reject_time  inv_mpu_dmp_motion_driver.o
    0x08004b4a   0x08004b4a   0x00000026   Code   RO         8261    i.dmp_set_shake_reject_timeout  inv_mpu_dmp_motion_driver.o
    0x08004b70   0x08004b70   0x00000046   Code   RO         8262    i.dmp_set_tap_axes  inv_mpu_dmp_motion_driver.o
    0x08004bb6   0x08004bb6   0x00000026   Code   RO         8263    i.dmp_set_tap_count  inv_mpu_dmp_motion_driver.o
    0x08004bdc   0x08004bdc   0x000001c0   Code   RO         8264    i.dmp_set_tap_thresh  inv_mpu_dmp_motion_driver.o
    0x08004d9c   0x08004d9c   0x00000026   Code   RO         8265    i.dmp_set_tap_time  inv_mpu_dmp_motion_driver.o
    0x08004dc2   0x08004dc2   0x00000026   Code   RO         8266    i.dmp_set_tap_time_multi  inv_mpu_dmp_motion_driver.o
    0x08004de8   0x08004de8   0x00000018   Code   RO         8795    i.fabs              m_wm.l(fabs.o)
    0x08004e00   0x08004e00   0x0000002c   Code   RO         5510    i.fputc             usart.o
    0x08004e2c   0x08004e2c   0x000000d0   Code   RO         7935    i.get_accel_prod_shift  inv_mpu.o
    0x08004efc   0x08004efc   0x0000046c   Code   RO         7936    i.get_st_biases     inv_mpu.o
    0x08005368   0x08005368   0x0000011c   Code   RO         7937    i.gyro_self_test    inv_mpu.o
    0x08005484   0x08005484   0x00000028   Code   RO         6543    i.inv_orientation_matrix_to_scalar  mpu6050.o
    0x080054ac   0x080054ac   0x0000004e   Code   RO         6544    i.inv_row_2_scale   mpu6050.o
    0x080054fa   0x080054fa   0x00000002   PAD
    0x080054fc   0x080054fc   0x00000038   Code   RO         5873    i.led_init          led.o
    0x08005534   0x08005534   0x00000042   Code   RO           14    i.main              main.o
    0x08005576   0x08005576   0x00000002   PAD
    0x08005578   0x08005578   0x00000070   Code   RO         7938    i.mpu_configure_fifo  inv_mpu.o
    0x080055e8   0x080055e8   0x0000004c   Code   RO         7939    i.mpu_get_accel_fsr  inv_mpu.o
    0x08005634   0x08005634   0x00000054   Code   RO         7941    i.mpu_get_accel_sens  inv_mpu.o
    0x08005688   0x08005688   0x00000010   Code   RO         7946    i.mpu_get_fifo_config  inv_mpu.o
    0x08005698   0x08005698   0x00000044   Code   RO         7947    i.mpu_get_gyro_fsr  inv_mpu.o
    0x080056dc   0x080056dc   0x00000060   Code   RO         7949    i.mpu_get_gyro_sens  inv_mpu.o
    0x0800573c   0x0800573c   0x00000050   Code   RO         7951    i.mpu_get_lpf       inv_mpu.o
    0x0800578c   0x0800578c   0x00000020   Code   RO         7953    i.mpu_get_sample_rate  inv_mpu.o
    0x080057ac   0x080057ac   0x000001f0   Code   RO         7955    i.mpu_init          inv_mpu.o
    0x0800599c   0x0800599c   0x000000b8   Code   RO         7956    i.mpu_load_firmware  inv_mpu.o
    0x08005a54   0x08005a54   0x000000e0   Code   RO         7957    i.mpu_lp_accel_mode  inv_mpu.o
    0x08005b34   0x08005b34   0x000000c0   Code   RO         7959    i.mpu_read_fifo_stream  inv_mpu.o
    0x08005bf4   0x08005bf4   0x00000080   Code   RO         7960    i.mpu_read_mem      inv_mpu.o
    0x08005c74   0x08005c74   0x000001c8   Code   RO         7963    i.mpu_reset_fifo    inv_mpu.o
    0x08005e3c   0x08005e3c   0x0000011c   Code   RO         7964    i.mpu_run_self_test  inv_mpu.o
    0x08005f58   0x08005f58   0x00000084   Code   RO         7966    i.mpu_set_accel_fsr  inv_mpu.o
    0x08005fdc   0x08005fdc   0x0000014c   Code   RO         7967    i.mpu_set_bypass    inv_mpu.o
    0x08006128   0x08006128   0x00000090   Code   RO         7969    i.mpu_set_dmp_state  inv_mpu.o
    0x080061b8   0x080061b8   0x00000088   Code   RO         7970    i.mpu_set_gyro_fsr  inv_mpu.o
    0x08006240   0x08006240   0x0000006c   Code   RO         7971    i.mpu_set_int_latched  inv_mpu.o
    0x080062ac   0x080062ac   0x00000084   Code   RO         7973    i.mpu_set_lpf       inv_mpu.o
    0x08006330   0x08006330   0x0000009c   Code   RO         7974    i.mpu_set_sample_rate  inv_mpu.o
    0x080063cc   0x080063cc   0x000000d0   Code   RO         7975    i.mpu_set_sensors   inv_mpu.o
    0x0800649c   0x0800649c   0x00000080   Code   RO         7976    i.mpu_write_mem     inv_mpu.o
    0x0800651c   0x0800651c   0x00000034   Code   RO         7322    i.prvResetNextTaskUnblockTime  tasks.o
    0x08006550   0x08006550   0x00000096   Code   RO         6546    i.run_self_test     mpu6050.o
    0x080065e6   0x080065e6   0x00000002   PAD
    0x080065e8   0x080065e8   0x00000090   Code   RO         7977    i.set_int_enable    inv_mpu.o
    0x08006678   0x08006678   0x0000006e   Code   RO         8463    i.sqrt              m_wm.l(sqrt.o)
    0x080066e6   0x080066e6   0x00000028   Code   RO         6912    i.uxListRemove      list.o
    0x0800670e   0x0800670e   0x00000018   Code   RO         6916    i.vListInsertEnd    list.o
    0x08006726   0x08006726   0x00000002   PAD
    0x08006728   0x08006728   0x0000008c   Code   RO         7353    i.vTaskSwitchContext  tasks.o
    0x080067b4   0x080067b4   0x00000148   Code   RO         7362    i.xTaskIncrementTick  tasks.o
    0x080068fc   0x080068fc   0x00000007   Data   RO         5821    .constdata          rtc.o
    0x08006903   0x08006903   0x00000001   PAD
    0x08006904   0x08006904   0x00000050   Data   RO         7978    .constdata          inv_mpu.o
    0x08006954   0x08006954   0x00000bf6   Data   RO         8268    .constdata          inv_mpu_dmp_motion_driver.o
    0x0800754a   0x0800754a   0x00000006   PAD
    0x08007550   0x08007550   0x00000050   Data   RO         8424    .constdata          m_wm.l(asin.o)
    0x080075a0   0x080075a0   0x00000098   Data   RO         8768    .constdata          m_wm.l(atan.o)
    0x08007638   0x08007638   0x00000008   Data   RO         8803    .constdata          m_wm.l(qnan.o)
    0x08007640   0x08007640   0x0000004d   Data   RO         7979    .conststring        inv_mpu.o
    0x0800768d   0x0800768d   0x00000003   PAD
    0x08007690   0x08007690   0x00000020   Data   RO         8857    Region$$Table       anon$$obj.o


    Execution Region RW_IRAM2 (Exec base: 0x10000000, Load base: 0x08007a54, Size: 0x00000000, Max: 0x00010000, ABSOLUTE)

    **** No section assigned to this execution region ****


    Execution Region RW_IRAM1 (Exec base: 0x20000000, Load base: 0x080076b0, Size: 0x00002f30, Max: 0x00020000, ABSOLUTE, COMPRESSED[0x000003a4])

    Exec Addr    Load Addr    Size         Type   Attr      Idx    E Section Name        Object

    0x20000000   COMPRESSED   0x00000002   Data   RW           15    .data               main.o
    0x20000002   COMPRESSED   0x00000010   Data   RW         3234    .data               stm32f4xx_rcc.o
    0x20000012   COMPRESSED   0x00000002   PAD
    0x20000014   COMPRESSED   0x00000004   Data   RW         5482    .data               spi.o
    0x20000018   COMPRESSED   0x00000602   Data   RW         5661    .data               oled.o
    0x2000061a   COMPRESSED   0x00000007   Data   RW         5822    .data               rtc.o
    0x20000621   COMPRESSED   0x00000006   Data   RW         5944    .data               exti.o
    0x20000627   COMPRESSED   0x00000001   PAD
    0x20000628   COMPRESSED   0x00000004   Data   RW         6165    .data               code_run_time.o
    0x2000062c   COMPRESSED   0x00000010   Data   RW         6308    .data               sdio_sdcard.o
    0x2000063c   COMPRESSED   0x00000009   Data   RW         6550    .data               mpu6050.o
    0x20000645   COMPRESSED   0x00000001   Data   RW         6688    .data               test.o
    0x20000646   COMPRESSED   0x00000001   Data   RW         6744    .data               timer.o
    0x20000647   COMPRESSED   0x00000001   PAD
    0x20000648   COMPRESSED   0x0000003c   Data   RW         7371    .data               tasks.o
    0x20000684   COMPRESSED   0x0000002c   Data   RW         7980    .data               inv_mpu.o
    0x200006b0   COMPRESSED   0x00000004   Data   RW         8820    .data               mc_w.l(stdout.o)
    0x200006b4   COMPRESSED   0x00000004   Data   RW         8834    .data               mc_w.l(errno.o)
    0x200006b8        -       0x00000400   Zero   RW         5660    .bss                oled.o
    0x20000ab8        -       0x000002b4   Zero   RW         6307    .bss                sdio_sdcard.o
    0x20000d6c        -       0x0000000e   Zero   RW         6549    .bss                mpu6050.o
    0x20000d7a        -       0x00000015   Zero   RW         6645    .bss                systemstate.o
    0x20000d8f   COMPRESSED   0x00000001   PAD
    0x20000d90        -       0x00000190   Zero   RW         7370    .bss                tasks.o
    0x20000f20        -       0x00000010   Zero   RW         8267    .bss                inv_mpu_dmp_motion_driver.o
    0x20000f30        -       0x00002000   Zero   RW            1    STACK               startup_stm32f40_41xxx.o


==============================================================================

Image component sizes


      Code (inc. data)   RO Data    RW Data    ZI Data      Debug   Object Name

       220         38          0          4          0       1724   code_run_time.o
       192         46          0          0          0       2292   dma.o
         0          0          0          0          0       7788   event_groups.o
       436         68          0          6          0       2009   exti.o
       672         42          0          0          0       4510   i2c.o
      5964        296        157         44          0      26067   inv_mpu.o
      3124        140       3062          0         16      20242   inv_mpu_dmp_motion_driver.o
        56          6          0          0          0        475   led.o
        64          0          0          0          0       1460   list.o
       290         20          0          2          0     345451   main.o
       140         24          0          0          0       1411   misc.o
      1266         26          0          9         14       6889   mpu6050.o
       860         52          0       1538       1024       5798   oled.o
       242         22          0          0          0       3750   port.o
       166         10          0          0          0       1430   pwm.o
       290          4          7          7          0       3467   rtc.o
       448         28          0         16        692      11086   sdio_sdcard.o
        60         10          0          4          0        478   spi.o
        36          8        392          0       8192        840   startup_stm32f40_41xxx.o
       230         46          0          0          0       4113   stm32f4xx_dma.o
        36         10          0          0          0       1046   stm32f4xx_exti.o
       240          0          0          0          0       3275   stm32f4xx_gpio.o
        20          0          0          0          0       2601   stm32f4xx_it.o
        12          6          0          0          0        490   stm32f4xx_pwr.o
       508         60          0         16          0       6578   stm32f4xx_rcc.o
       970         66          0          0          0       8154   stm32f4xx_rtc.o
        80         14          0          0          0       3329   stm32f4xx_sdio.o
       184          0          0          0          0       4534   stm32f4xx_spi.o
       374         36          0          0          0       5625   stm32f4xx_tim.o
       392          8          0          0          0       5025   stm32f4xx_usart.o
       340         32          0          0          0       1429   system_stm32f4xx.o
        68         14          0          0         21       2054   systemstate.o
       520         78          0         60        400       6037   tasks.o
       264         74          0          1          0       1518   test.o
       484         32          0          1          0       2803   timer.o
       260         24          0          0          0       2310   usart.o

    ----------------------------------------------------------------------
     19536       1340       3660       1712      10360     508088   Object Totals
         0          0         32          0          0          0   (incl. Generated)
        28          0         10          4          1          0   (incl. Padding)

    ----------------------------------------------------------------------

      Code (inc. data)   RO Data    RW Data    ZI Data      Debug   Library Member Name

       864         94         80          0          0        280   asin.o
       744        106        152          0          0        352   atan.o
       512         64          0          0          0        208   atan2.o
       104         16          0          0          0        496   dunder.o
        24          0          0          0          0        124   fabs.o
        48          0          0          0          0        124   fpclassify.o
       248          0          0          0          0        152   poly.o
         0          0          8          0          0          0   qnan.o
       110          0          0          0          0        148   sqrt.o
        86          0          0          0          0          0   __dczerorl2.o
         0          0          0          0          0          0   entry.o
         0          0          0          0          0          0   entry10a.o
         0          0          0          0          0          0   entry11a.o
         4          0          0          0          0          0   entry12b.o
         8          4          0          0          0          0   entry2.o
         4          0          0          0          0          0   entry5.o
         0          0          0          0          0          0   entry7b.o
         0          0          0          0          0          0   entry8b.o
         8          4          0          0          0          0   entry9a.o
        12          6          0          4          0         68   errno.o
        30          0          0          0          0          0   handlers.o
        36          8          0          0          0         68   init.o
         0          0          0          0          0          0   iusefp.o
        98          0          0          0          0         84   ldiv.o
        30          0          0          0          0         68   llshl.o
        36          0          0          0          0         68   llsshr.o
        32          0          0          0          0         68   llushr.o
        26          0          0          0          0         80   memcmp.o
        36          0          0          0          0        108   memseta.o
      2218         90          0          0          0        464   printfa.o
         0          0          0          4          0          0   stdout.o
        44          0          0          0          0         80   uidiv.o
        98          0          0          0          0         92   uldiv.o
        48          0          0          0          0         68   cdcmple.o
        48          0          0          0          0         68   cdrcmple.o
        56          0          0          0          0         88   d2f.o
       334          0          0          0          0        148   dadd.o
       222          0          0          0          0        100   ddiv.o
       186          0          0          0          0        176   depilogue.o
        48          0          0          0          0         68   dfixul.o
       228          0          0          0          0         96   dmul.o
       162          0          0          0          0        100   dsqrt.o
        38          0          0          0          0         68   f2d.o
       110          0          0          0          0        168   fepilogue.o

    ----------------------------------------------------------------------
      6948        392        240          8          0       4280   Library Totals
         8          0          0          0          0          0   (incl. Padding)

    ----------------------------------------------------------------------

      Code (inc. data)   RO Data    RW Data    ZI Data      Debug   Library Name

      2654        280        240          0          0       1884   m_wm.l
      2806        112          0          8          0       1248   mc_w.l
      1480          0          0          0          0       1148   mf_w.l

    ----------------------------------------------------------------------
      6948        392        240          8          0       4280   Library Totals

    ----------------------------------------------------------------------

==============================================================================


      Code (inc. data)   RO Data    RW Data    ZI Data      Debug   

     26484       1732       3900       1720      10360     491956   Grand Totals
     26484       1732       3900        932      10360     491956   ELF Image Totals (compressed)
     26484       1732       3900        932          0          0   ROM Totals

==============================================================================

    Total RO  Size (Code + RO Data)                30384 (  29.67kB)
    Total RW  Size (RW Data + ZI Data)             12080 (  11.80kB)
    Total ROM Size (Code + RO Data + RW Data)      31316 (  30.58kB)

==============================================================================

