Component: ARM Compiler 5.06 update 7 (build 960) Tool: armlink [4d3601]

==============================================================================

Section Cross References

    startup_stm32f40_41xxx.o(RESET) refers to startup_stm32f40_41xxx.o(STACK) for __initial_sp
    startup_stm32f40_41xxx.o(RESET) refers to startup_stm32f40_41xxx.o(.text) for Reset_Handler
    startup_stm32f40_41xxx.o(RESET) refers to stm32f4xx_it.o(i.NMI_Handler) for NMI_Handler
    startup_stm32f40_41xxx.o(RESET) refers to stm32f4xx_it.o(i.HardFault_Handler) for HardFault_Handler
    startup_stm32f40_41xxx.o(RESET) refers to stm32f4xx_it.o(i.MemManage_Handler) for MemManage_Handler
    startup_stm32f40_41xxx.o(RESET) refers to stm32f4xx_it.o(i.BusFault_Handler) for BusFault_Handler
    startup_stm32f40_41xxx.o(RESET) refers to stm32f4xx_it.o(i.UsageFault_Handler) for UsageFault_Handler
    startup_stm32f40_41xxx.o(RESET) refers to port.o(.emb_text) for SVC_Handler
    startup_stm32f40_41xxx.o(RESET) refers to stm32f4xx_it.o(i.DebugMon_Handler) for DebugMon_Handler
    startup_stm32f40_41xxx.o(RESET) refers to port.o(i.SysTick_Handler) for SysTick_Handler
    startup_stm32f40_41xxx.o(RESET) refers to exti.o(i.EXTI0_IRQHandler) for EXTI0_IRQHandler
    startup_stm32f40_41xxx.o(RESET) refers to exti.o(i.EXTI2_IRQHandler) for EXTI2_IRQHandler
    startup_stm32f40_41xxx.o(RESET) refers to exti.o(i.EXTI3_IRQHandler) for EXTI3_IRQHandler
    startup_stm32f40_41xxx.o(RESET) refers to dma.o(i.DMA1_Stream4_IRQHandler) for DMA1_Stream4_IRQHandler
    startup_stm32f40_41xxx.o(RESET) refers to timer.o(i.TIM1_BRK_TIM9_IRQHandler) for TIM1_BRK_TIM9_IRQHandler
    startup_stm32f40_41xxx.o(RESET) refers to spi.o(i.SPI2_IRQHandler) for SPI2_IRQHandler
    startup_stm32f40_41xxx.o(RESET) refers to usart.o(i.USART1_IRQHandler) for USART1_IRQHandler
    startup_stm32f40_41xxx.o(RESET) refers to usart.o(i.USART2_IRQHandler) for USART2_IRQHandler
    startup_stm32f40_41xxx.o(RESET) refers to hc_sr04.o(i.TIM8_TRG_COM_TIM14_IRQHandler) for TIM8_TRG_COM_TIM14_IRQHandler
    startup_stm32f40_41xxx.o(RESET) refers to sdio_sdcard.o(i.SDIO_IRQHandler) for SDIO_IRQHandler
    startup_stm32f40_41xxx.o(RESET) refers to code_run_time.o(i.TIM6_DAC_IRQHandler) for TIM6_DAC_IRQHandler
    startup_stm32f40_41xxx.o(RESET) refers to dma.o(i.DMA2_Stream5_IRQHandler) for DMA2_Stream5_IRQHandler
    startup_stm32f40_41xxx.o(RESET) refers to dma.o(i.DMA2_Stream6_IRQHandler) for DMA2_Stream6_IRQHandler
    startup_stm32f40_41xxx.o(.text) refers to system_stm32f4xx.o(i.SystemInit) for SystemInit
    startup_stm32f40_41xxx.o(.text) refers to entry.o(.ARM.Collect$$$$00000000) for __main
    main.o(i.Task_List) refers to systemstate.o(i.System_GetState) for System_GetState
    main.o(i.Task_List) refers to systemstate.o(i.System_ResetState) for System_ResetState
    main.o(i.Task_List) refers to led.o(i.Led_Test) for Led_Test
    main.o(i.main) refers to misc.o(i.NVIC_PriorityGroupConfig) for NVIC_PriorityGroupConfig
    main.o(i.main) refers to usart.o(i.USART1_Init) for USART1_Init
    main.o(i.main) refers to timer.o(i.Delay_Init) for Delay_Init
    main.o(i.main) refers to led.o(i.led_init) for led_init
    main.o(i.main) refers to oled.o(i.OLED_Init) for OLED_Init
    main.o(i.main) refers to timer.o(i.TaskTimer_Init) for TaskTimer_Init
    main.o(i.main) refers to test.o(i.SD_Test) for SD_Test
    main.o(i.main) refers to main.o(i.Task_List) for Task_List
    system_stm32f4xx.o(i.SystemCoreClockUpdate) refers to system_stm32f4xx.o(.data) for .data
    system_stm32f4xx.o(i.SystemInit) refers to system_stm32f4xx.o(i.SetSysClock) for SetSysClock
    stm32f4xx_adc.o(i.ADC_DeInit) refers to stm32f4xx_rcc.o(i.RCC_APB2PeriphResetCmd) for RCC_APB2PeriphResetCmd
    stm32f4xx_can.o(i.CAN_DeInit) refers to stm32f4xx_rcc.o(i.RCC_APB1PeriphResetCmd) for RCC_APB1PeriphResetCmd
    stm32f4xx_can.o(i.CAN_GetITStatus) refers to stm32f4xx_can.o(i.CheckITStatus) for CheckITStatus
    stm32f4xx_cryp.o(i.CRYP_DeInit) refers to stm32f4xx_rcc.o(i.RCC_AHB2PeriphResetCmd) for RCC_AHB2PeriphResetCmd
    stm32f4xx_cryp_aes.o(i.CRYP_AES_CBC) refers to stm32f4xx_cryp.o(i.CRYP_KeyStructInit) for CRYP_KeyStructInit
    stm32f4xx_cryp_aes.o(i.CRYP_AES_CBC) refers to stm32f4xx_cryp.o(i.CRYP_KeyInit) for CRYP_KeyInit
    stm32f4xx_cryp_aes.o(i.CRYP_AES_CBC) refers to stm32f4xx_cryp.o(i.CRYP_Init) for CRYP_Init
    stm32f4xx_cryp_aes.o(i.CRYP_AES_CBC) refers to stm32f4xx_cryp.o(i.CRYP_IVInit) for CRYP_IVInit
    stm32f4xx_cryp_aes.o(i.CRYP_AES_CBC) refers to stm32f4xx_cryp.o(i.CRYP_FIFOFlush) for CRYP_FIFOFlush
    stm32f4xx_cryp_aes.o(i.CRYP_AES_CBC) refers to stm32f4xx_cryp.o(i.CRYP_Cmd) for CRYP_Cmd
    stm32f4xx_cryp_aes.o(i.CRYP_AES_CBC) refers to stm32f4xx_cryp.o(i.CRYP_GetCmdStatus) for CRYP_GetCmdStatus
    stm32f4xx_cryp_aes.o(i.CRYP_AES_CBC) refers to stm32f4xx_cryp.o(i.CRYP_GetFlagStatus) for CRYP_GetFlagStatus
[...]
    i.DMA_Init                               0x08000ca8   Section        0  stm32f4xx_dma.o(i.DMA_Init)
    i.DMA_SetCurrDataCounter                 0x08000cfc   Section        0  stm32f4xx_dma.o(i.DMA_SetCurrDataCounter)
    i.DebugMon_Handler                       0x08000d00   Section        0  stm32f4xx_it.o(i.DebugMon_Handler)
    i.Delay_Init                             0x08000d04   Section        0  timer.o(i.Delay_Init)
    i.EXTI0_IRQHandler                       0x08000d48   Section        0  exti.o(i.EXTI0_IRQHandler)
    i.EXTI2_IRQHandler                       0x08000d88   Section        0  exti.o(i.EXTI2_IRQHandler)
    i.EXTI3_IRQHandler                       0x08000e0c   Section        0  exti.o(i.EXTI3_IRQHandler)
    i.EXTI_ClearFlag                         0x08000e9c   Section        0  stm32f4xx_exti.o(i.EXTI_ClearFlag)
    i.EXTI_GetFlagStatus                     0x08000ea8   Section        0  stm32f4xx_exti.o(i.EXTI_GetFlagStatus)
    i.File_CloseDir                          0x08000ebc   Section        0  fileoperate.o(i.File_CloseDir)
    i.File_CreateNewFile                     0x08000ec8   Section        0  fileoperate.o(i.File_CreateNewFile)
    i.File_FATFSInit                         0x08000ee8   Section        0  fileoperate.o(i.File_FATFSInit)
    i.File_Mkdir                             0x08000f24   Section        0  fileoperate.o(i.File_Mkdir)
    i.File_MountDisk                         0x08000f28   Section        0  fileoperate.o(i.File_MountDisk)
    i.File_OpenDir                           0x08000f38   Section        0  fileoperate.o(i.File_OpenDir)
    i.File_ReadData                          0x08000f44   Section        0  fileoperate.o(i.File_ReadData)
    i.File_WriteData                         0x08000f88   Section        0  fileoperate.o(i.File_WriteData)
    i.FindSCR                                0x08000fcc   Section        0  sdio_sdcard.o(i.FindSCR)
    i.GPIO_Init                              0x08001110   Section        0  stm32f4xx_gpio.o(i.GPIO_Init)
    i.GPIO_PinAFConfig                       0x08001188   Section        0  stm32f4xx_gpio.o(i.GPIO_PinAFConfig)
    i.GPIO_ResetBits                         0x080011a8   Section        0  stm32f4xx_gpio.o(i.GPIO_ResetBits)
    i.GPIO_SetBits                           0x080011ac   Section        0  stm32f4xx_gpio.o(i.GPIO_SetBits)
    i.HardFault_Handler                      0x080011b0   Section        0  stm32f4xx_it.o(i.HardFault_Handler)
    i.IsCardProgramming                      0x080011b4   Section        0  sdio_sdcard.o(i.IsCardProgramming)
    i.Led_Test                               0x08001248   Section        0  led.o(i.Led_Test)
    i.MemManage_Handler                      0x0800127c   Section        0  stm32f4xx_it.o(i.MemManage_Handler)
    i.NMI_Handler                            0x0800127e   Section        0  stm32f4xx_it.o(i.NMI_Handler)
    i.NVIC_Init                              0x08001280   Section        0  misc.o(i.NVIC_Init)
    i.NVIC_PriorityGroupConfig               0x080012e4   Section        0  misc.o(i.NVIC_PriorityGroupConfig)
    i.OLED_ClearScreen                       0x080012f8   Section        0  oled.o(i.OLED_ClearScreen)
    i.OLED_Init                              0x08001314   Section        0  oled.o(i.OLED_Init)
    i.OLED_SPI_Init                          0x080013f4   Section        0  oled.o(i.OLED_SPI_Init)
    i.OLED_SendData                          0x080014b4   Section        0  oled.o(i.OLED_SendData)
    i.OLED_SetMode                           0x080014ec   Section        0  oled.o(i.OLED_SetMode)
    i.OLED_UpdateGRAM                        0x08001524   Section        0  oled.o(i.OLED_UpdateGRAM)
    i.RCC_AHB1PeriphClockCmd                 0x08001580   Section        0  stm32f4xx_rcc.o(i.RCC_AHB1PeriphClockCmd)
    i.RCC_APB1PeriphClockCmd                 0x08001598   Section        0  stm32f4xx_rcc.o(i.RCC_APB1PeriphClockCmd)
    i.RCC_APB2PeriphClockCmd                 0x080015b0   Section        0  stm32f4xx_rcc.o(i.RCC_APB2PeriphClockCmd)
    i.RCC_APB2PeriphResetCmd                 0x080015c8   Section        0  stm32f4xx_rcc.o(i.RCC_APB2PeriphResetCmd)
    i.RCC_GetClocksFreq                      0x080015e0   Section        0  stm32f4xx_rcc.o(i.RCC_GetClocksFreq)
    i.SDEnWideBus                            0x08001674   Section        0  sdio_sdcard.o(i.SDEnWideBus)
    i.SDIO_ClearFlag                         0x08001700   Section        0  stm32f4xx_sdio.o(i.SDIO_ClearFlag)
    i.SDIO_Clock_Set                         0x0800170c   Section        0  sdio_sdcard.o(i.SDIO_Clock_Set)
    i.SDIO_DataConfig                        0x08001720   Section        0  stm32f4xx_sdio.o(i.SDIO_DataConfig)
    i.SDIO_GetFlagStatus                     0x08001750   Section        0  stm32f4xx_sdio.o(i.SDIO_GetFlagStatus)
    i.SDIO_GetPowerState                     0x08001764   Section        0  stm32f4xx_sdio.o(i.SDIO_GetPowerState)
    i.SDIO_IRQHandler                        0x08001774   Section        0  sdio_sdcard.o(i.SDIO_IRQHandler)
    i.SDIO_Init                              0x08001778   Section        0  stm32f4xx_sdio.o(i.SDIO_Init)
    i.SDIO_Register_Deinit                   0x080017a4   Section        0  sdio_sdcard.o(i.SDIO_Register_Deinit)
    i.SDIO_SendCommand                       0x080017dc   Section        0  stm32f4xx_sdio.o(i.SDIO_SendCommand)
    i.SDIO_SetPowerState                     0x08001804   Section        0  stm32f4xx_sdio.o(i.SDIO_SetPowerState)
    i.SD_DMA_Config                          0x08001810   Section        0  sdio_sdcard.o(i.SD_DMA_Config)
    i.SD_EnableWideBusOperation              0x08001888   Section        0  sdio_sdcard.o(i.SD_EnableWideBusOperation)
    i.SD_GetCardInfo                         0x080018d4   Section        0  sdio_sdcard.o(i.SD_GetCardInfo)
    i.SD_Init                                0x08001acc   Section        0  sdio_sdcard.o(i.SD_Init)
    i.SD_InitializeCards                     0x08001be4   Section        0  sdio_sdcard.o(i.SD_InitializeCards)
    i.SD_PowerON                             0x08001d00   Section        0  sdio_sdcard.o(i.SD_PowerON)
    i.SD_ProcessIRQSrc                       0x08001ea4   Section        0  sdio_sdcard.o(i.SD_ProcessIRQSrc)
    i.SD_ReadBlock                           0x08001f94   Section        0  sdio_sdcard.o(i.SD_ReadBlock)
    i.SD_ReadDisk                            0x080021ac   Section        0  sdio_sdcard.o(i.SD_ReadDisk)
    i.SD_ReadMultiBlocks                     0x08002224   Section        0  sdio_sdcard.o(i.SD_ReadMultiBlocks)
    i.SD_SelectDeselect                      0x08002484   Section        0  sdio_sdcard.o(i.SD_SelectDeselect)
    i.SD_SetDeviceMode                       0x080024b0   Section        0  sdio_sdcard.o(i.SD_SetDeviceMode)
    i.SD_Test                                0x080024c8   Section        0  test.o(i.SD_Test)
    i.SD_WriteBlock                          0x08002548   Section        0  sdio_sdcard.o(i.SD_WriteBlock)
    i.SD_WriteDisk                           0x08002818   Section        0  sdio_sdcard.o(i.SD_WriteDisk)
    i.SD_WriteMultiBlocks                    0x08002888   Section        0  sdio_sdcard.o(i.SD_WriteMultiBlocks)
    i.SPI2_IRQHandler                        0x08002b8c   Section        0  spi.o(i.SPI2_IRQHandler)
    i.SPI_Cmd                                0x08002bc4   Section        0  stm32f4xx_spi.o(i.SPI_Cmd)
    i.SPI_I2S_ClearFlag                      0x08002bd8   Section        0  stm32f4xx_spi.o(i.SPI_I2S_ClearFlag)
    i.SPI_I2S_ClearITPendingBit              0x08002bde   Section        0  stm32f4xx_spi.o(i.SPI_I2S_ClearITPendingBit)
    i.SPI_I2S_GetFlagStatus                  0x08002bec   Section        0  stm32f4xx_spi.o(i.SPI_I2S_GetFlagStatus)
    i.SPI_I2S_GetITStatus                    0x08002bfa   Section        0  stm32f4xx_spi.o(i.SPI_I2S_GetITStatus)
    i.SPI_I2S_SendData                       0x08002c26   Section        0  stm32f4xx_spi.o(i.SPI_I2S_SendData)
    i.SPI_Init                               0x08002c2a   Section        0  stm32f4xx_spi.o(i.SPI_Init)
    i.SetSysClock                            0x08002c64   Section        0  system_stm32f4xx.o(i.SetSysClock)
    SetSysClock                              0x08002c65   Thumb Code   162  system_stm32f4xx.o(i.SetSysClock)
    i.SysTick_Handler                        0x08002d18   Section        0  port.o(i.SysTick_Handler)
    i.SystemInit                             0x08002d44   Section        0  system_stm32f4xx.o(i.SystemInit)
    i.System_GetState                        0x08002da0   Section        0  systemstate.o(i.System_GetState)
    i.System_ResetState                      0x08002db8   Section        0  systemstate.o(i.System_ResetState)
    i.System_SetState                        0x08002dc8   Section        0  systemstate.o(i.System_SetState)
    i.TIM1_BRK_TIM9_IRQHandler               0x08002dd8   Section        0  timer.o(i.TIM1_BRK_TIM9_IRQHandler)
    i.TIM6_DAC_IRQHandler                    0x08002e9c   Section        0  code_run_time.o(i.TIM6_DAC_IRQHandler)
    i.TIM8_TRG_COM_TIM14_IRQHandler          0x08002ee8   Section        0  hc_sr04.o(i.TIM8_TRG_COM_TIM14_IRQHandler)
    i.TIM_ARRPreloadConfig                   0x08002f78   Section        0  stm32f4xx_tim.o(i.TIM_ARRPreloadConfig)
    i.TIM_ClearFlag                          0x08002f8c   Section        0  stm32f4xx_tim.o(i.TIM_ClearFlag)
    i.TIM_ClearITPendingBit                  0x08002f92   Section        0  stm32f4xx_tim.o(i.TIM_ClearITPendingBit)
    i.TIM_Cmd                                0x08002f98   Section        0  stm32f4xx_tim.o(i.TIM_Cmd)
    i.TIM_GetFlagStatus                      0x08002fac   Section        0  stm32f4xx_tim.o(i.TIM_GetFlagStatus)
    i.TIM_GetITStatus                        0x08002fba   Section        0  stm32f4xx_tim.o(i.TIM_GetITStatus)
    i.TIM_ITConfig                           0x08002fd2   Section        0  stm32f4xx_tim.o(i.TIM_ITConfig)
    i.TIM_OC1PolarityConfig                  0x08002fe2   Section        0  stm32f4xx_tim.o(i.TIM_OC1PolarityConfig)
    i.TIM_TimeBaseInit                       0x08002ff0   Section        0  stm32f4xx_tim.o(i.TIM_TimeBaseInit)
    i.TaskTimer_Init                         0x0800306c   Section        0  timer.o(i.TaskTimer_Init)
    i.Task_List                              0x080030d0   Section        0  main.o(i.Task_List)
    i.USART1_IRQHandler                      0x08003168   Section        0  usart.o(i.USART1_IRQHandler)
    i.USART1_Init                            0x08003178   Section        0  usart.o(i.USART1_Init)
    i.USART2_IRQHandler                      0x08003230   Section        0  usart.o(i.USART2_IRQHandler)
    i.USART_ClearFlag                        0x08003240   Section        0  stm32f4xx_usart.o(i.USART_ClearFlag)
    i.USART_ClearITPendingBit                0x08003246   Section        0  stm32f4xx_usart.o(i.USART_ClearITPendingBit)
    i.USART_Cmd                              0x08003252   Section        0  stm32f4xx_usart.o(i.USART_Cmd)
    i.USART_GetFlagStatus                    0x08003266   Section        0  stm32f4xx_usart.o(i.USART_GetFlagStatus)
    i.USART_ITConfig                         0x08003274   Section        0  stm32f4xx_usart.o(i.USART_ITConfig)
    i.USART_Init                             0x080032a4   Section        0  stm32f4xx_usart.o(i.USART_Init)
    i.USART_SendData                         0x08003350   Section        0  stm32f4xx_usart.o(i.USART_SendData)
    i.UsageFault_Handler                     0x08003358   Section        0  stm32f4xx_it.o(i.UsageFault_Handler)
    i.__0printf                              0x0800335c   Section        0  printfa.o(i.__0printf)
    i.__scatterload_copy                     0x0800337c   Section       14  handlers.o(i.__scatterload_copy)
    i.__scatterload_null                     0x0800338a   Section        2  handlers.o(i.__scatterload_null)
    i.__scatterload_zeroinit                 0x0800338c   Section       14  handlers.o(i.__scatterload_zeroinit)
    i._fp_digits                             0x0800339c   Section        0  printfa.o(i._fp_digits)
    _fp_digits                               0x0800339d   Thumb Code   366  printfa.o(i._fp_digits)
    i._printf_core                           0x08003520   Section        0  printfa.o(i._printf_core)
    _printf_core                             0x08003521   Thumb Code  1704  printfa.o(i._printf_core)
    i._printf_post_padding                   0x08003bd4   Section        0  printfa.o(i._printf_post_padding)
    _printf_post_padding                     0x08003bd5   Thumb Code    36  printfa.o(i._printf_post_padding)
    i._printf_pre_padding                    0x08003bf8   Section        0  printfa.o(i._printf_pre_padding)
    _printf_pre_padding                      0x08003bf9   Thumb Code    46  printfa.o(i._printf_pre_padding)
    i.check_fs                               0x08003c28   Section        0  ff.o(i.check_fs)
    check_fs                                 0x08003c29   Thumb Code    96  ff.o(i.check_fs)
    i.clmt_clust                             0x08003c94   Section        0  ff.o(i.clmt_clust)
    clmt_clust                               0x08003c95   Thumb Code    36  ff.o(i.clmt_clust)
    i.clst2sect                              0x08003cb8   Section        0  ff.o(i.clst2sect)
    clst2sect                                0x08003cb9   Thumb Code    24  ff.o(i.clst2sect)
    i.convert_from_bytes_to_power_of_two     0x08003cd0   Section        0  sdio_sdcard.o(i.convert_from_bytes_to_power_of_two)
    i.create_chain                           0x08003ce2   Section        0  ff.o(i.create_chain)
    create_chain                             0x08003ce3   Thumb Code   220  ff.o(i.create_chain)
    i.create_name                            0x08003dc0   Section        0  ff.o(i.create_name)
    create_name                              0x08003dc1   Thumb Code   210  ff.o(i.create_name)
    i.dbc_1st                                0x08003ea4   Section        0  ff.o(i.dbc_1st)
    dbc_1st                                  0x08003ea5   Thumb Code    16  ff.o(i.dbc_1st)
    i.dbc_2nd                                0x08003eb4   Section        0  ff.o(i.dbc_2nd)
    dbc_2nd                                  0x08003eb5   Thumb Code    22  ff.o(i.dbc_2nd)
    i.delay_ms                               0x08003ecc   Section        0  timer.o(i.delay_ms)
    i.delay_us                               0x08003f0c   Section        0  timer.o(i.delay_us)
    i.dir_clear                              0x08003f38   Section        0  ff.o(i.dir_clear)
    dir_clear                                0x08003f39   Thumb Code    90  ff.o(i.dir_clear)
    i.dir_next                               0x08003f92   Section        0  ff.o(i.dir_next)
    dir_next                                 0x08003f93   Thumb Code   172  ff.o(i.dir_next)
    i.dir_register                           0x0800403e   Section        0  ff.o(i.dir_register)
    dir_register                             0x0800403f   Thumb Code   118  ff.o(i.dir_register)
    i.dir_sdi                                0x080040b4   Section        0  ff.o(i.dir_sdi)
    dir_sdi                                  0x080040b5   Thumb Code   130  ff.o(i.dir_sdi)
    i.disk_initialize                        0x08004136   Section        0  diskio.o(i.disk_initialize)
    i.disk_ioctl                             0x08004154   Section        0  diskio.o(i.disk_ioctl)
    i.disk_read                              0x080041ac   Section        0  diskio.o(i.disk_read)
    i.disk_status                            0x080041d6   Section        0  diskio.o(i.disk_status)
    i.disk_write                             0x080041ea   Section        0  diskio.o(i.disk_write)
    i.f_close                                0x08004214   Section        0  ff.o(i.f_close)
    i.f_lseek                                0x08004232   Section        0  ff.o(i.f_lseek)
    i.f_mkdir                                0x08004430   Section        0  ff.o(i.f_mkdir)
    i.f_mount                                0x08004534   Section        0  ff.o(i.f_mount)
    i.f_open                                 0x0800457c   Section        0  ff.o(i.f_open)
    i.f_opendir                              0x0800471e   Section        0  ff.o(i.f_opendir)
    i.f_read                                 0x08004780   Section        0  ff.o(i.f_read)
    i.f_sync                                 0x080048c6   Section        0  ff.o(i.f_sync)
    i.f_write                                0x08004950   Section        0  ff.o(i.f_write)
    i.find_volume                            0x08004acc   Section        0  ff.o(i.find_volume)
    find_volume                              0x08004acd   Thumb Code   582  ff.o(i.find_volume)
    i.follow_path                            0x08004d28   Section        0  ff.o(i.follow_path)
    follow_path                              0x08004d29   Thumb Code   190  ff.o(i.follow_path)
    i.fputc                                  0x08004de8   Section        0  usart.o(i.fputc)
    i.get_fat                                0x08004e14   Section        0  ff.o(i.get_fat)
    get_fat                                  0x08004e15   Thumb Code   190  ff.o(i.get_fat)
    i.get_ldnumber                           0x08004ed2   Section        0  ff.o(i.get_ldnumber)
    get_ldnumber                             0x08004ed3   Thumb Code    54  ff.o(i.get_ldnumber)
    i.ld_clust                               0x08004f08   Section        0  ff.o(i.ld_clust)
    ld_clust                                 0x08004f09   Thumb Code    38  ff.o(i.ld_clust)
    i.ld_dword                               0x08004f2e   Section        0  ff.o(i.ld_dword)
    ld_dword                                 0x08004f2f   Thumb Code    22  ff.o(i.ld_dword)
    i.ld_word                                0x08004f44   Section        0  ff.o(i.ld_word)
    ld_word                                  0x08004f45   Thumb Code    10  ff.o(i.ld_word)
    i.led_init                               0x08004f50   Section        0  led.o(i.led_init)
    i.main                                   0x08004f84   Section        0  main.o(i.main)
    i.mem_cmp                                0x08004fb4   Section        0  ff.o(i.mem_cmp)
    mem_cmp                                  0x08004fb5   Thumb Code    24  ff.o(i.mem_cmp)
    i.mem_cpy                                0x08004fcc   Section        0  ff.o(i.mem_cpy)
    mem_cpy                                  0x08004fcd   Thumb Code    18  ff.o(i.mem_cpy)
    i.mem_set                                0x08004fde   Section        0  ff.o(i.mem_set)
    mem_set                                  0x08004fdf   Thumb Code    12  ff.o(i.mem_set)
    i.move_window                            0x08004fea   Section        0  ff.o(i.move_window)
    move_window                              0x08004feb   Thumb Code    50  ff.o(i.move_window)
    i.prvResetNextTaskUnblockTime            0x0800501c   Section        0  tasks.o(i.prvResetNextTaskUnblockTime)
    prvResetNextTaskUnblockTime              0x0800501d   Thumb Code    26  tasks.o(i.prvResetNextTaskUnblockTime)
    i.put_fat                                0x0800503c   Section        0  ff.o(i.put_fat)
    put_fat                                  0x0800503d   Thumb Code   234  ff.o(i.put_fat)
    i.remove_chain                           0x08005126   Section        0  ff.o(i.remove_chain)
    remove_chain                             0x08005127   Thumb Code   116  ff.o(i.remove_chain)
    i.st_clust                               0x0800519a   Section        0  ff.o(i.st_clust)
    st_clust                                 0x0800519b   Thumb Code    40  ff.o(i.st_clust)
    i.st_dword                               0x080051c2   Section        0  ff.o(i.st_dword)
    st_dword                                 0x080051c3   Thumb Code    16  ff.o(i.st_dword)
    i.st_word                                0x080051d2   Section        0  ff.o(i.st_word)
    st_word                                  0x080051d3   Thumb Code     8  ff.o(i.st_word)
    i.sync_fs                                0x080051dc   Section        0  ff.o(i.sync_fs)
    sync_fs                                  0x080051dd   Thumb Code   126  ff.o(i.sync_fs)
    i.sync_window                            0x08005264   Section        0  ff.o(i.sync_window)
    sync_window                              0x08005265   Thumb Code    70  ff.o(i.sync_window)
    i.uxListRemove                           0x080052aa   Section        0  list.o(i.uxListRemove)
    i.vListInsertEnd                         0x080052d0   Section        0  list.o(i.vListInsertEnd)
    i.vTaskSwitchContext                     0x080052e8   Section        0  tasks.o(i.vTaskSwitchContext)
    i.validate                               0x08005344   Section        0  ff.o(i.validate)
    validate                                 0x08005345   Thumb Code    52  ff.o(i.validate)
    i.xTaskIncrementTick                     0x08005378   Section        0  tasks.o(i.xTaskIncrementTick)
    .data                                    0x20000000   Section       16  stm32f4xx_rcc.o(.data)
    APBAHBPrescTable                         0x20000000   Data          16  stm32f4xx_rcc.o(.data)
    .data                                    0x20000010   Section        4  spi.o(.data)
    i                                        0x20000010   Data           4  spi.o(.data)
    .data                                    0x20000014   Section        1  led.o(.data)
    i                                        0x20000014   Data           1  led.o(.data)
    .data                                    0x20000015   Section        6  exti.o(.data)
    .data                                    0x2000001c   Section        4  code_run_time.o(.data)
    Times_1ms                                0x2000001c   Data           2  code_run_time.o(.data)
    .data                                    0x20000020   Section       16  sdio_sdcard.o(.data)
    CardType                                 0x20000020   Data           1  sdio_sdcard.o(.data)
    DeviceMode                               0x20000021   Data           1  sdio_sdcard.o(.data)
    StopCondition                            0x20000022   Data           1  sdio_sdcard.o(.data)
    RCA                                      0x20000028   Data           4  sdio_sdcard.o(.data)
    .data                                    0x20000030   Section        1  timer.o(.data)
    Time_Cnt                                 0x20000030   Data           1  timer.o(.data)
    .data                                    0x20000032   Section        2  hc_sr04.o(.data)
    .data                                    0x20000034   Section        4  fileoperate.o(.data)
    DataPointer                              0x20000034   Data           4  fileoperate.o(.data)
    .data                                    0x20000038   Section       60  tasks.o(.data)
    uxDeletedTasksWaitingCleanUp             0x2000003c   Data           4  tasks.o(.data)
    uxCurrentNumberOfTasks                   0x20000040   Data           4  tasks.o(.data)
    xTickCount                               0x20000044   Data           4  tasks.o(.data)
    uxTopReadyPriority                       0x20000048   Data           4  tasks.o(.data)
    xSchedulerRunning                        0x2000004c   Data           4  tasks.o(.data)
    uxPendedTicks                            0x20000050   Data           4  tasks.o(.data)
    xYieldPending                            0x20000054   Data           4  tasks.o(.data)
    xNumOfOverflows                          0x20000058   Data           4  tasks.o(.data)
    uxTaskNumber                             0x2000005c   Data           4  tasks.o(.data)
    xNextTaskUnblockTime                     0x20000060   Data           4  tasks.o(.data)
    xIdleTaskHandle                          0x20000064   Data           4  tasks.o(.data)
    uxSchedulerSuspended                     0x20000068   Data           4  tasks.o(.data)
    pxDelayedTaskList                        0x2000006c   Data           4  tasks.o(.data)
    pxOverflowDelayedTaskList                0x20000070   Data           4  tasks.o(.data)
    .data                                    0x20000074   Section        2  ff.o(.data)
    Fsid                                     0x20000074   Data           2  ff.o(.data)
    .data                                    0x20000078   Section        4  stdout.o(.data)
    .bss                                     0x2000007c   Section     1024  oled.o(.bss)
    .bss                                     0x2000047c   Section      692  sdio_sdcard.o(.bss)
    CSD_Tab                                  0x200004c0   Data          16  sdio_sdcard.o(.bss)
    CID_Tab                                  0x200004d0   Data          16  sdio_sdcard.o(.bss)
    .bss                                     0x20000730   Section       21  systemstate.o(.bss)
    .bss                                     0x20000748   Section     1164  fileoperate.o(.bss)
    fs                                       0x20000748   Data         560  fileoperate.o(.bss)
    fils                                     0x20000978   Data         556  fileoperate.o(.bss)
    dp                                       0x20000ba4   Data          48  fileoperate.o(.bss)
    .bss                                     0x20000bd4   Section      400  tasks.o(.bss)
    pxReadyTasksLists                        0x20000bd4   Data         300  tasks.o(.bss)
    xDelayedTaskList1                        0x20000d00   Data          20  tasks.o(.bss)
    xDelayedTaskList2                        0x20000d14   Data          20  tasks.o(.bss)
    xPendingReadyList                        0x20000d28   Data          20  tasks.o(.bss)
    xTasksWaitingTermination                 0x20000d3c   Data          20  tasks.o(.bss)
    xSuspendedTaskList                       0x20000d50   Data          20  tasks.o(.bss)
    .bss                                     0x20000d64   Section       20  ff.o(.bss)
    FatFs                                    0x20000d64   Data          20  ff.o(.bss)
    STACK                                    0x20000d78   Section     8192  startup_stm32f40_41xxx.o(STACK)

    Global Symbols

    Symbol Name                              Value     Ov Type        Size  Object(Section)

    BuildAttributes$$THM_ISAv4$E$P$D$K$B$S$7EM$VFPi3$EXTD16$VFPS$VFMA$PE$A:L22UL41UL21$X:L11$S22US41US21$IEEE1$IW$USESV6$~STKCKD$USESV7$~SHL$OTIME$ROPI$IEEEX$EBA8$MICROLIB$REQ8$PRES8$EABIv2 0x00000000   Number         0  anon$$obj.o ABSOLUTE
    __ARM_use_no_argv                        0x00000000   Number         0  main.o ABSOLUTE
    _printf_a                                0x00000000   Number         0  stubs.o ABSOLUTE
    _printf_c                                0x00000000   Number         0  stubs.o ABSOLUTE
    _printf_charcount                        0x00000000   Number         0  stubs.o ABSOLUTE
    _printf_d                                0x00000000   Number         0  stubs.o ABSOLUTE
    _printf_e                                0x00000000   Number         0  stubs.o ABSOLUTE
    _printf_f                                0x00000000   Number         0  stubs.o ABSOLUTE
    _printf_flags                            0x00000000   Number         0  stubs.o ABSOLUTE
    _printf_fp_dec                           0x00000000   Number         0  stubs.o ABSOLUTE
    _printf_fp_hex                           0x00000000   Number         0  stubs.o ABSOLUTE
    _printf_g                                0x00000000   Number         0  stubs.o ABSOLUTE
    _printf_i                                0x00000000   Number         0  stubs.o ABSOLUTE
    _printf_int_dec                          0x00000000   Number         0  stubs.o ABSOLUTE
    _printf_l                                0x00000000   Number         0  stubs.o ABSOLUTE
    _printf_lc                               0x00000000   Number         0  stubs.o ABSOLUTE
    _printf_ll                               0x00000000   Number         0  stubs.o ABSOLUTE
    _printf_lld                              0x00000000   Number         0  stubs.o ABSOLUTE
    _printf_lli                              0x00000000   Number         0  stubs.o ABSOLUTE
    _printf_llo                              0x00000000   Number         0  stubs.o ABSOLUTE
    _printf_llu                              0x00000000   Number         0  stubs.o ABSOLUTE
    _printf_llx                              0x00000000   Number         0  stubs.o ABSOLUTE
    _printf_longlong_dec                     0x00000000   Number         0  stubs.o ABSOLUTE
    _printf_longlong_hex                     0x00000000   Number         0  stubs.o ABSOLUTE
    _printf_longlong_oct                     0x00000000   Number         0  stubs.o ABSOLUTE
    _printf_ls                               0x00000000   Number         0  stubs.o ABSOLUTE
    _printf_mbtowc                           0x00000000   Number         0  stubs.o ABSOLUTE
    _printf_n                                0x00000000   Number         0  stubs.o ABSOLUTE
    _printf_o                                0x00000000   Number         0  stubs.o ABSOLUTE
    _printf_p                                0x00000000   Number         0  stubs.o ABSOLUTE
    _printf_percent                          0x00000000   Number         0  stubs.o ABSOLUTE
    _printf_pre_padding                      0x00000000   Number         0  stubs.o ABSOLUTE
    _printf_return_value                     0x00000000   Number         0  stubs.o ABSOLUTE
    _printf_s                                0x00000000   Number         0  stubs.o ABSOLUTE
    _printf_sizespec                         0x00000000   Number         0  stubs.o ABSOLUTE
    _printf_str                              0x00000000   Number         0  stubs.o ABSOLUTE
    _printf_truncate_signed                  0x00000000   Number         0  stubs.o ABSOLUTE
    _printf_truncate_unsigned                0x00000000   Number         0  stubs.o ABSOLUTE
    _printf_u                                0x00000000   Number         0  stubs.o ABSOLUTE
    _printf_wc                               0x00000000   Number         0  stubs.o ABSOLUTE
    _printf_wctomb                           0x00000000   Number         0  stubs.o ABSOLUTE
    _printf_widthprec                        0x00000000   Number         0  stubs.o ABSOLUTE
    _printf_x                                0x00000000   Number         0  stubs.o ABSOLUTE
    __arm_fini_                               - Undefined Weak Reference
    __cpp_initialize__aeabi_                  - Undefined Weak Reference
    __cxa_finalize                            - Undefined Weak Reference
    __decompress                              - Undefined Weak Reference
    _clock_init                               - Undefined Weak Reference
    _microlib_exit                            - Undefined Weak Reference
    __Vectors_Size                           0x00000188   Number         0  startup_stm32f40_41xxx.o ABSOLUTE
    __Vectors                                0x08000000   Data           4  startup_stm32f40_41xxx.o(RESET)
    __Vectors_End                            0x08000188   Data           0  startup_stm32f40_41xxx.o(RESET)
    __main                                   0x08000189   Thumb Code     0  entry.o(.ARM.Collect$$$$00000000)
    _main_stk                                0x08000189   Thumb Code     0  entry2.o(.ARM.Collect$$$$00000001)
    _main_scatterload                        0x0800018d   Thumb Code     0  entry5.o(.ARM.Collect$$$$00000004)
    __main_after_scatterload                 0x08000191   Thumb Code     0  entry5.o(.ARM.Collect$$$$00000004)
    _main_clock                              0x08000191   Thumb Code     0  entry7b.o(.ARM.Collect$$$$00000008)
    _main_cpp_init                           0x08000191   Thumb Code     0  entry8b.o(.ARM.Collect$$$$0000000A)
    _main_init                               0x08000191   Thumb Code     0  entry9a.o(.ARM.Collect$$$$0000000B)
    __rt_lib_shutdown_fini                   0x08000199   Thumb Code     0  entry12b.o(.ARM.Collect$$$$0000000E)
    __rt_final_cpp                           0x0800019d   Thumb Code     0  entry10a.o(.ARM.Collect$$$$0000000F)
    __rt_final_exit                          0x0800019d   Thumb Code     0  entry11a.o(.ARM.Collect$$$$00000011)
    SVC_Handler                              0x080001a1   Thumb Code    28  port.o(.emb_text)
    __asm___6_port_c_39a90d8d__prvStartFirstTask 0x080001c1   Thumb Code    36  port.o(.emb_text)
    __asm___6_port_c_39a90d8d__prvEnableVFP  0x080001e9   Thumb Code    16  port.o(.emb_text)
    PendSV_Handler                           0x080001fd   Thumb Code    88  port.o(.emb_text)
    vPortGetIPSR                             0x08000259   Thumb Code     6  port.o(.emb_text)
    Reset_Handler                            0x08000261   Thumb Code     8  startup_stm32f40_41xxx.o(.text)
    ADC_IRQHandler                           0x0800027b   Thumb Code     0  startup_stm32f40_41xxx.o(.text)
    CAN1_RX0_IRQHandler                      0x0800027b   Thumb Code     0  startup_stm32f40_41xxx.o(.text)
    CAN1_RX1_IRQHandler                      0x0800027b   Thumb Code     0  startup_stm32f40_41xxx.o(.text)
    CAN1_SCE_IRQHandler                      0x0800027b   Thumb Code     0  startup_stm32f40_41xxx.o(.text)
    CAN1_TX_IRQHandler                       0x0800027b   Thumb Code     0  startup_stm32f40_41xxx.o(.text)
    CAN2_RX0_IRQHandler                      0x0800027b   Thumb Code     0  startup_stm32f40_41xxx.o(.text)
    CAN2_RX1_IRQHandler                      0x0800027b   Thumb Code     0  startup_stm32f40_41xxx.o(.text)
    CAN2_SCE_IRQHandler                      0x0800027b   Thumb Code     0  startup_stm32f40_41xxx.o(.text)
    CAN2_TX_IRQHandler                       0x0800027b   Thumb Code     0  startup_stm32f40_41xxx.o(.text)
    CRYP_IRQHandler                          0x0800027b   Thumb Code     0  startup_stm32f40_41xxx.o(.text)
    DCMI_IRQHandler                          0x0800027b   Thumb Code     0  startup_stm32f40_41xxx.o(.text)
    DMA1_Stream0_IRQHandler                  0x0800027b   Thumb Code     0  startup_stm32f40_41xxx.o(.text)
    DMA1_Stream1_IRQHandler                  0x0800027b   Thumb Code     0  startup_stm32f40_41xxx.o(.text)
    DMA1_Stream2_IRQHandler                  0x0800027b   Thumb Code     0  startup_stm32f40_41xxx.o(.text)
    DMA1_Stream3_IRQHandler                  0x0800027b   Thumb Code     0  startup_stm32f40_41xxx.o(.text)
    DMA1_Stream5_IRQHandler                  0x0800027b   Thumb Code     0  startup_stm32f40_41xxx.o(.text)
    DMA1_Stream6_IRQHandler                  0x0800027b   Thumb Code     0  startup_stm32f40_41xxx.o(.text)
    DMA1_Stream7_IRQHandler                  0x0800027b   Thumb Code     0  startup_stm32f40_41xxx.o(.text)
    DMA2_Stream0_IRQHandler                  0x0800027b   Thumb Code     0  startup_stm32f40_41xxx.o(.text)
    DMA2_Stream1_IRQHandler                  0x0800027b   Thumb Code     0  startup_stm32f40_41xxx.o(.text)
    DMA2_Stream2_IRQHandler                  0x0800027b   Thumb Code     0  startup_stm32f40_41xxx.o(.text)
    DMA2_Stream3_IRQHandler                  0x0800027b   Thumb Code     0  startup_stm32f40_41xxx.o(.text)
    DMA2_Stream4_IRQHandler                  0x0800027b   Thumb Code     0  startup_stm32f40_41xxx.o(.text)
    DMA2_Stream7_IRQHandler                  0x0800027b   Thumb Code     0  startup_stm32f40_41xxx.o(.text)
    ETH_IRQHandler                           0x0800027b   Thumb Code     0  startup_stm32f40_41xxx.o(.text)
    ETH_WKUP_IRQHandler                      0x0800027b   Thumb Code     0  startup_stm32f40_41xxx.o(.text)
    EXTI15_10_IRQHandler                     0x0800027b   Thumb Code     0  startup_stm32f40_41xxx.o(.text)
    EXTI1_IRQHandler                         0x0800027b   Thumb Code     0  startup_stm32f40_41xxx.o(.text)
    EXTI4_IRQHandler                         0x0800027b   Thumb Code     0  startup_stm32f40_41xxx.o(.text)
    EXTI9_5_IRQHandler                       0x0800027b   Thumb Code     0  startup_stm32f40_41xxx.o(.text)
    FLASH_IRQHandler                         0x0800027b   Thumb Code     0  startup_stm32f40_41xxx.o(.text)
    FPU_IRQHandler                           0x0800027b   Thumb Code     0  startup_stm32f40_41xxx.o(.text)
    FSMC_IRQHandler                          0x0800027b   Thumb Code     0  startup_stm32f40_41xxx.o(.text)
    HASH_RNG_IRQHandler                      0x0800027b   Thumb Code     0  startup_stm32f40_41xxx.o(.text)
    I2C1_ER_IRQHandler                       0x0800027b   Thumb Code     0  startup_stm32f40_41xxx.o(.text)
    I2C1_EV_IRQHandler                       0x0800027b   Thumb Code     0  startup_stm32f40_41xxx.o(.text)
    I2C2_ER_IRQHandler                       0x0800027b   Thumb Code     0  startup_stm32f40_41xxx.o(.text)
    I2C2_EV_IRQHandler                       0x0800027b   Thumb Code     0  startup_stm32f40_41xxx.o(.text)
    I2C3_ER_IRQHandler                       0x0800027b   Thumb Code     0  startup_stm32f40_41xxx.o(.text)
    I2C3_EV_IRQHandler                       0x0800027b   Thumb Code     0  startup_stm32f40_41xxx.o(.text)
    OTG_FS_IRQHandler                        0x0800027b   Thumb Code     0  startup_stm32f40_41xxx.o(.text)
    OTG_FS_WKUP_IRQHandler                   0x0800027b   Thumb Code     0  startup_stm32f40_41xxx.o(.text)
    OTG_HS_EP1_IN_IRQHandler                 0x0800027b   Thumb Code     0  startup_stm32f40_41xxx.o(.text)
    OTG_HS_EP1_OUT_IRQHandler                0x0800027b   Thumb Code     0  startup_stm32f40_41xxx.o(.text)
    OTG_HS_IRQHandler                        0x0800027b   Thumb Code     0  startup_stm32f40_41xxx.o(.text)
    OTG_HS_WKUP_IRQHandler                   0x0800027b   Thumb Code     0  startup_stm32f40_41xxx.o(.text)
    PVD_IRQHandler                           0x0800027b   Thumb Code     0  startup_stm32f40_41xxx.o(.text)
    RCC_IRQHandler                           0x0800027b   Thumb Code     0  startup_stm32f40_41xxx.o(.text)
    RTC_Alarm_IRQHandler                     0x0800027b   Thumb Code     0  startup_stm32f40_41xxx.o(.text)
    RTC_WKUP_IRQHandler                      0x0800027b   Thumb Code     0  startup_stm32f40_41xxx.o(.text)
    SPI1_IRQHandler                          0x0800027b   Thumb Code     0  startup_stm32f40_41xxx.o(.text)
    SPI3_IRQHandler                          0x0800027b   Thumb Code     0  startup_stm32f40_41xxx.o(.text)
    TAMP_STAMP_IRQHandler                    0x0800027b   Thumb Code     0  startup_stm32f40_41xxx.o(.text)
    TIM1_CC_IRQHandler                       0x0800027b   Thumb Code     0  startup_stm32f40_41xxx.o(.text)
    TIM1_TRG_COM_TIM11_IRQHandler            0x0800027b   Thumb Code     0  startup_stm32f40_41xxx.o(.text)
    TIM1_UP_TIM10_IRQHandler                 0x0800027b   Thumb Code     0  startup_stm32f40_41xxx.o(.text)
    TIM2_IRQHandler                          0x0800027b   Thumb Code     0  startup_stm32f40_41xxx.o(.text)
    TIM3_IRQHandler                          0x0800027b   Thumb Code     0  startup_stm32f40_41xxx.o(.text)
    TIM4_IRQHandler                          0x0800027b   Thumb Code     0  startup_stm32f40_41xxx.o(.text)
    TIM5_IRQHandler                          0x0800027b   Thumb Code     0  startup_stm32f40_41xxx.o(.text)
    TIM7_IRQHandler                          0x0800027b   Thumb Code     0  startup_stm32f40_41xxx.o(.text)
    TIM8_BRK_TIM12_IRQHandler                0x0800027b   Thumb Code     0  startup_stm32f40_41xxx.o(.text)
    TIM8_CC_IRQHandler                       0x0800027b   Thumb Code     0  startup_stm32f40_41xxx.o(.text)
    TIM8_UP_TIM13_IRQHandler                 0x0800027b   Thumb Code     0  startup_stm32f40_41xxx.o(.text)
    UART4_IRQHandler                         0x0800027b   Thumb Code     0  startup_stm32f40_41xxx.o(.text)
    UART5_IRQHandler                         0x0800027b   Thumb Code     0  startup_stm32f40_41xxx.o(.text)
    USART3_IRQHandler                        0x0800027b   Thumb Code     0  startup_stm32f40_41xxx.o(.text)
    USART6_IRQHandler                        0x0800027b   Thumb Code     0  startup_stm32f40_41xxx.o(.text)
    WWDG_IRQHandler                          0x0800027b   Thumb Code     0  startup_stm32f40_41xxx.o(.text)
    __aeabi_memcpy                           0x08000285   Thumb Code    36  memcpya.o(.text)
    __aeabi_memcpy4                          0x08000285   Thumb Code     0  memcpya.o(.text)
    __aeabi_memcpy8                          0x08000285   Thumb Code     0  memcpya.o(.text)
    __aeabi_memset                           0x080002a9   Thumb Code    14  memseta.o(.text)
    __aeabi_memset4                          0x080002a9   Thumb Code     0  memseta.o(.text)
    __aeabi_memset8                          0x080002a9   Thumb Code     0  memseta.o(.text)
    __aeabi_memclr                           0x080002b7   Thumb Code     4  memseta.o(.text)
    __aeabi_memclr4                          0x080002b7   Thumb Code     0  memseta.o(.text)
    __aeabi_memclr8                          0x080002b7   Thumb Code     0  memseta.o(.text)
    memset                                   0x080002bb   Thumb Code    18  memseta.o(.text)
    __aeabi_dadd                             0x080002cd   Thumb Code   322  dadd.o(.text)
    __aeabi_dsub                             0x0800040f   Thumb Code     6  dadd.o(.text)
    __aeabi_drsub                            0x08000415   Thumb Code     6  dadd.o(.text)
    __aeabi_dmul                             0x0800041b   Thumb Code   228  dmul.o(.text)
    __aeabi_ddiv                             0x080004ff   Thumb Code   222  ddiv.o(.text)
    __aeabi_uidiv                            0x080005dd   Thumb Code     0  uidiv.o(.text)
    __aeabi_uidivmod                         0x080005dd   Thumb Code    44  uidiv.o(.text)
    __aeabi_uldivmod                         0x08000609   Thumb Code    98  uldiv.o(.text)
    __aeabi_llsl                             0x0800066b   Thumb Code    30  llshl.o(.text)
    _ll_shift_l                              0x0800066b   Thumb Code     0  llshl.o(.text)
    __aeabi_llsr                             0x08000689   Thumb Code    32  llushr.o(.text)
    _ll_ushift_r                             0x08000689   Thumb Code     0  llushr.o(.text)
    __aeabi_lasr                             0x080006a9   Thumb Code    36  llsshr.o(.text)
    _ll_sshift_r                             0x080006a9   Thumb Code     0  llsshr.o(.text)
    __I$use$fp                               0x080006cd   Thumb Code     0  iusefp.o(.text)
    _double_round                            0x080006cd   Thumb Code    30  depilogue.o(.text)
    _double_epilogue                         0x080006eb   Thumb Code   156  depilogue.o(.text)
    __aeabi_d2ulz                            0x08000787   Thumb Code    48  dfixul.o(.text)
    __aeabi_cdrcmple                         0x080007b9   Thumb Code    48  cdrcmple.o(.text)
    __scatterload                            0x080007e9   Thumb Code    28  init.o(.text)
    __scatterload_rt2                        0x080007e9   Thumb Code     0  init.o(.text)
    BusFault_Handler                         0x0800080d   Thumb Code     2  stm32f4xx_it.o(i.BusFault_Handler)
    CmdError                                 0x0800080f   Thumb Code    42  sdio_sdcard.o(i.CmdError)
    CmdResp1Error                            0x08000839   Thumb Code    84  sdio_sdcard.o(i.CmdResp1Error)
    CmdResp2Error                            0x08000891   Thumb Code    66  sdio_sdcard.o(i.CmdResp2Error)
    CmdResp3Error                            0x080008d9   Thumb Code    42  sdio_sdcard.o(i.CmdResp3Error)
    CmdResp6Error                            0x08000909   Thumb Code   118  sdio_sdcard.o(i.CmdResp6Error)
    CmdResp7Error                            0x08000985   Thumb Code    54  sdio_sdcard.o(i.CmdResp7Error)
    DMA1_Start                               0x080009c1   Thumb Code    40  dma.o(i.DMA1_Start)
    DMA1_Stream4_IRQHandler                  0x080009f1   Thumb Code    36  dma.o(i.DMA1_Stream4_IRQHandler)
    DMA2_Start                               0x08000a1d   Thumb Code    40  dma.o(i.DMA2_Start)
    DMA2_Stream5_IRQHandler                  0x08000a4d   Thumb Code    36  dma.o(i.DMA2_Stream5_IRQHandler)
    DMA2_Stream6_IRQHandler                  0x08000a79   Thumb Code    32  dma.o(i.DMA2_Stream6_IRQHandler)
    DMA_ClearFlag                            0x08000aa1   Thumb Code    32  stm32f4xx_dma.o(i.DMA_ClearFlag)
    DMA_ClearITPendingBit                    0x08000acd   Thumb Code    32  stm32f4xx_dma.o(i.DMA_ClearITPendingBit)
    DMA_Cmd                                  0x08000af9   Thumb Code    20  stm32f4xx_dma.o(i.DMA_Cmd)
    DMA_DeInit                               0x08000b0d   Thumb Code   272  stm32f4xx_dma.o(i.DMA_DeInit)
    DMA_FlowControllerConfig                 0x08000c31   Thumb Code    20  stm32f4xx_dma.o(i.DMA_FlowControllerConfig)
    DMA_GetCmdStatus                         0x08000c45   Thumb Code    14  stm32f4xx_dma.o(i.DMA_GetCmdStatus)
    DMA_GetITStatus                          0x08000c55   Thumb Code    68  stm32f4xx_dma.o(i.DMA_GetITStatus)
    DMA_Init                                 0x08000ca9   Thumb Code    80  stm32f4xx_dma.o(i.DMA_Init)
    DMA_SetCurrDataCounter                   0x08000cfd   Thumb Code     4  stm32f4xx_dma.o(i.DMA_SetCurrDataCounter)
    DebugMon_Handler                         0x08000d01   Thumb Code     2  stm32f4xx_it.o(i.DebugMon_Handler)
    Delay_Init                               0x08000d05   Thumb Code    60  timer.o(i.Delay_Init)
    EXTI0_IRQHandler                         0x08000d49   Thumb Code    54  exti.o(i.EXTI0_IRQHandler)
    EXTI2_IRQHandler                         0x08000d89   Thumb Code   122  exti.o(i.EXTI2_IRQHandler)
    EXTI3_IRQHandler                         0x08000e0d   Thumb Code   136  exti.o(i.EXTI3_IRQHandler)
    EXTI_ClearFlag                           0x08000e9d   Thumb Code     6  stm32f4xx_exti.o(i.EXTI_ClearFlag)
    EXTI_GetFlagStatus                       0x08000ea9   Thumb Code    16  stm32f4xx_exti.o(i.EXTI_GetFlagStatus)
    File_CloseDir                            0x08000ebd   Thumb Code     6  fileoperate.o(i.File_CloseDir)
    File_CreateNewFile                       0x08000ec9   Thumb Code    26  fileoperate.o(i.File_CreateNewFile)
    File_FATFSInit                           0x08000ee9   Thumb Code    54  fileoperate.o(i.File_FATFSInit)
    File_Mkdir                               0x08000f25   Thumb Code     4  fileoperate.o(i.File_Mkdir)
    File_MountDisk                           0x08000f29   Thumb Code    10  fileoperate.o(i.File_MountDisk)
    File_OpenDir                             0x08000f39   Thumb Code     8  fileoperate.o(i.File_OpenDir)
    File_ReadData                            0x08000f45   Thumb Code    60  fileoperate.o(i.File_ReadData)
    File_WriteData                           0x08000f89   Thumb Code    60  fileoperate.o(i.File_WriteData)
    FindSCR                                  0x08000fcd   Thumb Code   310  sdio_sdcard.o(i.FindSCR)
    GPIO_Init                                0x08001111   Thumb Code   120  stm32f4xx_gpio.o(i.GPIO_Init)
    GPIO_PinAFConfig                         0x08001189   Thumb Code    32  stm32f4xx_gpio.o(i.GPIO_PinAFConfig)
    GPIO_ResetBits                           0x080011a9   Thumb Code     4  stm32f4xx_gpio.o(i.GPIO_ResetBits)
    GPIO_SetBits                             0x080011ad   Thumb Code     4  stm32f4xx_gpio.o(i.GPIO_SetBits)
    HardFault_Handler                        0x080011b1   Thumb Code     2  stm32f4xx_it.o(i.HardFault_Handler)
    IsCardProgramming                        0x080011b5   Thumb Code   134  sdio_sdcard.o(i.IsCardProgramming)
    Led_Test                                 0x08001249   Thumb Code    44  led.o(i.Led_Test)
    MemManage_Handler                        0x0800127d   Thumb Code     2  stm32f4xx_it.o(i.MemManage_Handler)
    NMI_Handler                              0x0800127f   Thumb Code     2  stm32f4xx_it.o(i.NMI_Handler)
    NVIC_Init                                0x08001281   Thumb Code    96  misc.o(i.NVIC_Init)
    NVIC_PriorityGroupConfig                 0x080012e5   Thumb Code    10  misc.o(i.NVIC_PriorityGroupConfig)
    OLED_ClearScreen                         0x080012f9   Thumb Code    22  oled.o(i.OLED_ClearScreen)
    OLED_Init                                0x08001315   Thumb Code   218  oled.o(i.OLED_Init)
    OLED_SPI_Init                            0x080013f5   Thumb Code   184  oled.o(i.OLED_SPI_Init)
    OLED_SendData                            0x080014b5   Thumb Code    48  oled.o(i.OLED_SendData)
    OLED_SetMode                             0x080014ed   Thumb Code    48  oled.o(i.OLED_SetMode)
    OLED_UpdateGRAM                          0x08001525   Thumb Code    88  oled.o(i.OLED_UpdateGRAM)
    RCC_AHB1PeriphClockCmd                   0x08001581   Thumb Code    18  stm32f4xx_rcc.o(i.RCC_AHB1PeriphClockCmd)
    RCC_APB1PeriphClockCmd                   0x08001599   Thumb Code    18  stm32f4xx_rcc.o(i.RCC_APB1PeriphClockCmd)
    RCC_APB2PeriphClockCmd                   0x080015b1   Thumb Code    18  stm32f4xx_rcc.o(i.RCC_APB2PeriphClockCmd)
    RCC_APB2PeriphResetCmd                   0x080015c9   Thumb Code    18  stm32f4xx_rcc.o(i.RCC_APB2PeriphResetCmd)
    RCC_GetClocksFreq                        0x080015e1   Thumb Code   132  stm32f4xx_rcc.o(i.RCC_GetClocksFreq)
    SDEnWideBus                              0x08001675   Thumb Code   126  sdio_sdcard.o(i.SDEnWideBus)
    SDIO_ClearFlag                           0x08001701   Thumb Code     6  stm32f4xx_sdio.o(i.SDIO_ClearFlag)
    SDIO_Clock_Set                           0x0800170d   Thumb Code    14  sdio_sdcard.o(i.SDIO_Clock_Set)
    SDIO_DataConfig                          0x08001721   Thumb Code    42  stm32f4xx_sdio.o(i.SDIO_DataConfig)
    SDIO_GetFlagStatus                       0x08001751   Thumb Code    16  stm32f4xx_sdio.o(i.SDIO_GetFlagStatus)
    SDIO_GetPowerState                       0x08001765   Thumb Code    10  stm32f4xx_sdio.o(i.SDIO_GetPowerState)
    SDIO_IRQHandler                          0x08001775   Thumb Code     4  sdio_sdcard.o(i.SDIO_IRQHandler)
    SDIO_Init                                0x08001779   Thumb Code    40  stm32f4xx_sdio.o(i.SDIO_Init)
    SDIO_Register_Deinit                     0x080017a5   Thumb Code    46  sdio_sdcard.o(i.SDIO_Register_Deinit)
    SDIO_SendCommand                         0x080017dd   Thumb Code    36  stm32f4xx_sdio.o(i.SDIO_SendCommand)
    SDIO_SetPowerState                       0x08001805   Thumb Code     6  stm32f4xx_sdio.o(i.SDIO_SetPowerState)
    SD_DMA_Config                            0x08001811   Thumb Code   112  sdio_sdcard.o(i.SD_DMA_Config)
    SD_EnableWideBusOperation                0x08001889   Thumb Code    66  sdio_sdcard.o(i.SD_EnableWideBusOperation)
    SD_GetCardInfo                           0x080018d5   Thumb Code   496  sdio_sdcard.o(i.SD_GetCardInfo)
    SD_Init                                  0x08001acd   Thumb Code   260  sdio_sdcard.o(i.SD_Init)
    SD_InitializeCards                       0x08001be5   Thumb Code   270  sdio_sdcard.o(i.SD_InitializeCards)
    SD_PowerON                               0x08001d01   Thumb Code   398  sdio_sdcard.o(i.SD_PowerON)
    SD_ProcessIRQSrc                         0x08001ea5   Thumb Code   228  sdio_sdcard.o(i.SD_ProcessIRQSrc)
    SD_ReadBlock                             0x08001f95   Thumb Code   514  sdio_sdcard.o(i.SD_ReadBlock)
    SD_ReadDisk                              0x080021ad   Thumb Code   114  sdio_sdcard.o(i.SD_ReadDisk)
    SD_ReadMultiBlocks                       0x08002225   Thumb Code   588  sdio_sdcard.o(i.SD_ReadMultiBlocks)
    SD_SelectDeselect                        0x08002485   Thumb Code    40  sdio_sdcard.o(i.SD_SelectDeselect)
    SD_SetDeviceMode                         0x080024b1   Thumb Code    20  sdio_sdcard.o(i.SD_SetDeviceMode)
    SD_Test                                  0x080024c9   Thumb Code    76  test.o(i.SD_Test)
    SD_WriteBlock                            0x08002549   Thumb Code   702  sdio_sdcard.o(i.SD_WriteBlock)
    SD_WriteDisk                             0x08002819   Thumb Code   108  sdio_sdcard.o(i.SD_WriteDisk)
    SD_WriteMultiBlocks                      0x08002889   Thumb Code   756  sdio_sdcard.o(i.SD_WriteMultiBlocks)
    SPI2_IRQHandler                          0x08002b8d   Thumb Code    48  spi.o(i.SPI2_IRQHandler)
    SPI_Cmd                                  0x08002bc5   Thumb Code    20  stm32f4xx_spi.o(i.SPI_Cmd)
    SPI_I2S_ClearFlag                        0x08002bd9   Thumb Code     6  stm32f4xx_spi.o(i.SPI_I2S_ClearFlag)
    SPI_I2S_ClearITPendingBit                0x08002bdf   Thumb Code    14  stm32f4xx_spi.o(i.SPI_I2S_ClearITPendingBit)
    SPI_I2S_GetFlagStatus                    0x08002bed   Thumb Code    14  stm32f4xx_spi.o(i.SPI_I2S_GetFlagStatus)
    SPI_I2S_GetITStatus                      0x08002bfb   Thumb Code    44  stm32f4xx_spi.o(i.SPI_I2S_GetITStatus)
    SPI_I2S_SendData                         0x08002c27   Thumb Code     4  stm32f4xx_spi.o(i.SPI_I2S_SendData)
    SPI_Init                                 0x08002c2b   Thumb Code    56  stm32f4xx_spi.o(i.SPI_Init)
    SysTick_Handler                          0x08002d19   Thumb Code    38  port.o(i.SysTick_Handler)
    SystemInit                               0x08002d45   Thumb Code    74  system_stm32f4xx.o(i.SystemInit)
    System_GetState                          0x08002da1   Thumb Code    20  systemstate.o(i.System_GetState)
    System_ResetState                        0x08002db9   Thumb Code    10  systemstate.o(i.System_ResetState)
    System_SetState                          0x08002dc9   Thumb Code    10  systemstate.o(i.System_SetState)
    TIM1_BRK_TIM9_IRQHandler                 0x08002dd9   Thumb Code   186  timer.o(i.TIM1_BRK_TIM9_IRQHandler)
    TIM6_DAC_IRQHandler                      0x08002e9d   Thumb Code    68  code_run_time.o(i.TIM6_DAC_IRQHandler)
    TIM8_TRG_COM_TIM14_IRQHandler            0x08002ee9   Thumb Code   136  hc_sr04.o(i.TIM8_TRG_COM_TIM14_IRQHandler)
    TIM_ARRPreloadConfig                     0x08002f79   Thumb Code    20  stm32f4xx_tim.o(i.TIM_ARRPreloadConfig)
    TIM_ClearFlag                            0x08002f8d   Thumb Code     6  stm32f4xx_tim.o(i.TIM_ClearFlag)
    TIM_ClearITPendingBit                    0x08002f93   Thumb Code     6  stm32f4xx_tim.o(i.TIM_ClearITPendingBit)
    TIM_Cmd                                  0x08002f99   Thumb Code    20  stm32f4xx_tim.o(i.TIM_Cmd)
    TIM_GetFlagStatus                        0x08002fad   Thumb Code    14  stm32f4xx_tim.o(i.TIM_GetFlagStatus)
    TIM_GetITStatus                          0x08002fbb   Thumb Code    24  stm32f4xx_tim.o(i.TIM_GetITStatus)
    TIM_ITConfig                             0x08002fd3   Thumb Code    16  stm32f4xx_tim.o(i.TIM_ITConfig)
    TIM_OC1PolarityConfig                    0x08002fe3   Thumb Code    12  stm32f4xx_tim.o(i.TIM_OC1PolarityConfig)
    TIM_TimeBaseInit                         0x08002ff1   Thumb Code    96  stm32f4xx_tim.o(i.TIM_TimeBaseInit)
    TaskTimer_Init                           0x0800306d   Thumb Code    96  timer.o(i.TaskTimer_Init)
    Task_List                                0x080030d1   Thumb Code   152  main.o(i.Task_List)
    USART1_IRQHandler                        0x08003169   Thumb Code    10  usart.o(i.USART1_IRQHandler)
    USART1_Init                              0x08003179   Thumb Code   176  usart.o(i.USART1_Init)
    USART2_IRQHandler                        0x08003231   Thumb Code    10  usart.o(i.USART2_IRQHandler)
    USART_ClearFlag                          0x08003241   Thumb Code     6  stm32f4xx_usart.o(i.USART_ClearFlag)
    USART_ClearITPendingBit                  0x08003247   Thumb Code    12  stm32f4xx_usart.o(i.USART_ClearITPendingBit)
    USART_Cmd                                0x08003253   Thumb Code    20  stm32f4xx_usart.o(i.USART_Cmd)
    USART_GetFlagStatus                      0x08003267   Thumb Code    14  stm32f4xx_usart.o(i.USART_GetFlagStatus)
    USART_ITConfig                           0x08003275   Thumb Code    48  stm32f4xx_usart.o(i.USART_ITConfig)
    USART_Init                               0x080032a5   Thumb Code   164  stm32f4xx_usart.o(i.USART_Init)
    USART_SendData                           0x08003351   Thumb Code     8  stm32f4xx_usart.o(i.USART_SendData)
    UsageFault_Handler                       0x08003359   Thumb Code     2  stm32f4xx_it.o(i.UsageFault_Handler)
    __0printf                                0x0800335d   Thumb Code    22  printfa.o(i.__0printf)
    __1printf                                0x0800335d   Thumb Code     0  printfa.o(i.__0printf)
    __2printf                                0x0800335d   Thumb Code     0  printfa.o(i.__0printf)
    __c89printf                              0x0800335d   Thumb Code     0  printfa.o(i.__0printf)
    printf                                   0x0800335d   Thumb Code     0  printfa.o(i.__0printf)
    __scatterload_copy                       0x0800337d   Thumb Code    14  handlers.o(i.__scatterload_copy)
    __scatterload_null                       0x0800338b   Thumb Code     2  handlers.o(i.__scatterload_null)
    __scatterload_zeroinit                   0x0800338d   Thumb Code    14  handlers.o(i.__scatterload_zeroinit)
    convert_from_bytes_to_power_of_two       0x08003cd1   Thumb Code    18  sdio_sdcard.o(i.convert_from_bytes_to_power_of_two)
    delay_ms                                 0x08003ecd   Thumb Code    60  timer.o(i.delay_ms)
    delay_us                                 0x08003f0d   Thumb Code    40  timer.o(i.delay_us)
    disk_initialize                          0x08004137   Thumb Code    30  diskio.o(i.disk_initialize)
    disk_ioctl                               0x08004155   Thumb Code    68  diskio.o(i.disk_ioctl)
    disk_read                                0x080041ad   Thumb Code    42  diskio.o(i.disk_read)
    disk_status                              0x080041d7   Thumb Code    20  diskio.o(i.disk_status)
    disk_write                               0x080041eb   Thumb Code    42  diskio.o(i.disk_write)
    f_close                                  0x08004215   Thumb Code    30  ff.o(i.f_close)
    f_lseek                                  0x08004233   Thumb Code   510  ff.o(i.f_lseek)
    f_mkdir                                  0x08004431   Thumb Code   260  ff.o(i.f_mkdir)
    f_mount                                  0x08004535   Thumb Code    66  ff.o(i.f_mount)
    f_open                                   0x0800457d   Thumb Code   418  ff.o(i.f_open)
    f_opendir                                0x0800471f   Thumb Code    98  ff.o(i.f_opendir)
    f_read                                   0x08004781   Thumb Code   326  ff.o(i.f_read)
    f_sync                                   0x080048c7   Thumb Code   138  ff.o(i.f_sync)
    f_write                                  0x08004951   Thumb Code   380  ff.o(i.f_write)
    fputc                                    0x08004de9   Thumb Code    38  usart.o(i.fputc)
    led_init                                 0x08004f51   Thumb Code    48  led.o(i.led_init)
    main                                     0x08004f85   Thumb Code    48  main.o(i.main)
    uxListRemove                             0x080052ab   Thumb Code    38  list.o(i.uxListRemove)
    vListInsertEnd                           0x080052d1   Thumb Code    24  list.o(i.vListInsertEnd)
    vTaskSwitchContext                       0x080052e9   Thumb Code    82  tasks.o(i.vTaskSwitchContext)
    xTaskIncrementTick                       0x08005379   Thumb Code   192  tasks.o(i.xTaskIncrementTick)
    Region$$Table$$Base                      0x08005440   Number         0  anon$$obj.o(Region$$Table)
    Region$$Table$$Limit                     0x08005460   Number         0  anon$$obj.o(Region$$Table)
    Menu_Num                                 0x20000015   Data           1  exti.o(.data)
    Set_Time                                 0x20000016   Data           1  exti.o(.data)
    Temperature_HIGH                         0x20000017   Data           1  exti.o(.data)
    Temperature_LOW                          0x20000018   Data           1  exti.o(.data)
    Humidity_HIGH                            0x20000019   Data           1  exti.o(.data)
    Humidity_LOW                             0x2000001a   Data           1  exti.o(.data)
    Run_Time                                 0x2000001e   Data           2  code_run_time.o(.data)
    TransferError                            0x20000023   Data           1  sdio_sdcard.o(.data)
    TransferEnd                              0x20000024   Data           1  sdio_sdcard.o(.data)
    tempbuff                                 0x2000002c   Data           4  sdio_sdcard.o(.data)
    Distance                                 0x20000032   Data           2  hc_sr04.o(.data)
    pxCurrentTCB                             0x20000038   Data           4  tasks.o(.data)
    __stdout                                 0x20000078   Data           4  stdout.o(.data)
    OLED_GRAM                                0x2000007c   Data        1024  oled.o(.bss)
    SDIO_InitStructure                       0x2000047c   Data          24  sdio_sdcard.o(.bss)
    SDIO_CmdInitStructure                    0x20000494   Data          20  sdio_sdcard.o(.bss)
    SDIO_DataInitStructure                   0x200004a8   Data          24  sdio_sdcard.o(.bss)
    SDCardInfo                               0x200004e0   Data          80  sdio_sdcard.o(.bss)
    SDIO_DATA_BUFFER                         0x20000530   Data         512  sdio_sdcard.o(.bss)
    DeviceStateList                          0x20000730   Data          21  systemstate.o(.bss)
    __initial_sp                             0x20002d78   Data           0  startup_stm32f40_41xxx.o(STACK)



==============================================================================

Memory Map of the image

  Image Entry point : 0x08000189

  Load Region LR_IROM1 (Base: 0x08000000, Size: 0x000054dc, Max: 0x00080000, ABSOLUTE)

    Execution Region ER_IROM1 (Exec base: 0x08000000, Load base: 0x08000000, Size: 0x00005460, Max: 0x00080000, ABSOLUTE)

    Exec Addr    Load Addr    Size         Type   Attr      Idx    E Section Name        Object

    0x08000000   0x08000000   0x00000188   Data   RO            3    RESET               startup_stm32f40_41xxx.o
    0x08000188   0x08000188   0x00000000   Code   RO         8916  * .ARM.Collect$$$$00000000  mc_w.l(entry.o)
    0x08000188   0x08000188   0x00000004   Code   RO         9247    .ARM.Collect$$$$00000001  mc_w.l(entry2.o)
    0x0800018c   0x0800018c   0x00000004   Code   RO         9250    .ARM.Collect$$$$00000004  mc_w.l(entry5.o)
    0x08000190   0x08000190   0x00000000   Code   RO         9252    .ARM.Collect$$$$00000008  mc_w.l(entry7b.o)
    0x08000190   0x08000190   0x00000000   Code   RO         9254    .ARM.Collect$$$$0000000A  mc_w.l(entry8b.o)
    0x08000190   0x08000190   0x00000008   Code   RO         9255    .ARM.Collect$$$$0000000B  mc_w.l(entry9a.o)
    0x08000198   0x08000198   0x00000004   Code   RO         9262    .ARM.Collect$$$$0000000E  mc_w.l(entry12b.o)
    0x0800019c   0x0800019c   0x00000000   Code   RO         9257    .ARM.Collect$$$$0000000F  mc_w.l(entry10a.o)
    0x0800019c   0x0800019c   0x00000000   Code   RO         9259    .ARM.Collect$$$$00000011  mc_w.l(entry11a.o)
    0x0800019c   0x0800019c   0x00000004   Code   RO         9248    .ARM.Collect$$$$00002712  mc_w.l(entry2.o)
    0x080001a0   0x080001a0   0x000000be   Code   RO         7937    .emb_text           port.o
    0x0800025e   0x0800025e   0x00000002   PAD
    0x08000260   0x08000260   0x00000024   Code   RO            4    .text               startup_stm32f40_41xxx.o
    0x08000284   0x08000284   0x00000024   Code   RO         8921    .text               mc_w.l(memcpya.o)
    0x080002a8   0x080002a8   0x00000024   Code   RO         8925    .text               mc_w.l(memseta.o)
    0x080002cc   0x080002cc   0x0000014e   Code   RO         9192    .text               mf_w.l(dadd.o)
    0x0800041a   0x0800041a   0x000000e4   Code   RO         9194    .text               mf_w.l(dmul.o)
    0x080004fe   0x080004fe   0x000000de   Code   RO         9196    .text               mf_w.l(ddiv.o)
    0x080005dc   0x080005dc   0x0000002c   Code   RO         9264    .text               mc_w.l(uidiv.o)
    0x08000608   0x08000608   0x00000062   Code   RO         9266    .text               mc_w.l(uldiv.o)
    0x0800066a   0x0800066a   0x0000001e   Code   RO         9268    .text               mc_w.l(llshl.o)
    0x08000688   0x08000688   0x00000020   Code   RO         9270    .text               mc_w.l(llushr.o)
    0x080006a8   0x080006a8   0x00000024   Code   RO         9272    .text               mc_w.l(llsshr.o)
    0x080006cc   0x080006cc   0x00000000   Code   RO         9281    .text               mc_w.l(iusefp.o)
    0x080006cc   0x080006cc   0x000000ba   Code   RO         9284    .text               mf_w.l(depilogue.o)
    0x08000786   0x08000786   0x00000030   Code   RO         9292    .text               mf_w.l(dfixul.o)
    0x080007b6   0x080007b6   0x00000002   PAD
    0x080007b8   0x080007b8   0x00000030   Code   RO         9296    .text               mf_w.l(cdrcmple.o)
    0x080007e8   0x080007e8   0x00000024   Code   RO         9298    .text               mc_w.l(init.o)
    0x0800080c   0x0800080c   0x00000002   Code   RO          293    i.BusFault_Handler  stm32f4xx_it.o
    0x0800080e   0x0800080e   0x0000002a   Code   RO         6262    i.CmdError          sdio_sdcard.o
    0x08000838   0x08000838   0x00000058   Code   RO         6263    i.CmdResp1Error     sdio_sdcard.o
    0x08000890   0x08000890   0x00000048   Code   RO         6264    i.CmdResp2Error     sdio_sdcard.o
    0x080008d8   0x080008d8   0x00000030   Code   RO         6265    i.CmdResp3Error     sdio_sdcard.o
    0x08000908   0x08000908   0x0000007c   Code   RO         6266    i.CmdResp6Error     sdio_sdcard.o
    0x08000984   0x08000984   0x0000003c   Code   RO         6267    i.CmdResp7Error     sdio_sdcard.o
    0x080009c0   0x080009c0   0x00000030   Code   RO         6201    i.DMA1_Start        dma.o
    0x080009f0   0x080009f0   0x0000002c   Code   RO         6202    i.DMA1_Stream4_IRQHandler  dma.o
    0x08000a1c   0x08000a1c   0x00000030   Code   RO         6204    i.DMA2_Start        dma.o
    0x08000a4c   0x08000a4c   0x0000002c   Code   RO         6205    i.DMA2_Stream5_IRQHandler  dma.o
    0x08000a78   0x08000a78   0x00000028   Code   RO         6206    i.DMA2_Stream6_IRQHandler  dma.o
    0x08000aa0   0x08000aa0   0x0000002c   Code   RO         1467    i.DMA_ClearFlag     stm32f4xx_dma.o
    0x08000acc   0x08000acc   0x0000002c   Code   RO         1468    i.DMA_ClearITPendingBit  stm32f4xx_dma.o
    0x08000af8   0x08000af8   0x00000014   Code   RO         1469    i.DMA_Cmd           stm32f4xx_dma.o
    0x08000b0c   0x08000b0c   0x00000124   Code   RO         1470    i.DMA_DeInit        stm32f4xx_dma.o
    0x08000c30   0x08000c30   0x00000014   Code   RO         1473    i.DMA_FlowControllerConfig  stm32f4xx_dma.o
    0x08000c44   0x08000c44   0x0000000e   Code   RO         1474    i.DMA_GetCmdStatus  stm32f4xx_dma.o
    0x08000c52   0x08000c52   0x00000002   PAD
    0x08000c54   0x08000c54   0x00000054   Code   RO         1479    i.DMA_GetITStatus   stm32f4xx_dma.o
    0x08000ca8   0x08000ca8   0x00000054   Code   RO         1481    i.DMA_Init          stm32f4xx_dma.o
    0x08000cfc   0x08000cfc   0x00000004   Code   RO         1484    i.DMA_SetCurrDataCounter  stm32f4xx_dma.o
    0x08000d00   0x08000d00   0x00000002   Code   RO          294    i.DebugMon_Handler  stm32f4xx_it.o
    0x08000d02   0x08000d02   0x00000002   PAD
    0x08000d04   0x08000d04   0x00000044   Code   RO         6723    i.Delay_Init        timer.o
    0x08000d48   0x08000d48   0x00000040   Code   RO         5929    i.EXTI0_IRQHandler  exti.o
    0x08000d88   0x08000d88   0x00000084   Code   RO         5930    i.EXTI2_IRQHandler  exti.o
    0x08000e0c   0x08000e0c   0x00000090   Code   RO         5931    i.EXTI3_IRQHandler  exti.o
    0x08000e9c   0x08000e9c   0x0000000c   Code   RO         1755    i.EXTI_ClearFlag    stm32f4xx_exti.o
    0x08000ea8   0x08000ea8   0x00000014   Code   RO         1759    i.EXTI_GetFlagStatus  stm32f4xx_exti.o
    0x08000ebc   0x08000ebc   0x0000000c   Code   RO         6812    i.File_CloseDir     fileoperate.o
    0x08000ec8   0x08000ec8   0x00000020   Code   RO         6814    i.File_CreateNewFile  fileoperate.o
    0x08000ee8   0x08000ee8   0x0000003c   Code   RO         6816    i.File_FATFSInit    fileoperate.o
    0x08000f24   0x08000f24   0x00000004   Code   RO         6819    i.File_Mkdir        fileoperate.o
    0x08000f28   0x08000f28   0x00000010   Code   RO         6820    i.File_MountDisk    fileoperate.o
    0x08000f38   0x08000f38   0x0000000c   Code   RO         6821    i.File_OpenDir      fileoperate.o
    0x08000f44   0x08000f44   0x00000044   Code   RO         6822    i.File_ReadData     fileoperate.o
    0x08000f88   0x08000f88   0x00000044   Code   RO         6826    i.File_WriteData    fileoperate.o
    0x08000fcc   0x08000fcc   0x00000144   Code   RO         6268    i.FindSCR           sdio_sdcard.o
    0x08001110   0x08001110   0x00000078   Code   RO         2269    i.GPIO_Init         stm32f4xx_gpio.o
    0x08001188   0x08001188   0x00000020   Code   RO         2270    i.GPIO_PinAFConfig  stm32f4xx_gpio.o
    0x080011a8   0x080011a8   0x00000004   Code   RO         2276    i.GPIO_ResetBits    stm32f4xx_gpio.o
    0x080011ac   0x080011ac   0x00000004   Code   RO         2277    i.GPIO_SetBits      stm32f4xx_gpio.o
    0x080011b0   0x080011b0   0x00000002   Code   RO          295    i.HardFault_Handler  stm32f4xx_it.o
    0x080011b2   0x080011b2   0x00000002   PAD
    0x080011b4   0x080011b4   0x00000094   Code   RO         6269    i.IsCardProgramming  sdio_sdcard.o
    0x08001248   0x08001248   0x00000034   Code   RO         5861    i.Led_Test          led.o
    0x0800127c   0x0800127c   0x00000002   Code   RO          296    i.MemManage_Handler  stm32f4xx_it.o
    0x0800127e   0x0800127e   0x00000002   Code   RO          297    i.NMI_Handler       stm32f4xx_it.o
    0x08001280   0x08001280   0x00000064   Code   RO          394    i.NVIC_Init         misc.o
    0x080012e4   0x080012e4   0x00000014   Code   RO          395    i.NVIC_PriorityGroupConfig  misc.o
    0x080012f8   0x080012f8   0x0000001c   Code   RO         5629    i.OLED_ClearScreen  oled.o
    0x08001314   0x08001314   0x000000e0   Code   RO         5635    i.OLED_Init         oled.o
    0x080013f4   0x080013f4   0x000000c0   Code   RO         5636    i.OLED_SPI_Init     oled.o
    0x080014b4   0x080014b4   0x00000038   Code   RO         5641    i.OLED_SendData     oled.o
    0x080014ec   0x080014ec   0x00000038   Code   RO         5643    i.OLED_SetMode      oled.o
    0x08001524   0x08001524   0x0000005c   Code   RO         5650    i.OLED_UpdateGRAM   oled.o
    0x08001580   0x08001580   0x00000018   Code   RO         3195    i.RCC_AHB1PeriphClockCmd  stm32f4xx_rcc.o
    0x08001598   0x08001598   0x00000018   Code   RO         3204    i.RCC_APB1PeriphClockCmd  stm32f4xx_rcc.o
    0x080015b0   0x080015b0   0x00000018   Code   RO         3207    i.RCC_APB2PeriphClockCmd  stm32f4xx_rcc.o
    0x080015c8   0x080015c8   0x00000018   Code   RO         3209    i.RCC_APB2PeriphResetCmd  stm32f4xx_rcc.o
    0x080015e0   0x080015e0   0x00000094   Code   RO         3216    i.RCC_GetClocksFreq  stm32f4xx_rcc.o
    0x08001674   0x08001674   0x0000008c   Code   RO         6270    i.SDEnWideBus       sdio_sdcard.o
    0x08001700   0x08001700   0x0000000c   Code   RO         4129    i.SDIO_ClearFlag    stm32f4xx_sdio.o
    0x0800170c   0x0800170c   0x00000014   Code   RO         6271    i.SDIO_Clock_Set    sdio_sdcard.o
    0x08001720   0x08001720   0x00000030   Code   RO         4135    i.SDIO_DataConfig   stm32f4xx_sdio.o
    0x08001750   0x08001750   0x00000014   Code   RO         4141    i.SDIO_GetFlagStatus  stm32f4xx_sdio.o
    0x08001764   0x08001764   0x00000010   Code   RO         4143    i.SDIO_GetPowerState  stm32f4xx_sdio.o
    0x08001774   0x08001774   0x00000004   Code   RO         6272    i.SDIO_IRQHandler   sdio_sdcard.o
    0x08001778   0x08001778   0x0000002c   Code   RO         4146    i.SDIO_Init         stm32f4xx_sdio.o
    0x080017a4   0x080017a4   0x00000038   Code   RO         6273    i.SDIO_Register_Deinit  sdio_sdcard.o
    0x080017dc   0x080017dc   0x00000028   Code   RO         4149    i.SDIO_SendCommand  stm32f4xx_sdio.o
    0x08001804   0x08001804   0x0000000c   Code   RO         4151    i.SDIO_SetPowerState  stm32f4xx_sdio.o
    0x08001810   0x08001810   0x00000078   Code   RO         6274    i.SD_DMA_Config     sdio_sdcard.o
    0x08001888   0x08001888   0x0000004c   Code   RO         6275    i.SD_EnableWideBusOperation  sdio_sdcard.o
    0x080018d4   0x080018d4   0x000001f8   Code   RO         6276    i.SD_GetCardInfo    sdio_sdcard.o
    0x08001acc   0x08001acc   0x00000118   Code   RO         6278    i.SD_Init           sdio_sdcard.o
    0x08001be4   0x08001be4   0x0000011c   Code   RO         6279    i.SD_InitializeCards  sdio_sdcard.o
    0x08001d00   0x08001d00   0x000001a4   Code   RO         6281    i.SD_PowerON        sdio_sdcard.o
    0x08001ea4   0x08001ea4   0x000000f0   Code   RO         6282    i.SD_ProcessIRQSrc  sdio_sdcard.o
    0x08001f94   0x08001f94   0x00000218   Code   RO         6283    i.SD_ReadBlock      sdio_sdcard.o
    0x080021ac   0x080021ac   0x00000078   Code   RO         6284    i.SD_ReadDisk       sdio_sdcard.o
    0x08002224   0x08002224   0x00000260   Code   RO         6285    i.SD_ReadMultiBlocks  sdio_sdcard.o
    0x08002484   0x08002484   0x0000002c   Code   RO         6286    i.SD_SelectDeselect  sdio_sdcard.o
    0x080024b0   0x080024b0   0x00000018   Code   RO         6288    i.SD_SetDeviceMode  sdio_sdcard.o
    0x080024c8   0x080024c8   0x00000080   Code   RO         6665    i.SD_Test           test.o
    0x08002548   0x08002548   0x000002d0   Code   RO         6290    i.SD_WriteBlock     sdio_sdcard.o
    0x08002818   0x08002818   0x00000070   Code   RO         6291    i.SD_WriteDisk      sdio_sdcard.o
    0x08002888   0x08002888   0x00000304   Code   RO         6292    i.SD_WriteMultiBlocks  sdio_sdcard.o
    0x08002b8c   0x08002b8c   0x00000038   Code   RO         5480    i.SPI2_IRQHandler   spi.o
    0x08002bc4   0x08002bc4   0x00000014   Code   RO         4353    i.SPI_Cmd           stm32f4xx_spi.o
    0x08002bd8   0x08002bd8   0x00000006   Code   RO         4357    i.SPI_I2S_ClearFlag  stm32f4xx_spi.o
    0x08002bde   0x08002bde   0x0000000e   Code   RO         4358    i.SPI_I2S_ClearITPendingBit  stm32f4xx_spi.o
    0x08002bec   0x08002bec   0x0000000e   Code   RO         4361    i.SPI_I2S_GetFlagStatus  stm32f4xx_spi.o
    0x08002bfa   0x08002bfa   0x0000002c   Code   RO         4362    i.SPI_I2S_GetITStatus  stm32f4xx_spi.o
    0x08002c26   0x08002c26   0x00000004   Code   RO         4365    i.SPI_I2S_SendData  stm32f4xx_spi.o
    0x08002c2a   0x08002c2a   0x00000038   Code   RO         4366    i.SPI_Init          stm32f4xx_spi.o
    0x08002c62   0x08002c62   0x00000002   PAD
    0x08002c64   0x08002c64   0x000000b4   Code   RO          353    i.SetSysClock       system_stm32f4xx.o
    0x08002d18   0x08002d18   0x0000002c   Code   RO         7938    i.SysTick_Handler   port.o
    0x08002d44   0x08002d44   0x0000005c   Code   RO          355    i.SystemInit        system_stm32f4xx.o
    0x08002da0   0x08002da0   0x00000018   Code   RO         6620    i.System_GetState   systemstate.o
    0x08002db8   0x08002db8   0x00000010   Code   RO         6621    i.System_ResetState  systemstate.o
    0x08002dc8   0x08002dc8   0x00000010   Code   RO         6622    i.System_SetState   systemstate.o
    0x08002dd8   0x08002dd8   0x000000c4   Code   RO         6724    i.TIM1_BRK_TIM9_IRQHandler  timer.o
    0x08002e9c   0x08002e9c   0x0000004c   Code   RO         6153    i.TIM6_DAC_IRQHandler  code_run_time.o
    0x08002ee8   0x08002ee8   0x00000090   Code   RO         6775    i.TIM8_TRG_COM_TIM14_IRQHandler  hc_sr04.o
    0x08002f78   0x08002f78   0x00000014   Code   RO         4577    i.TIM_ARRPreloadConfig  stm32f4xx_tim.o
    0x08002f8c   0x08002f8c   0x00000006   Code   RO         4583    i.TIM_ClearFlag     stm32f4xx_tim.o
    0x08002f92   0x08002f92   0x00000006   Code   RO         4584    i.TIM_ClearITPendingBit  stm32f4xx_tim.o
    0x08002f98   0x08002f98   0x00000014   Code   RO         4589    i.TIM_Cmd           stm32f4xx_tim.o
    0x08002fac   0x08002fac   0x0000000e   Code   RO         4609    i.TIM_GetFlagStatus  stm32f4xx_tim.o
    0x08002fba   0x08002fba   0x00000018   Code   RO         4610    i.TIM_GetITStatus   stm32f4xx_tim.o
    0x08002fd2   0x08002fd2   0x00000010   Code   RO         4614    i.TIM_ITConfig      stm32f4xx_tim.o
    0x08002fe2   0x08002fe2   0x0000000c   Code   RO         4620    i.TIM_OC1PolarityConfig  stm32f4xx_tim.o
    0x08002fee   0x08002fee   0x00000002   PAD
    0x08002ff0   0x08002ff0   0x0000007c   Code   RO         4661    i.TIM_TimeBaseInit  stm32f4xx_tim.o
    0x0800306c   0x0800306c   0x00000064   Code   RO         6725    i.TaskTimer_Init    timer.o
    0x080030d0   0x080030d0   0x00000098   Code   RO           13    i.Task_List         main.o
    0x08003168   0x08003168   0x00000010   Code   RO         5505    i.USART1_IRQHandler  usart.o
    0x08003178   0x08003178   0x000000b8   Code   RO         5506    i.USART1_Init       usart.o
    0x08003230   0x08003230   0x00000010   Code   RO         5507    i.USART2_IRQHandler  usart.o
    0x08003240   0x08003240   0x00000006   Code   RO         5126    i.USART_ClearFlag   stm32f4xx_usart.o
    0x08003246   0x08003246   0x0000000c   Code   RO         5127    i.USART_ClearITPendingBit  stm32f4xx_usart.o
    0x08003252   0x08003252   0x00000014   Code   RO         5130    i.USART_Cmd         stm32f4xx_usart.o
    0x08003266   0x08003266   0x0000000e   Code   RO         5133    i.USART_GetFlagStatus  stm32f4xx_usart.o
    0x08003274   0x08003274   0x00000030   Code   RO         5136    i.USART_ITConfig    stm32f4xx_usart.o
    0x080032a4   0x080032a4   0x000000ac   Code   RO         5137    i.USART_Init        stm32f4xx_usart.o
    0x08003350   0x08003350   0x00000008   Code   RO         5147    i.USART_SendData    stm32f4xx_usart.o
    0x08003358   0x08003358   0x00000002   Code   RO          298    i.UsageFault_Handler  stm32f4xx_it.o
    0x0800335a   0x0800335a   0x00000002   PAD
    0x0800335c   0x0800335c   0x00000020   Code   RO         9164    i.__0printf         mc_w.l(printfa.o)
    0x0800337c   0x0800337c   0x0000000e   Code   RO         9302    i.__scatterload_copy  mc_w.l(handlers.o)
    0x0800338a   0x0800338a   0x00000002   Code   RO         9303    i.__scatterload_null  mc_w.l(handlers.o)
    0x0800338c   0x0800338c   0x0000000e   Code   RO         9304    i.__scatterload_zeroinit  mc_w.l(handlers.o)
    0x0800339a   0x0800339a   0x00000002   PAD
    0x0800339c   0x0800339c   0x00000184   Code   RO         9171    i._fp_digits        mc_w.l(printfa.o)
    0x08003520   0x08003520   0x000006b4   Code   RO         9172    i._printf_core      mc_w.l(printfa.o)
    0x08003bd4   0x08003bd4   0x00000024   Code   RO         9173    i._printf_post_padding  mc_w.l(printfa.o)
    0x08003bf8   0x08003bf8   0x0000002e   Code   RO         9174    i._printf_pre_padding  mc_w.l(printfa.o)
    0x08003c26   0x08003c26   0x00000002   PAD
    0x08003c28   0x08003c28   0x0000006c   Code   RO         8544    i.check_fs          ff.o
    0x08003c94   0x08003c94   0x00000024   Code   RO         8545    i.clmt_clust        ff.o
    0x08003cb8   0x08003cb8   0x00000018   Code   RO         8546    i.clst2sect         ff.o
    0x08003cd0   0x08003cd0   0x00000012   Code   RO         6293    i.convert_from_bytes_to_power_of_two  sdio_sdcard.o
    0x08003ce2   0x08003ce2   0x000000dc   Code   RO         8547    i.create_chain      ff.o
    0x08003dbe   0x08003dbe   0x00000002   PAD
    0x08003dc0   0x08003dc0   0x000000e4   Code   RO         8548    i.create_name       ff.o
    0x08003ea4   0x08003ea4   0x00000010   Code   RO         8549    i.dbc_1st           ff.o
    0x08003eb4   0x08003eb4   0x00000016   Code   RO         8550    i.dbc_2nd           ff.o
    0x08003eca   0x08003eca   0x00000002   PAD
    0x08003ecc   0x08003ecc   0x00000040   Code   RO         6726    i.delay_ms          timer.o
    0x08003f0c   0x08003f0c   0x0000002c   Code   RO         6727    i.delay_us          timer.o
    0x08003f38   0x08003f38   0x0000005a   Code   RO         8551    i.dir_clear         ff.o
    0x08003f92   0x08003f92   0x000000ac   Code   RO         8552    i.dir_next          ff.o
    0x0800403e   0x0800403e   0x00000076   Code   RO         8554    i.dir_register      ff.o
    0x080040b4   0x080040b4   0x00000082   Code   RO         8556    i.dir_sdi           ff.o
    0x08004136   0x08004136   0x0000001e   Code   RO         8499    i.disk_initialize   diskio.o
    0x08004154   0x08004154   0x00000058   Code   RO         8500    i.disk_ioctl        diskio.o
    0x080041ac   0x080041ac   0x0000002a   Code   RO         8501    i.disk_read         diskio.o
    0x080041d6   0x080041d6   0x00000014   Code   RO         8502    i.disk_status       diskio.o
    0x080041ea   0x080041ea   0x0000002a   Code   RO         8503    i.disk_write        diskio.o
    0x08004214   0x08004214   0x0000001e   Code   RO         8557    i.f_close           ff.o
    0x08004232   0x08004232   0x000001fe   Code   RO         8562    i.f_lseek           ff.o
    0x08004430   0x08004430   0x00000104   Code   RO         8563    i.f_mkdir           ff.o
    0x08004534   0x08004534   0x00000048   Code   RO         8565    i.f_mount           ff.o
    0x0800457c   0x0800457c   0x000001a2   Code   RO         8566    i.f_open            ff.o
    0x0800471e   0x0800471e   0x00000062   Code   RO         8567    i.f_opendir         ff.o
    0x08004780   0x08004780   0x00000146   Code   RO         8568    i.f_read            ff.o
    0x080048c6   0x080048c6   0x0000008a   Code   RO         8572    i.f_sync            ff.o
    0x08004950   0x08004950   0x0000017c   Code   RO         8575    i.f_write           ff.o
    0x08004acc   0x08004acc   0x0000025c   Code   RO         8576    i.find_volume       ff.o
    0x08004d28   0x08004d28   0x000000be   Code   RO         8577    i.follow_path       ff.o
    0x08004de6   0x08004de6   0x00000002   PAD
    0x08004de8   0x08004de8   0x0000002c   Code   RO         5509    i.fputc             usart.o
    0x08004e14   0x08004e14   0x000000be   Code   RO         8579    i.get_fat           ff.o
    0x08004ed2   0x08004ed2   0x00000036   Code   RO         8582    i.get_ldnumber      ff.o
    0x08004f08   0x08004f08   0x00000026   Code   RO         8583    i.ld_clust          ff.o
    0x08004f2e   0x08004f2e   0x00000016   Code   RO         8584    i.ld_dword          ff.o
    0x08004f44   0x08004f44   0x0000000a   Code   RO         8585    i.ld_word           ff.o
    0x08004f4e   0x08004f4e   0x00000002   PAD
    0x08004f50   0x08004f50   0x00000034   Code   RO         5862    i.led_init          led.o
    0x08004f84   0x08004f84   0x00000030   Code   RO           14    i.main              main.o
    0x08004fb4   0x08004fb4   0x00000018   Code   RO         8586    i.mem_cmp           ff.o
    0x08004fcc   0x08004fcc   0x00000012   Code   RO         8587    i.mem_cpy           ff.o
    0x08004fde   0x08004fde   0x0000000c   Code   RO         8588    i.mem_set           ff.o
    0x08004fea   0x08004fea   0x00000032   Code   RO         8589    i.move_window       ff.o
    0x0800501c   0x0800501c   0x00000020   Code   RO         7434    i.prvResetNextTaskUnblockTime  tasks.o
    0x0800503c   0x0800503c   0x000000ea   Code   RO         8591    i.put_fat           ff.o
    0x08005126   0x08005126   0x00000074   Code   RO         8592    i.remove_chain      ff.o
    0x0800519a   0x0800519a   0x00000028   Code   RO         8593    i.st_clust          ff.o
    0x080051c2   0x080051c2   0x00000010   Code   RO         8594    i.st_dword          ff.o
    0x080051d2   0x080051d2   0x00000008   Code   RO         8595    i.st_word           ff.o
    0x080051da   0x080051da   0x00000002   PAD
    0x080051dc   0x080051dc   0x00000088   Code   RO         8596    i.sync_fs           ff.o
    0x08005264   0x08005264   0x00000046   Code   RO         8597    i.sync_window       ff.o
    0x080052aa   0x080052aa   0x00000026   Code   RO         7046    i.uxListRemove      list.o
    0x080052d0   0x080052d0   0x00000018   Code   RO         7050    i.vListInsertEnd    list.o
    0x080052e8   0x080052e8   0x0000005c   Code   RO         7464    i.vTaskSwitchContext  tasks.o
    0x08005344   0x08005344   0x00000034   Code   RO         8598    i.validate          ff.o
    0x08005378   0x08005378   0x000000c8   Code   RO         7473    i.xTaskIncrementTick  tasks.o
    0x08005440   0x08005440   0x00000020   Data   RO         9300    Region$$Table       anon$$obj.o


    Execution Region RW_IRAM2 (Exec base: 0x10000000, Load base: 0x080054dc, Size: 0x00000000, Max: 0x00010000, ABSOLUTE)

    **** No section assigned to this execution region ****


    Execution Region RW_IRAM1 (Exec base: 0x20000000, Load base: 0x08005460, Size: 0x00002d78, Max: 0x00020000, ABSOLUTE)

    Exec Addr    Load Addr    Size         Type   Attr      Idx    E Section Name        Object

    0x20000000   0x08005460   0x00000010   Data   RW         3248    .data               stm32f4xx_rcc.o
    0x20000010   0x08005470   0x00000004   Data   RW         5481    .data               spi.o
    0x20000014   0x08005474   0x00000001   Data   RW         5863    .data               led.o
    0x20000015   0x08005475   0x00000006   Data   RW         5933    .data               exti.o
    0x2000001b   0x0800547b   0x00000001   PAD
    0x2000001c   0x0800547c   0x00000004   Data   RW         6154    .data               code_run_time.o
    0x20000020   0x08005480   0x00000010   Data   RW         6295    .data               sdio_sdcard.o
    0x20000030   0x08005490   0x00000001   Data   RW         6728    .data               timer.o
    0x20000031   0x08005491   0x00000001   PAD
    0x20000032   0x08005492   0x00000002   Data   RW         6776    .data               hc_sr04.o
    0x20000034   0x08005494   0x00000004   Data   RW         6828    .data               fileoperate.o
    0x20000038   0x08005498   0x0000003c   Data   RW         7482    .data               tasks.o
    0x20000074   0x080054d4   0x00000002   Data   RW         8602    .data               ff.o
    0x20000076   0x080054d6   0x00000002   PAD
    0x20000078   0x080054d8   0x00000004   Data   RW         9263    .data               mc_w.l(stdout.o)
    0x2000007c        -       0x00000400   Zero   RW         5654    .bss                oled.o
    0x2000047c        -       0x000002b4   Zero   RW         6294    .bss                sdio_sdcard.o
    0x20000730        -       0x00000015   Zero   RW         6623    .bss                systemstate.o
    0x20000745   0x080054dc   0x00000003   PAD
    0x20000748        -       0x0000048c   Zero   RW         6827    .bss                fileoperate.o
    0x20000bd4        -       0x00000190   Zero   RW         7481    .bss                tasks.o
    0x20000d64        -       0x00000014   Zero   RW         8599    .bss                ff.o
    0x20000d78        -       0x00002000   Zero   RW            1    STACK               startup_stm32f40_41xxx.o


==============================================================================

Image component sizes


      Code (inc. data)   RO Data    RW Data    ZI Data      Debug   Object Name

        76          8          0          4          0        721   code_run_time.o
       222         20          0          0          0       3530   diskio.o
       224         40          0          0          0       2839   dma.o
         0          0          0          0          0       7788   event_groups.o
       340         34          0          6          0       2049   exti.o
      5280         68          0          2         20      48702   ff.o
       272         44          0          4       1164       4968   fileoperate.o
       144          8          0          2          0        775   hc_sr04.o
       104         12          0          1          0        962   led.o
        62          0          0          0          0       1440   list.o
       200          0          0          0          0     333387   main.o
       120         14          0          0          0       1427   misc.o
       648         40          0          0       1024       4055   oled.o
       234         22          0          0          0       3714   port.o
      6004        274          0         16        692      34273   sdio_sdcard.o
        56          8          0          4          0        498   spi.o
        36          8        392          0       8192        840   startup_stm32f40_41xxx.o
       606         64          0          0          0       6851   stm32f4xx_dma.o
        32         10          0          0          0       1074   stm32f4xx_exti.o
       160          0          0          0          0       2675   stm32f4xx_gpio.o
        12          0          0          0          0       2585   stm32f4xx_it.o
       244         40          0         16          0       5104   stm32f4xx_rcc.o
       192         36          0          0          0       5437   stm32f4xx_sdio.o
       158          0          0          0          0       4650   stm32f4xx_spi.o
       242         28          0          0          0       6752   stm32f4xx_tim.o
       280          8          0          0          0       5085   stm32f4xx_usart.o
       272         36          0          0          0       1453   system_stm32f4xx.o
        56         16          0          0         21       2062   systemstate.o
       324         24          0         60        400       6632   tasks.o
       128         52          0          0          0        518   test.o
       472         30          0          1          0       2931   timer.o
       260         26          0          0          0       2258   usart.o

    ----------------------------------------------------------------------
     17484        970        424        120      11516     508035   Object Totals
         0          0         32          0          0          0   (incl. Generated)
        24          0          0          4          3          0   (incl. Padding)

    ----------------------------------------------------------------------

      Code (inc. data)   RO Data    RW Data    ZI Data      Debug   Library Member Name

         0          0          0          0          0          0   entry.o
         0          0          0          0          0          0   entry10a.o
         0          0          0          0          0          0   entry11a.o
         4          0          0          0          0          0   entry12b.o
         8          4          0          0          0          0   entry2.o
         4          0          0          0          0          0   entry5.o
         0          0          0          0          0          0   entry7b.o
         0          0          0          0          0          0   entry8b.o
         8          4          0          0          0          0   entry9a.o
        30          0          0          0          0          0   handlers.o
        36          8          0          0          0         68   init.o
         0          0          0          0          0          0   iusefp.o
        30          0          0          0          0         68   llshl.o
        36          0          0          0          0         68   llsshr.o
        32          0          0          0          0         68   llushr.o
        36          0          0          0          0         68   memcpya.o
        36          0          0          0          0        108   memseta.o
      2218         90          0          0          0        464   printfa.o
         0          0          0          4          0          0   stdout.o
        44          0          0          0          0         80   uidiv.o
        98          0          0          0          0         92   uldiv.o
        48          0          0          0          0         68   cdrcmple.o
       334          0          0          0          0        148   dadd.o
       222          0          0          0          0        100   ddiv.o
       186          0          0          0          0        176   depilogue.o
        48          0          0          0          0         68   dfixul.o
       228          0          0          0          0         96   dmul.o

    ----------------------------------------------------------------------
      3692        106          0          4          0       1740   Library Totals
         6          0          0          0          0          0   (incl. Padding)

    ----------------------------------------------------------------------

      Code (inc. data)   RO Data    RW Data    ZI Data      Debug   Library Name

      2620        106          0          4          0       1084   mc_w.l
      1066          0          0          0          0        656   mf_w.l

    ----------------------------------------------------------------------
      3692        106          0          4          0       1740   Library Totals

    ----------------------------------------------------------------------

==============================================================================


      Code (inc. data)   RO Data    RW Data    ZI Data      Debug   

     21176       1076        424        124      11516     491695   Grand Totals
     21176       1076        424        124      11516     491695   ELF Image Totals
     21176       1076        424        124          0          0   ROM Totals

==============================================================================

    Total RO  Size (Code + RO Data)                21600 (  21.09kB)
    Total RW  Size (RW Data + ZI Data)             11640 (  11.37kB)
    Total ROM Size (Code + RO Data + RW Data)      21724 (  21.21kB)

==============================================================================

