Component: ARM Compiler 5.06 update 7 (build 960) Tool: armlink [4d3601]

==============================================================================

Section Cross References

    startup_stm32f40_41xxx.o(RESET) refers to startup_stm32f40_41xxx.o(STACK) for __initial_sp
    startup_stm32f40_41xxx.o(RESET) refers to startup_stm32f40_41xxx.o(.text) for Reset_Handler
    startup_stm32f40_41xxx.o(RESET) refers to stm32f4xx_it.o(i.NMI_Handler) for NMI_Handler
    startup_stm32f40_41xxx.o(RESET) refers to stm32f4xx_it.o(i.HardFault_Handler) for HardFault_Handler
    startup_stm32f40_41xxx.o(RESET) refers to stm32f4xx_it.o(i.MemManage_Handler) for MemManage_Handler
    startup_stm32f40_41xxx.o(RESET) refers to stm32f4xx_it.o(i.BusFault_Handler) for BusFault_Handler
    startup_stm32f40_41xxx.o(RESET) refers to stm32f4xx_it.o(i.UsageFault_Handler) for UsageFault_Handler
    startup_stm32f40_41xxx.o(RESET) refers to port.o(.emb_text) for SVC_Handler
    startup_stm32f40_41xxx.o(RESET) refers to stm32f4xx_it.o(i.DebugMon_Handler) for DebugMon_Handler
    startup_stm32f40_41xxx.o(RESET) refers to port.o(i.SysTick_Handler) for SysTick_Handler
    startup_stm32f40_41xxx.o(RESET) refers to exti.o(i.EXTI0_IRQHandler) for EXTI0_IRQHandler
    startup_stm32f40_41xxx.o(RESET) refers to exti.o(i.EXTI2_IRQHandler) for EXTI2_IRQHandler
    startup_stm32f40_41xxx.o(RESET) refers to dma.o(i.DMA1_Stream4_IRQHandler) for DMA1_Stream4_IRQHandler
    startup_stm32f40_41xxx.o(RESET) refers to timer.o(i.TIM1_BRK_TIM9_IRQHandler) for TIM1_BRK_TIM9_IRQHandler
    startup_stm32f40_41xxx.o(RESET) refers to spi.o(i.SPI2_IRQHandler) for SPI2_IRQHandler
    startup_stm32f40_41xxx.o(RESET) refers to usart.o(i.USART1_IRQHandler) for USART1_IRQHandler
    startup_stm32f40_41xxx.o(RESET) refers to usart.o(i.USART2_IRQHandler) for USART2_IRQHandler
    startup_stm32f40_41xxx.o(RESET) refers to sdio_sdcard.o(i.SDIO_IRQHandler) for SDIO_IRQHandler
    startup_stm32f40_41xxx.o(RESET) refers to code_run_time.o(i.TIM6_DAC_IRQHandler) for TIM6_DAC_IRQHandler
    startup_stm32f40_41xxx.o(RESET) refers to stm32f4xx_it.o(i.OTG_FS_IRQHandler) for OTG_FS_IRQHandler
    startup_stm32f40_41xxx.o(RESET) refers to dma.o(i.DMA2_Stream5_IRQHandler) for DMA2_Stream5_IRQHandler
    startup_stm32f40_41xxx.o(RESET) refers to dma.o(i.DMA2_Stream6_IRQHandler) for DMA2_Stream6_IRQHandler
    startup_stm32f40_41xxx.o(.text) refers to system_stm32f4xx.o(i.SystemInit) for SystemInit
    startup_stm32f40_41xxx.o(.text) refers to entry.o(.ARM.Collect$$$$00000000) for __main
    stm32f4xx_adc.o(i.ADC_DeInit) refers to stm32f4xx_rcc.o(i.RCC_APB2PeriphResetCmd) for RCC_APB2PeriphResetCmd
    stm32f4xx_can.o(i.CAN_DeInit) refers to stm32f4xx_rcc.o(i.RCC_APB1PeriphResetCmd) for RCC_APB1PeriphResetCmd
    stm32f4xx_can.o(i.CAN_GetITStatus) refers to stm32f4xx_can.o(i.CheckITStatus) for CheckITStatus
    stm32f4xx_cryp.o(i.CRYP_DeInit) refers to stm32f4xx_rcc.o(i.RCC_AHB2PeriphResetCmd) for RCC_AHB2PeriphResetCmd
    stm32f4xx_cryp_aes.o(i.CRYP_AES_CBC) refers to stm32f4xx_cryp.o(i.CRYP_KeyStructInit) for CRYP_KeyStructInit
    stm32f4xx_cryp_aes.o(i.CRYP_AES_CBC) refers to stm32f4xx_cryp.o(i.CRYP_KeyInit) for CRYP_KeyInit
    stm32f4xx_cryp_aes.o(i.CRYP_AES_CBC) refers to stm32f4xx_cryp.o(i.CRYP_Init) for CRYP_Init
    stm32f4xx_cryp_aes.o(i.CRYP_AES_CBC) refers to stm32f4xx_cryp.o(i.CRYP_IVInit) for CRYP_IVInit
    stm32f4xx_cryp_aes.o(i.CRYP_AES_CBC) refers to stm32f4xx_cryp.o(i.CRYP_FIFOFlush) for CRYP_FIFOFlush
    stm32f4xx_cryp_aes.o(i.CRYP_AES_CBC) refers to stm32f4xx_cryp.o(i.CRYP_Cmd) for CRYP_Cmd
    stm32f4xx_cryp_aes.o(i.CRYP_AES_CBC) refers to stm32f4xx_cryp.o(i.CRYP_GetCmdStatus) for CRYP_GetCmdStatus
    stm32f4xx_cryp_aes.o(i.CRYP_AES_CBC) refers to stm32f4xx_cryp.o(i.CRYP_GetFlagStatus) for CRYP_GetFlagStatus
    stm32f4xx_cryp_aes.o(i.CRYP_AES_CBC) refers to stm32f4xx_cryp.o(i.CRYP_DataIn) for CRYP_DataIn
    stm32f4xx_cryp_aes.o(i.CRYP_AES_CBC) refers to stm32f4xx_cryp.o(i.CRYP_DataOut) for CRYP_DataOut
    stm32f4xx_cryp_aes.o(i.CRYP_AES_CCM) refers to stm32f4xx_cryp.o(i.CRYP_KeyStructInit) for CRYP_KeyStructInit
    stm32f4xx_cryp_aes.o(i.CRYP_AES_CCM) refers to stm32f4xx_cryp.o(i.CRYP_FIFOFlush) for CRYP_FIFOFlush
    stm32f4xx_cryp_aes.o(i.CRYP_AES_CCM) refers to stm32f4xx_cryp.o(i.CRYP_KeyInit) for CRYP_KeyInit
    stm32f4xx_cryp_aes.o(i.CRYP_AES_CCM) refers to stm32f4xx_cryp.o(i.CRYP_IVInit) for CRYP_IVInit
    stm32f4xx_cryp_aes.o(i.CRYP_AES_CCM) refers to stm32f4xx_cryp.o(i.CRYP_Init) for CRYP_Init
    stm32f4xx_cryp_aes.o(i.CRYP_AES_CCM) refers to stm32f4xx_cryp.o(i.CRYP_PhaseConfig) for CRYP_PhaseConfig
    stm32f4xx_cryp_aes.o(i.CRYP_AES_CCM) refers to stm32f4xx_cryp.o(i.CRYP_DataIn) for CRYP_DataIn
    stm32f4xx_cryp_aes.o(i.CRYP_AES_CCM) refers to stm32f4xx_cryp.o(i.CRYP_Cmd) for CRYP_Cmd
    stm32f4xx_cryp_aes.o(i.CRYP_AES_CCM) refers to stm32f4xx_cryp.o(i.CRYP_GetCmdStatus) for CRYP_GetCmdStatus
[...]
    .constdata                               0x080079c0   Section       80  asin.o(.constdata)
    pS                                       0x080079c0   Data          48  asin.o(.constdata)
    qS                                       0x080079f0   Data          32  asin.o(.constdata)
    .constdata                               0x08007a10   Section      152  atan.o(.constdata)
    atanhi                                   0x08007a10   Data          32  atan.o(.constdata)
    atanlo                                   0x08007a30   Data          32  atan.o(.constdata)
    aTodd                                    0x08007a50   Data          40  atan.o(.constdata)
    aTeven                                   0x08007a78   Data          48  atan.o(.constdata)
    .constdata                               0x08007aa8   Section        8  qnan.o(.constdata)
    .conststring                             0x08007ab0   Section       77  inv_mpu.o(.conststring)
    .data                                    0x20000000   Section       16  stm32f4xx_rcc.o(.data)
    APBAHBPrescTable                         0x20000000   Data          16  stm32f4xx_rcc.o(.data)
    .data                                    0x20000010   Section        4  main.o(.data)
    .data                                    0x20000014   Section        4  code_run_time.o(.data)
    Times_1ms                                0x20000014   Data           2  code_run_time.o(.data)
    .data                                    0x20000018   Section        5  exti.o(.data)
    .data                                    0x2000001d   Section        9  mpu6050.o(.data)
    gyro_orientation                         0x2000001d   Data           9  mpu6050.o(.data)
    .data                                    0x20000026   Section     1538  oled.o(.data)
    x                                        0x20000026   Data           1  oled.o(.data)
    y                                        0x20000027   Data           1  oled.o(.data)
    .data                                    0x20000628   Section       16  sdio_sdcard.o(.data)
    CardType                                 0x20000628   Data           1  sdio_sdcard.o(.data)
    StopCondition                            0x20000629   Data           1  sdio_sdcard.o(.data)
    DeviceMode                               0x2000062a   Data           1  sdio_sdcard.o(.data)
    RCA                                      0x20000630   Data           4  sdio_sdcard.o(.data)
    .data                                    0x20000638   Section        4  spi.o(.data)
    i                                        0x20000638   Data           4  spi.o(.data)
    .data                                    0x2000063c   Section        1  timer.o(.data)
    Time_Cnt                                 0x2000063c   Data           1  timer.o(.data)
    .data                                    0x20000640   Section       44  inv_mpu.o(.data)
    st                                       0x20000640   Data          44  inv_mpu.o(.data)
    .data                                    0x2000066c   Section       60  tasks.o(.data)
    uxDeletedTasksWaitingCleanUp             0x20000670   Data           4  tasks.o(.data)
    uxCurrentNumberOfTasks                   0x20000674   Data           4  tasks.o(.data)
    xTickCount                               0x20000678   Data           4  tasks.o(.data)
    uxTopReadyPriority                       0x2000067c   Data           4  tasks.o(.data)
    xSchedulerRunning                        0x20000680   Data           4  tasks.o(.data)
    uxPendedTicks                            0x20000684   Data           4  tasks.o(.data)
    xYieldPending                            0x20000688   Data           4  tasks.o(.data)
    xNumOfOverflows                          0x2000068c   Data           4  tasks.o(.data)
    uxTaskNumber                             0x20000690   Data           4  tasks.o(.data)
    xNextTaskUnblockTime                     0x20000694   Data           4  tasks.o(.data)
    xIdleTaskHandle                          0x20000698   Data           4  tasks.o(.data)
    uxSchedulerSuspended                     0x2000069c   Data           4  tasks.o(.data)
    pxDelayedTaskList                        0x200006a0   Data           4  tasks.o(.data)
    pxOverflowDelayedTaskList                0x200006a4   Data           4  tasks.o(.data)
    .data                                    0x200006a8   Section       44  usbd_core.o(.data)
    .data                                    0x200006d4   Section        4  usbd_core.o(.data)
    .data                                    0x200006d8   Section        4  usbd_core.o(.data)
    .data                                    0x200006dc   Section       16  usbd_req.o(.data)
    cfgidx                                   0x200006dc   Data           1  usbd_req.o(.data)
    .data                                    0x200006ec   Section        4  stdout.o(.data)
    .data                                    0x200006f0   Section        4  errno.o(.data)
    _errno                                   0x200006f0   Data           4  errno.o(.data)
    .bss                                     0x200006f4   Section     1024  main.o(.bss)
    .bss                                     0x20000af4   Section       14  mpu6050.o(.bss)
    hal                                      0x20000af4   Data          14  mpu6050.o(.bss)
    .bss                                     0x20000b02   Section     1024  oled.o(.bss)
    .bss                                     0x20000f04   Section      692  sdio_sdcard.o(.bss)
    CSD_Tab                                  0x20000f48   Data          16  sdio_sdcard.o(.bss)
    CID_Tab                                  0x20000f58   Data          16  sdio_sdcard.o(.bss)
    .bss                                     0x200011b8   Section       21  systemstate.o(.bss)
    DeviceStateList                          0x200011b8   Data          21  systemstate.o(.bss)
    .bss                                     0x200011d0   Section     1524  test.o(.bss)
    .bss                                     0x200017c4   Section     4112  usart.o(.bss)
    .bss                                     0x200027d4   Section       16  inv_mpu_dmp_motion_driver.o(.bss)
    dmp                                      0x200027d4   Data          16  inv_mpu_dmp_motion_driver.o(.bss)
    .bss                                     0x200027e4   Section      400  tasks.o(.bss)
    pxReadyTasksLists                        0x200027e4   Data         300  tasks.o(.bss)
    xDelayedTaskList1                        0x20002910   Data          20  tasks.o(.bss)
    xDelayedTaskList2                        0x20002924   Data          20  tasks.o(.bss)
    xPendingReadyList                        0x20002938   Data          20  tasks.o(.bss)
    xTasksWaitingTermination                 0x2000294c   Data          20  tasks.o(.bss)
    xSuspendedTaskList                       0x20002960   Data          20  tasks.o(.bss)
    STACK                                    0x20002978   Section    51200  startup_stm32f40_41xxx.o(STACK)

    Global Symbols

    Symbol Name                              Value     Ov Type        Size  Object(Section)

    BuildAttributes$$THM_ISAv4$E$P$D$K$B$S$7EM$VFPi3$EXTD16$VFPS$VFMA$PE$A:L22UL41UL21$X:L11$S22US41US21$IEEE1$IW$USESV6$~STKCKD$USESV7$~SHL$OTIME$ROPI$IEEEX$EBA8$MICROLIB$REQ8$PRES8$EABIv2 0x00000000   Number         0  anon$$obj.o ABSOLUTE
    __ARM_use_no_argv                        0x00000000   Number         0  main.o ABSOLUTE
    _printf_a                                0x00000000   Number         0  stubs.o ABSOLUTE
    _printf_c                                0x00000000   Number         0  stubs.o ABSOLUTE
    _printf_charcount                        0x00000000   Number         0  stubs.o ABSOLUTE
    _printf_d                                0x00000000   Number         0  stubs.o ABSOLUTE
    _printf_e                                0x00000000   Number         0  stubs.o ABSOLUTE
    _printf_f                                0x00000000   Number         0  stubs.o ABSOLUTE
    _printf_flags                            0x00000000   Number         0  stubs.o ABSOLUTE
    _printf_fp_dec                           0x00000000   Number         0  stubs.o ABSOLUTE
    _printf_fp_hex                           0x00000000   Number         0  stubs.o ABSOLUTE
    _printf_g                                0x00000000   Number         0  stubs.o ABSOLUTE
    _printf_i                                0x00000000   Number         0  stubs.o ABSOLUTE
    _printf_int_dec                          0x00000000   Number         0  stubs.o ABSOLUTE
    _printf_l                                0x00000000   Number         0  stubs.o ABSOLUTE
    _printf_lc                               0x00000000   Number         0  stubs.o ABSOLUTE
    _printf_ll                               0x00000000   Number         0  stubs.o ABSOLUTE
    _printf_lld                              0x00000000   Number         0  stubs.o ABSOLUTE
    _printf_lli                              0x00000000   Number         0  stubs.o ABSOLUTE
    _printf_llo                              0x00000000   Number         0  stubs.o ABSOLUTE
    _printf_llu                              0x00000000   Number         0  stubs.o ABSOLUTE
    _printf_llx                              0x00000000   Number         0  stubs.o ABSOLUTE
    _printf_longlong_dec                     0x00000000   Number         0  stubs.o ABSOLUTE
    _printf_longlong_hex                     0x00000000   Number         0  stubs.o ABSOLUTE
    _printf_longlong_oct                     0x00000000   Number         0  stubs.o ABSOLUTE
    _printf_ls                               0x00000000   Number         0  stubs.o ABSOLUTE
    _printf_mbtowc                           0x00000000   Number         0  stubs.o ABSOLUTE
    _printf_n                                0x00000000   Number         0  stubs.o ABSOLUTE
    _printf_o                                0x00000000   Number         0  stubs.o ABSOLUTE
    _printf_p                                0x00000000   Number         0  stubs.o ABSOLUTE
    _printf_percent                          0x00000000   Number         0  stubs.o ABSOLUTE
    _printf_pre_padding                      0x00000000   Number         0  stubs.o ABSOLUTE
    _printf_return_value                     0x00000000   Number         0  stubs.o ABSOLUTE
    _printf_s                                0x00000000   Number         0  stubs.o ABSOLUTE
    _printf_sizespec                         0x00000000   Number         0  stubs.o ABSOLUTE
    _printf_str                              0x00000000   Number         0  stubs.o ABSOLUTE
    _printf_truncate_signed                  0x00000000   Number         0  stubs.o ABSOLUTE
    _printf_truncate_unsigned                0x00000000   Number         0  stubs.o ABSOLUTE
    _printf_u                                0x00000000   Number         0  stubs.o ABSOLUTE
    _printf_wc                               0x00000000   Number         0  stubs.o ABSOLUTE
    _printf_wctomb                           0x00000000   Number         0  stubs.o ABSOLUTE
    _printf_widthprec                        0x00000000   Number         0  stubs.o ABSOLUTE
    _printf_x                                0x00000000   Number         0  stubs.o ABSOLUTE
    __arm_fini_                               - Undefined Weak Reference
    __cpp_initialize__aeabi_                  - Undefined Weak Reference
    __cxa_finalize                            - Undefined Weak Reference
    _clock_init                               - Undefined Weak Reference
    _microlib_exit                            - Undefined Weak Reference
    __Vectors_Size                           0x00000188   Number         0  startup_stm32f40_41xxx.o ABSOLUTE
    __Vectors                                0x08000000   Data           4  startup_stm32f40_41xxx.o(RESET)
    __Vectors_End                            0x08000188   Data           0  startup_stm32f40_41xxx.o(RESET)
    __main                                   0x08000189   Thumb Code     0  entry.o(.ARM.Collect$$$$00000000)
    _main_stk                                0x08000189   Thumb Code     0  entry2.o(.ARM.Collect$$$$00000001)
    _main_scatterload                        0x0800018d   Thumb Code     0  entry5.o(.ARM.Collect$$$$00000004)
    __main_after_scatterload                 0x08000191   Thumb Code     0  entry5.o(.ARM.Collect$$$$00000004)
    _main_clock                              0x08000191   Thumb Code     0  entry7b.o(.ARM.Collect$$$$00000008)
    _main_cpp_init                           0x08000191   Thumb Code     0  entry8b.o(.ARM.Collect$$$$0000000A)
    _main_init                               0x08000191   Thumb Code     0  entry9a.o(.ARM.Collect$$$$0000000B)
    __rt_lib_shutdown_fini                   0x08000199   Thumb Code     0  entry12b.o(.ARM.Collect$$$$0000000E)
    __rt_final_cpp                           0x0800019d   Thumb Code     0  entry10a.o(.ARM.Collect$$$$0000000F)
    __rt_final_exit                          0x0800019d   Thumb Code     0  entry11a.o(.ARM.Collect$$$$00000011)
    SVC_Handler                              0x080001a1   Thumb Code    28  port.o(.emb_text)
    __asm___6_port_c_39a90d8d__prvStartFirstTask 0x080001c1   Thumb Code    36  port.o(.emb_text)
    __asm___6_port_c_39a90d8d__prvEnableVFP  0x080001e9   Thumb Code    16  port.o(.emb_text)
    PendSV_Handler                           0x080001fd   Thumb Code    88  port.o(.emb_text)
    vPortGetIPSR                             0x08000259   Thumb Code     6  port.o(.emb_text)
    Reset_Handler                            0x08000261   Thumb Code     8  startup_stm32f40_41xxx.o(.text)
    ADC_IRQHandler                           0x0800027b   Thumb Code     0  startup_stm32f40_41xxx.o(.text)
    CAN1_RX0_IRQHandler                      0x0800027b   Thumb Code     0  startup_stm32f40_41xxx.o(.text)
    CAN1_RX1_IRQHandler                      0x0800027b   Thumb Code     0  startup_stm32f40_41xxx.o(.text)
    CAN1_SCE_IRQHandler                      0x0800027b   Thumb Code     0  startup_stm32f40_41xxx.o(.text)
    CAN1_TX_IRQHandler                       0x0800027b   Thumb Code     0  startup_stm32f40_41xxx.o(.text)
    CAN2_RX0_IRQHandler                      0x0800027b   Thumb Code     0  startup_stm32f40_41xxx.o(.text)
    CAN2_RX1_IRQHandler                      0x0800027b   Thumb Code     0  startup_stm32f40_41xxx.o(.text)
    CAN2_SCE_IRQHandler                      0x0800027b   Thumb Code     0  startup_stm32f40_41xxx.o(.text)
    CAN2_TX_IRQHandler                       0x0800027b   Thumb Code     0  startup_stm32f40_41xxx.o(.text)
    CRYP_IRQHandler                          0x0800027b   Thumb Code     0  startup_stm32f40_41xxx.o(.text)
    DCMI_IRQHandler                          0x0800027b   Thumb Code     0  startup_stm32f40_41xxx.o(.text)
    DMA1_Stream0_IRQHandler                  0x0800027b   Thumb Code     0  startup_stm32f40_41xxx.o(.text)
    DMA1_Stream1_IRQHandler                  0x0800027b   Thumb Code     0  startup_stm32f40_41xxx.o(.text)
    DMA1_Stream2_IRQHandler                  0x0800027b   Thumb Code     0  startup_stm32f40_41xxx.o(.text)
    DMA1_Stream3_IRQHandler                  0x0800027b   Thumb Code     0  startup_stm32f40_41xxx.o(.text)
    DMA1_Stream5_IRQHandler                  0x0800027b   Thumb Code     0  startup_stm32f40_41xxx.o(.text)
    DMA1_Stream6_IRQHandler                  0x0800027b   Thumb Code     0  startup_stm32f40_41xxx.o(.text)
    DMA1_Stream7_IRQHandler                  0x0800027b   Thumb Code     0  startup_stm32f40_41xxx.o(.text)
    DMA2_Stream0_IRQHandler                  0x0800027b   Thumb Code     0  startup_stm32f40_41xxx.o(.text)
    DMA2_Stream1_IRQHandler                  0x0800027b   Thumb Code     0  startup_stm32f40_41xxx.o(.text)
    DMA2_Stream2_IRQHandler                  0x0800027b   Thumb Code     0  startup_stm32f40_41xxx.o(.text)
    DMA2_Stream3_IRQHandler                  0x0800027b   Thumb Code     0  startup_stm32f40_41xxx.o(.text)
    DMA2_Stream4_IRQHandler                  0x0800027b   Thumb Code     0  startup_stm32f40_41xxx.o(.text)
    DMA2_Stream7_IRQHandler                  0x0800027b   Thumb Code     0  startup_stm32f40_41xxx.o(.text)
    ETH_IRQHandler                           0x0800027b   Thumb Code     0  startup_stm32f40_41xxx.o(.text)
    ETH_WKUP_IRQHandler                      0x0800027b   Thumb Code     0  startup_stm32f40_41xxx.o(.text)
    EXTI15_10_IRQHandler                     0x0800027b   Thumb Code     0  startup_stm32f40_41xxx.o(.text)
    EXTI1_IRQHandler                         0x0800027b   Thumb Code     0  startup_stm32f40_41xxx.o(.text)
    EXTI3_IRQHandler                         0x0800027b   Thumb Code     0  startup_stm32f40_41xxx.o(.text)
    EXTI4_IRQHandler                         0x0800027b   Thumb Code     0  startup_stm32f40_41xxx.o(.text)
    EXTI9_5_IRQHandler                       0x0800027b   Thumb Code     0  startup_stm32f40_41xxx.o(.text)
    FLASH_IRQHandler                         0x0800027b   Thumb Code     0  startup_stm32f40_41xxx.o(.text)
    FPU_IRQHandler                           0x0800027b   Thumb Code     0  startup_stm32f40_41xxx.o(.text)
    FSMC_IRQHandler                          0x0800027b   Thumb Code     0  startup_stm32f40_41xxx.o(.text)
    HASH_RNG_IRQHandler                      0x0800027b   Thumb Code     0  startup_stm32f40_41xxx.o(.text)
    I2C1_ER_IRQHandler                       0x0800027b   Thumb Code     0  startup_stm32f40_41xxx.o(.text)
    I2C1_EV_IRQHandler                       0x0800027b   Thumb Code     0  startup_stm32f40_41xxx.o(.text)
    I2C2_ER_IRQHandler                       0x0800027b   Thumb Code     0  startup_stm32f40_41xxx.o(.text)
    I2C2_EV_IRQHandler                       0x0800027b   Thumb Code     0  startup_stm32f40_41xxx.o(.text)
    I2C3_ER_IRQHandler                       0x0800027b   Thumb Code     0  startup_stm32f40_41xxx.o(.text)
    I2C3_EV_IRQHandler                       0x0800027b   Thumb Code     0  startup_stm32f40_41xxx.o(.text)
    OTG_FS_WKUP_IRQHandler                   0x0800027b   Thumb Code     0  startup_stm32f40_41xxx.o(.text)
    OTG_HS_EP1_IN_IRQHandler                 0x0800027b   Thumb Code     0  startup_stm32f40_41xxx.o(.text)
    OTG_HS_EP1_OUT_IRQHandler                0x0800027b   Thumb Code     0  startup_stm32f40_41xxx.o(.text)
    OTG_HS_IRQHandler                        0x0800027b   Thumb Code     0  startup_stm32f40_41xxx.o(.text)
    OTG_HS_WKUP_IRQHandler                   0x0800027b   Thumb Code     0  startup_stm32f40_41xxx.o(.text)
    PVD_IRQHandler                           0x0800027b   Thumb Code     0  startup_stm32f40_41xxx.o(.text)
    RCC_IRQHandler                           0x0800027b   Thumb Code     0  startup_stm32f40_41xxx.o(.text)
    RTC_Alarm_IRQHandler                     0x0800027b   Thumb Code     0  startup_stm32f40_41xxx.o(.text)
    RTC_WKUP_IRQHandler                      0x0800027b   Thumb Code     0  startup_stm32f40_41xxx.o(.text)
    SPI1_IRQHandler                          0x0800027b   Thumb Code     0  startup_stm32f40_41xxx.o(.text)
    SPI3_IRQHandler                          0x0800027b   Thumb Code     0  startup_stm32f40_41xxx.o(.text)
    TAMP_STAMP_IRQHandler                    0x0800027b   Thumb Code     0  startup_stm32f40_41xxx.o(.text)
    TIM1_CC_IRQHandler                       0x0800027b   Thumb Code     0  startup_stm32f40_41xxx.o(.text)
    TIM1_TRG_COM_TIM11_IRQHandler            0x0800027b   Thumb Code     0  startup_stm32f40_41xxx.o(.text)
    TIM1_UP_TIM10_IRQHandler                 0x0800027b   Thumb Code     0  startup_stm32f40_41xxx.o(.text)
    TIM2_IRQHandler                          0x0800027b   Thumb Code     0  startup_stm32f40_41xxx.o(.text)
    TIM3_IRQHandler                          0x0800027b   Thumb Code     0  startup_stm32f40_41xxx.o(.text)
    TIM4_IRQHandler                          0x0800027b   Thumb Code     0  startup_stm32f40_41xxx.o(.text)
    TIM5_IRQHandler                          0x0800027b   Thumb Code     0  startup_stm32f40_41xxx.o(.text)
    TIM7_IRQHandler                          0x0800027b   Thumb Code     0  startup_stm32f40_41xxx.o(.text)
    TIM8_BRK_TIM12_IRQHandler                0x0800027b   Thumb Code     0  startup_stm32f40_41xxx.o(.text)
    TIM8_CC_IRQHandler                       0x0800027b   Thumb Code     0  startup_stm32f40_41xxx.o(.text)
    TIM8_TRG_COM_TIM14_IRQHandler            0x0800027b   Thumb Code     0  startup_stm32f40_41xxx.o(.text)
    TIM8_UP_TIM13_IRQHandler                 0x0800027b   Thumb Code     0  startup_stm32f40_41xxx.o(.text)
    UART4_IRQHandler                         0x0800027b   Thumb Code     0  startup_stm32f40_41xxx.o(.text)
    UART5_IRQHandler                         0x0800027b   Thumb Code     0  startup_stm32f40_41xxx.o(.text)
    USART3_IRQHandler                        0x0800027b   Thumb Code     0  startup_stm32f40_41xxx.o(.text)
    USART6_IRQHandler                        0x0800027b   Thumb Code     0  startup_stm32f40_41xxx.o(.text)
    WWDG_IRQHandler                          0x0800027b   Thumb Code     0  startup_stm32f40_41xxx.o(.text)
    __aeabi_ldivmod                          0x08000285   Thumb Code    98  ldiv.o(.text)
    __aeabi_memset                           0x080002e7   Thumb Code    14  memseta.o(.text)
    __aeabi_memset4                          0x080002e7   Thumb Code     0  memseta.o(.text)
    __aeabi_memset8                          0x080002e7   Thumb Code     0  memseta.o(.text)
    __aeabi_memclr                           0x080002f5   Thumb Code     4  memseta.o(.text)
    __aeabi_memclr4                          0x080002f5   Thumb Code     0  memseta.o(.text)
    __aeabi_memclr8                          0x080002f5   Thumb Code     0  memseta.o(.text)
    memset                                   0x080002f9   Thumb Code    18  memseta.o(.text)
    memcmp                                   0x0800030b   Thumb Code    26  memcmp.o(.text)
    __aeabi_dadd                             0x08000325   Thumb Code   322  dadd.o(.text)
    __aeabi_dsub                             0x08000467   Thumb Code     6  dadd.o(.text)
    __aeabi_drsub                            0x0800046d   Thumb Code     6  dadd.o(.text)
    __aeabi_dmul                             0x08000473   Thumb Code   228  dmul.o(.text)
    __aeabi_ddiv                             0x08000557   Thumb Code   222  ddiv.o(.text)
    __aeabi_f2d                              0x08000635   Thumb Code    38  f2d.o(.text)
    __aeabi_d2f                              0x0800065b   Thumb Code    56  d2f.o(.text)
    __aeabi_uidiv                            0x08000693   Thumb Code     0  uidiv.o(.text)
    __aeabi_uidivmod                         0x08000693   Thumb Code    44  uidiv.o(.text)
    __aeabi_uldivmod                         0x080006bf   Thumb Code    98  uldiv.o(.text)
    __aeabi_llsl                             0x08000721   Thumb Code    30  llshl.o(.text)
    _ll_shift_l                              0x08000721   Thumb Code     0  llshl.o(.text)
    __aeabi_llsr                             0x0800073f   Thumb Code    32  llushr.o(.text)
    _ll_ushift_r                             0x0800073f   Thumb Code     0  llushr.o(.text)
    __aeabi_lasr                             0x0800075f   Thumb Code    36  llsshr.o(.text)
    _ll_sshift_r                             0x0800075f   Thumb Code     0  llsshr.o(.text)
    __I$use$fp                               0x08000783   Thumb Code     0  iusefp.o(.text)
    _float_round                             0x08000783   Thumb Code    18  fepilogue.o(.text)
    _float_epilogue                          0x08000795   Thumb Code    92  fepilogue.o(.text)
    _double_round                            0x080007f1   Thumb Code    30  depilogue.o(.text)
    _double_epilogue                         0x0800080f   Thumb Code   156  depilogue.o(.text)
    _dsqrt                                   0x080008ab   Thumb Code   162  dsqrt.o(.text)
    __aeabi_d2ulz                            0x0800094d   Thumb Code    48  dfixul.o(.text)
    __aeabi_cdcmpeq                          0x0800097d   Thumb Code     0  cdcmple.o(.text)
    __aeabi_cdcmple                          0x0800097d   Thumb Code    48  cdcmple.o(.text)
    __aeabi_cdrcmple                         0x080009ad   Thumb Code    48  cdrcmple.o(.text)
    __scatterload                            0x080009dd   Thumb Code    28  init.o(.text)
    __scatterload_rt2                        0x080009dd   Thumb Code     0  init.o(.text)
    __decompress                             0x08000a01   Thumb Code     0  __dczerorl2.o(.text)
    __decompress1                            0x08000a01   Thumb Code    86  __dczerorl2.o(.text)
    AT24C08ReadData                          0x08000a57   Thumb Code   116  at24c08.o(i.AT24C08ReadData)
    AT24C08WriteData                         0x08000acb   Thumb Code   172  at24c08.o(i.AT24C08WriteData)
    BusFault_Handler                         0x08000b77   Thumb Code     2  stm32f4xx_it.o(i.BusFault_Handler)
    CmdResp1Error                            0x08000b79   Thumb Code    84  sdio_sdcard.o(i.CmdResp1Error)
    DCD_EP_ClrStall                          0x08000bd1   Thumb Code    56  usb_dcd.o(i.DCD_EP_ClrStall)
    DCD_EP_Open                              0x08000c09   Thumb Code    60  usb_dcd.o(i.DCD_EP_Open)
    DCD_EP_PrepareRx                         0x08000c45   Thumb Code    56  usb_dcd.o(i.DCD_EP_PrepareRx)
    DCD_EP_SetAddress                        0x08000c7d   Thumb Code    16  usb_dcd.o(i.DCD_EP_SetAddress)
    DCD_EP_Stall                             0x08000c8d   Thumb Code    56  usb_dcd.o(i.DCD_EP_Stall)
    DCD_EP_Tx                                0x08000cc5   Thumb Code    52  usb_dcd.o(i.DCD_EP_Tx)
    DMA1_Start                               0x080012e1   Thumb Code    40  dma.o(i.DMA1_Start)
    DMA1_Stream4_IRQHandler                  0x08001311   Thumb Code    36  dma.o(i.DMA1_Stream4_IRQHandler)
    DMA2_Start                               0x0800133d   Thumb Code    40  dma.o(i.DMA2_Start)
    DMA2_Stream5_IRQHandler                  0x0800136d   Thumb Code    36  dma.o(i.DMA2_Stream5_IRQHandler)
    DMA2_Stream6_IRQHandler                  0x08001399   Thumb Code    32  dma.o(i.DMA2_Stream6_IRQHandler)
    DMA_ClearFlag                            0x080013c1   Thumb Code    32  stm32f4xx_dma.o(i.DMA_ClearFlag)
    DMA_ClearITPendingBit                    0x080013ed   Thumb Code    32  stm32f4xx_dma.o(i.DMA_ClearITPendingBit)
    DMA_Cmd                                  0x08001419   Thumb Code    24  stm32f4xx_dma.o(i.DMA_Cmd)
    DMA_GetITStatus                          0x08001431   Thumb Code    68  stm32f4xx_dma.o(i.DMA_GetITStatus)
    DMA_SetCurrDataCounter                   0x08001485   Thumb Code     4  stm32f4xx_dma.o(i.DMA_SetCurrDataCounter)
    DebugMon_Handler                         0x08001489   Thumb Code     2  stm32f4xx_it.o(i.DebugMon_Handler)
    Delay_Init                               0x0800148d   Thumb Code    52  timer.o(i.Delay_Init)
    Delay_ms                                 0x080014c5   Thumb Code    60  timer.o(i.Delay_ms)
    Delay_us                                 0x08001505   Thumb Code    40  timer.o(i.Delay_us)
    EXTI0_IRQHandler                         0x08001531   Thumb Code    48  exti.o(i.EXTI0_IRQHandler)
    EXTI2_IRQHandler                         0x08001569   Thumb Code   116  exti.o(i.EXTI2_IRQHandler)
    EXTI_ClearFlag                           0x080015e5   Thumb Code     6  stm32f4xx_exti.o(i.EXTI_ClearFlag)
    EXTI_GetFlagStatus                       0x080015f1   Thumb Code    16  stm32f4xx_exti.o(i.EXTI_GetFlagStatus)
    GPIO_Init                                0x08001605   Thumb Code   124  stm32f4xx_gpio.o(i.GPIO_Init)
    GPIO_PinAFConfig                         0x08001681   Thumb Code    32  stm32f4xx_gpio.o(i.GPIO_PinAFConfig)
    GPIO_ReadInputDataBit                    0x080016a1   Thumb Code    14  stm32f4xx_gpio.o(i.GPIO_ReadInputDataBit)
    GPIO_ResetBits                           0x080016af   Thumb Code     4  stm32f4xx_gpio.o(i.GPIO_ResetBits)
    GPIO_SetBits                             0x080016b3   Thumb Code     4  stm32f4xx_gpio.o(i.GPIO_SetBits)
    HardFault_Handler                        0x080016b7   Thumb Code     2  stm32f4xx_it.o(i.HardFault_Handler)
    IIC_Delay                                0x080016b9   Thumb Code     4  i2c.o(i.IIC_Delay)
    IIC_GetByte                              0x080016bd   Thumb Code    90  i2c.o(i.IIC_GetByte)
    IIC_Init                                 0x0800171d   Thumb Code    58  i2c.o(i.IIC_Init)
    IIC_Send_Ack                             0x0800175d   Thumb Code    72  i2c.o(i.IIC_Send_Ack)
    IIC_Send_NAck                            0x080017a9   Thumb Code    72  i2c.o(i.IIC_Send_NAck)
    IIC_SenddByte                            0x080017f5   Thumb Code    88  i2c.o(i.IIC_SenddByte)
    IIC_Wait_Ack_OK                          0x08001851   Thumb Code    82  i2c.o(i.IIC_Wait_Ack_OK)
    MPU6050_DMP_Init                         0x080018a9   Thumb Code   128  mpu6050.o(i.MPU6050_DMP_Init)
    MPU6050_Get_DMP_Data                     0x08001931   Thumb Code   380  mpu6050.o(i.MPU6050_Get_DMP_Data)
    MPU6050_Init                             0x08001abd   Thumb Code    62  mpu6050.o(i.MPU6050_Init)
    MPU6050_Read_DMP                         0x08001afb   Thumb Code   104  mpu6050.o(i.MPU6050_Read_DMP)
    MPU6050_Test                             0x08001b65   Thumb Code   124  test.o(i.MPU6050_Test)
    MPU6050_Write_DMP                        0x08001be9   Thumb Code    88  mpu6050.o(i.MPU6050_Write_DMP)
    MPU6050_Write_Data                       0x08001c41   Thumb Code    48  mpu6050.o(i.MPU6050_Write_Data)
    MemManage_Handler                        0x08001c71   Thumb Code     2  stm32f4xx_it.o(i.MemManage_Handler)
    NMI_Handler                              0x08001c73   Thumb Code     2  stm32f4xx_it.o(i.NMI_Handler)
    NVIC_Init                                0x08001c75   Thumb Code    98  misc.o(i.NVIC_Init)
    NVIC_PriorityGroupConfig                 0x08001cdd   Thumb Code    10  misc.o(i.NVIC_PriorityGroupConfig)
    OLED_Init                                0x08001cf1   Thumb Code   278  oled.o(i.OLED_Init)
    OLED_SPI_Init                            0x08001e0d   Thumb Code   182  oled.o(i.OLED_SPI_Init)
    OLED_SendData                            0x08001ecd   Thumb Code    46  oled.o(i.OLED_SendData)
    OLED_SetMode                             0x08001f05   Thumb Code    46  oled.o(i.OLED_SetMode)
    OLED_ShowChar                            0x08001f3d   Thumb Code    54  oled.o(i.OLED_ShowChar)
    OLED_ShowStrings                         0x08001f79   Thumb Code   128  oled.o(i.OLED_ShowStrings)
    OLED_UpdateGRAM                          0x08001ffd   Thumb Code    82  oled.o(i.OLED_UpdateGRAM)
    OTG_FS_IRQHandler                        0x08002055   Thumb Code     6  stm32f4xx_it.o(i.OTG_FS_IRQHandler)
    RCC_AHB1PeriphClockCmd                   0x08002061   Thumb Code    22  stm32f4xx_rcc.o(i.RCC_AHB1PeriphClockCmd)
    RCC_APB1PeriphClockCmd                   0x0800207d   Thumb Code    22  stm32f4xx_rcc.o(i.RCC_APB1PeriphClockCmd)
    RCC_APB2PeriphClockCmd                   0x08002099   Thumb Code    22  stm32f4xx_rcc.o(i.RCC_APB2PeriphClockCmd)
    RCC_GetClocksFreq                        0x080020b5   Thumb Code   148  stm32f4xx_rcc.o(i.RCC_GetClocksFreq)
    SDIO_ClearFlag                           0x08002159   Thumb Code     6  stm32f4xx_sdio.o(i.SDIO_ClearFlag)
    SDIO_GetFlagStatus                       0x08002165   Thumb Code    16  stm32f4xx_sdio.o(i.SDIO_GetFlagStatus)
    SDIO_IRQHandler                          0x08002179   Thumb Code     4  sdio_sdcard.o(i.SDIO_IRQHandler)
    SDIO_SendCommand                         0x0800217d   Thumb Code    36  stm32f4xx_sdio.o(i.SDIO_SendCommand)
    SD_ProcessIRQSrc                         0x080021a5   Thumb Code   230  sdio_sdcard.o(i.SD_ProcessIRQSrc)
    SPI2_IRQHandler                          0x08002299   Thumb Code    46  spi.o(i.SPI2_IRQHandler)
    SPI_Cmd                                  0x080022d1   Thumb Code    24  stm32f4xx_spi.o(i.SPI_Cmd)
    SPI_I2S_ClearFlag                        0x080022e9   Thumb Code     6  stm32f4xx_spi.o(i.SPI_I2S_ClearFlag)
    SPI_I2S_ClearITPendingBit                0x080022ef   Thumb Code    14  stm32f4xx_spi.o(i.SPI_I2S_ClearITPendingBit)
    SPI_I2S_GetFlagStatus                    0x080022fd   Thumb Code    14  stm32f4xx_spi.o(i.SPI_I2S_GetFlagStatus)
    SPI_I2S_GetITStatus                      0x0800230b   Thumb Code    44  stm32f4xx_spi.o(i.SPI_I2S_GetITStatus)
    SPI_I2S_SendData                         0x08002337   Thumb Code     4  stm32f4xx_spi.o(i.SPI_I2S_SendData)
    SPI_Init                                 0x0800233b   Thumb Code    56  stm32f4xx_spi.o(i.SPI_Init)
    Start_IIC                                0x0800242d   Thumb Code    64  i2c.o(i.Start_IIC)
    Stop_IIC                                 0x08002471   Thumb Code    64  i2c.o(i.Stop_IIC)
    SysTick_Handler                          0x080024b5   Thumb Code    38  port.o(i.SysTick_Handler)
    SystemInit                               0x080024e1   Thumb Code    74  system_stm32f4xx.o(i.SystemInit)
    System_SetState                          0x0800253d   Thumb Code    10  systemstate.o(i.System_SetState)
    TIM1_BRK_TIM9_IRQHandler                 0x0800254d   Thumb Code   186  timer.o(i.TIM1_BRK_TIM9_IRQHandler)
    TIM6_DAC_IRQHandler                      0x08002611   Thumb Code    68  code_run_time.o(i.TIM6_DAC_IRQHandler)
    TIM_ARRPreloadConfig                     0x0800265d   Thumb Code    24  stm32f4xx_tim.o(i.TIM_ARRPreloadConfig)
    TIM_ClearFlag                            0x08002675   Thumb Code     6  stm32f4xx_tim.o(i.TIM_ClearFlag)
    TIM_Cmd                                  0x0800267b   Thumb Code    24  stm32f4xx_tim.o(i.TIM_Cmd)
    TIM_GetFlagStatus                        0x08002693   Thumb Code    14  stm32f4xx_tim.o(i.TIM_GetFlagStatus)
    TIM_TimeBaseInit                         0x080026a1   Thumb Code    96  stm32f4xx_tim.o(i.TIM_TimeBaseInit)
    USART1_IRQHandler                        0x0800271d   Thumb Code     8  usart.o(i.USART1_IRQHandler)
    USART1_Init                              0x0800272d   Thumb Code   202  usart.o(i.USART1_Init)
    USART2_IRQHandler                        0x08002801   Thumb Code     8  usart.o(i.USART2_IRQHandler)
    USART_ClearFlag                          0x08002811   Thumb Code     8  stm32f4xx_usart.o(i.USART_ClearFlag)
    USART_ClearITPendingBit                  0x08002819   Thumb Code    16  stm32f4xx_usart.o(i.USART_ClearITPendingBit)
    USART_Cmd                                0x08002829   Thumb Code    24  stm32f4xx_usart.o(i.USART_Cmd)
    USART_GetFlagStatus                      0x08002841   Thumb Code    14  stm32f4xx_usart.o(i.USART_GetFlagStatus)
    USART_GetITStatus                        0x0800284f   Thumb Code    64  stm32f4xx_usart.o(i.USART_GetITStatus)
    USART_ITConfig                           0x0800288f   Thumb Code    54  stm32f4xx_usart.o(i.USART_ITConfig)
    USART_Init                               0x080028c5   Thumb Code   180  stm32f4xx_usart.o(i.USART_Init)
    USART_ReceiveData                        0x08002981   Thumb Code     8  stm32f4xx_usart.o(i.USART_ReceiveData)
    USART_SendData                           0x08002989   Thumb Code     8  stm32f4xx_usart.o(i.USART_SendData)
    USARTx_ITHandle                          0x08002991   Thumb Code   144  usart.o(i.USARTx_ITHandle)
    USBD_ClrCfg                              0x08002a21   Thumb Code    14  usbd_core.o(i.USBD_ClrCfg)
    USBD_CtlContinueRx                       0x08002a6b   Thumb Code    18  usbd_ioreq.o(i.USBD_CtlContinueRx)
    USBD_CtlContinueSendData                 0x08002a7d   Thumb Code    18  usbd_ioreq.o(i.USBD_CtlContinueSendData)
    USBD_CtlError                            0x08002a8f   Thumb Code    30  usbd_req.o(i.USBD_CtlError)
    USBD_CtlReceiveStatus                    0x08002aad   Thumb Code    34  usbd_ioreq.o(i.USBD_CtlReceiveStatus)
    USBD_CtlSendData                         0x08002acf   Thumb Code    32  usbd_ioreq.o(i.USBD_CtlSendData)
    USBD_CtlSendStatus                       0x08002aef   Thumb Code    34  usbd_ioreq.o(i.USBD_CtlSendStatus)
    USBD_OTG_ISR_Handler                     0x08002dc9   Thumb Code   172  usb_dcd_int.o(i.USBD_OTG_ISR_Handler)
    USBD_ParseSetupRequest                   0x08002e75   Thumb Code    68  usbd_req.o(i.USBD_ParseSetupRequest)
    USBD_SetCfg                              0x08002f77   Thumb Code    26  usbd_core.o(i.USBD_SetCfg)
    USBD_StdDevReq                           0x08003123   Thumb Code    74  usbd_req.o(i.USBD_StdDevReq)
    USBD_StdEPReq                            0x0800316d   Thumb Code   310  usbd_req.o(i.USBD_StdEPReq)
    USBD_StdItfReq                           0x080032a9   Thumb Code    70  usbd_req.o(i.USBD_StdItfReq)
    USB_OTG_BSP_uDelay                       0x08003309   Thumb Code    14  usb_bsp.o(i.USB_OTG_BSP_uDelay)
    USB_OTG_EP0Activate                      0x08003317   Thumb Code    82  usb_core.o(i.USB_OTG_EP0Activate)
    USB_OTG_EP0StartXfer                     0x08003369   Thumb Code   230  usb_core.o(i.USB_OTG_EP0StartXfer)
    USB_OTG_EP0_OutStart                     0x08003451   Thumb Code    38  usb_core.o(i.USB_OTG_EP0_OutStart)
    USB_OTG_EPActivate                       0x0800347d   Thumb Code    92  usb_core.o(i.USB_OTG_EPActivate)
    USB_OTG_EPClearStall                     0x080034d9   Thumb Code    60  usb_core.o(i.USB_OTG_EPClearStall)
    USB_OTG_EPSetStall                       0x08003515   Thumb Code    64  usb_core.o(i.USB_OTG_EPSetStall)
    USB_OTG_EPStartXfer                      0x08003555   Thumb Code   360  usb_core.o(i.USB_OTG_EPStartXfer)
    USB_OTG_FlushTxFifo                      0x080036bd   Thumb Code    62  usb_core.o(i.USB_OTG_FlushTxFifo)
    USB_OTG_GetDeviceSpeed                   0x08003701   Thumb Code    44  usb_core.o(i.USB_OTG_GetDeviceSpeed)
    USB_OTG_GetMode                          0x0800372d   Thumb Code    10  usb_core.o(i.USB_OTG_GetMode)
    USB_OTG_IsDeviceMode                     0x08003737   Thumb Code    18  usb_core.o(i.USB_OTG_IsDeviceMode)
    USB_OTG_ReadCoreItr                      0x08003749   Thumb Code    10  usb_core.o(i.USB_OTG_ReadCoreItr)
    USB_OTG_ReadDevAllInEPItr                0x08003753   Thumb Code    12  usb_core.o(i.USB_OTG_ReadDevAllInEPItr)
    USB_OTG_ReadDevAllOutEp_itr              0x0800375f   Thumb Code    12  usb_core.o(i.USB_OTG_ReadDevAllOutEp_itr)
    USB_OTG_ReadDevOutEP_itr                 0x0800376b   Thumb Code    16  usb_core.o(i.USB_OTG_ReadDevOutEP_itr)
    USB_OTG_ReadPacket                       0x0800377b   Thumb Code    32  usb_core.o(i.USB_OTG_ReadPacket)
    USB_OTG_WritePacket                      0x0800379b   Thumb Code    42  usb_core.o(i.USB_OTG_WritePacket)
    UsageFault_Handler                       0x080037c5   Thumb Code     2  stm32f4xx_it.o(i.UsageFault_Handler)
    __0printf                                0x080037c9   Thumb Code    22  printfa.o(i.__0printf)
    __1printf                                0x080037c9   Thumb Code     0  printfa.o(i.__0printf)
    __2printf                                0x080037c9   Thumb Code     0  printfa.o(i.__0printf)
    __c89printf                              0x080037c9   Thumb Code     0  printfa.o(i.__0printf)
    printf                                   0x080037c9   Thumb Code     0  printfa.o(i.__0printf)
    __0sprintf                               0x080037e9   Thumb Code    34  printfa.o(i.__0sprintf)
    __1sprintf                               0x080037e9   Thumb Code     0  printfa.o(i.__0sprintf)
    __2sprintf                               0x080037e9   Thumb Code     0  printfa.o(i.__0sprintf)
    __c89sprintf                             0x080037e9   Thumb Code     0  printfa.o(i.__0sprintf)
    sprintf                                  0x080037e9   Thumb Code     0  printfa.o(i.__0sprintf)
    __ARM_fpclassify                         0x08003811   Thumb Code    48  fpclassify.o(i.__ARM_fpclassify)
    __hardfp_asin                            0x08003841   Thumb Code   770  asin.o(i.__hardfp_asin)
    __hardfp_atan                            0x08003ba1   Thumb Code   622  atan.o(i.__hardfp_atan)
    __hardfp_atan2                           0x08003e79   Thumb Code   448  atan2.o(i.__hardfp_atan2)
    __kernel_poly                            0x08004079   Thumb Code   248  poly.o(i.__kernel_poly)
    __mathlib_dbl_infnan                     0x08004171   Thumb Code    20  dunder.o(i.__mathlib_dbl_infnan)
    __mathlib_dbl_infnan2                    0x08004185   Thumb Code    20  dunder.o(i.__mathlib_dbl_infnan2)
    __mathlib_dbl_invalid                    0x08004199   Thumb Code    24  dunder.o(i.__mathlib_dbl_invalid)
    __mathlib_dbl_underflow                  0x080041b9   Thumb Code    24  dunder.o(i.__mathlib_dbl_underflow)
    __scatterload_copy                       0x080041d9   Thumb Code    14  handlers.o(i.__scatterload_copy)
    __scatterload_null                       0x080041e7   Thumb Code     2  handlers.o(i.__scatterload_null)
    __scatterload_zeroinit                   0x080041e9   Thumb Code    14  handlers.o(i.__scatterload_zeroinit)
    __set_errno                              0x080041f9   Thumb Code     6  errno.o(i.__set_errno)
    atan                                     0x08004b2d   Thumb Code    16  atan.o(i.atan)
    dmp_enable_6x_lp_quat                    0x08004b79   Thumb Code    60  inv_mpu_dmp_motion_driver.o(i.dmp_enable_6x_lp_quat)
    dmp_enable_feature                       0x08004bb5   Thumb Code   484  inv_mpu_dmp_motion_driver.o(i.dmp_enable_feature)
    dmp_enable_gyro_cal                      0x08004da1   Thumb Code    62  inv_mpu_dmp_motion_driver.o(i.dmp_enable_gyro_cal)
    dmp_enable_lp_quat                       0x08004df9   Thumb Code    60  inv_mpu_dmp_motion_driver.o(i.dmp_enable_lp_quat)
    dmp_load_motion_driver_firmware          0x08004e35   Thumb Code    16  inv_mpu_dmp_motion_driver.o(i.dmp_load_motion_driver_firmware)
    dmp_read_fifo                            0x08004e49   Thumb Code   378  inv_mpu_dmp_motion_driver.o(i.dmp_read_fifo)
    dmp_set_accel_bias                       0x08004fc9   Thumb Code   262  inv_mpu_dmp_motion_driver.o(i.dmp_set_accel_bias)
    dmp_set_fifo_rate                        0x080050d5   Thumb Code    96  inv_mpu_dmp_motion_driver.o(i.dmp_set_fifo_rate)
    dmp_set_gyro_bias                        0x08005145   Thumb Code   256  inv_mpu_dmp_motion_driver.o(i.dmp_set_gyro_bias)
    dmp_set_orientation                      0x0800524d   Thumb Code   260  inv_mpu_dmp_motion_driver.o(i.dmp_set_orientation)
    dmp_set_shake_reject_thresh              0x08005365   Thumb Code    48  inv_mpu_dmp_motion_driver.o(i.dmp_set_shake_reject_thresh)
    dmp_set_shake_reject_time                0x08005395   Thumb Code    32  inv_mpu_dmp_motion_driver.o(i.dmp_set_shake_reject_time)
    dmp_set_shake_reject_timeout             0x080053b5   Thumb Code    32  inv_mpu_dmp_motion_driver.o(i.dmp_set_shake_reject_timeout)
    dmp_set_tap_axes                         0x080053d5   Thumb Code    56  inv_mpu_dmp_motion_driver.o(i.dmp_set_tap_axes)
    dmp_set_tap_count                        0x0800540d   Thumb Code    34  inv_mpu_dmp_motion_driver.o(i.dmp_set_tap_count)
    dmp_set_tap_thresh                       0x08005431   Thumb Code   376  inv_mpu_dmp_motion_driver.o(i.dmp_set_tap_thresh)
    dmp_set_tap_time                         0x080055cd   Thumb Code    32  inv_mpu_dmp_motion_driver.o(i.dmp_set_tap_time)
    dmp_set_tap_time_multi                   0x080055ed   Thumb Code    32  inv_mpu_dmp_motion_driver.o(i.dmp_set_tap_time_multi)
    fabs                                     0x0800560d   Thumb Code    24  fabs.o(i.fabs)
    fputc                                    0x08005625   Thumb Code    50  usart.o(i.fputc)
    led_init                                 0x08005c31   Thumb Code    48  led.o(i.led_init)
    main                                     0x08005c65   Thumb Code   110  main.o(i.main)
    mpu_configure_fifo                       0x08005cdd   Thumb Code    90  inv_mpu.o(i.mpu_configure_fifo)
    mpu_get_accel_fsr                        0x08005d3d   Thumb Code    62  inv_mpu.o(i.mpu_get_accel_fsr)
    mpu_get_accel_sens                       0x08005d81   Thumb Code    70  inv_mpu.o(i.mpu_get_accel_sens)
    mpu_get_fifo_config                      0x08005dcd   Thumb Code    10  inv_mpu.o(i.mpu_get_fifo_config)
    mpu_get_gyro_fsr                         0x08005ddd   Thumb Code    58  inv_mpu.o(i.mpu_get_gyro_fsr)
    mpu_get_gyro_sens                        0x08005e1d   Thumb Code    68  inv_mpu.o(i.mpu_get_gyro_sens)
    mpu_get_lpf                              0x08005e75   Thumb Code    64  inv_mpu.o(i.mpu_get_lpf)
    mpu_get_sample_rate                      0x08005eb9   Thumb Code    24  inv_mpu.o(i.mpu_get_sample_rate)
    mpu_init                                 0x08005ed5   Thumb Code   346  inv_mpu.o(i.mpu_init)
    mpu_load_firmware                        0x08006081   Thumb Code   174  inv_mpu.o(i.mpu_load_firmware)
    mpu_lp_accel_mode                        0x08006135   Thumb Code   204  inv_mpu.o(i.mpu_lp_accel_mode)
    mpu_read_fifo_stream                     0x08006205   Thumb Code   166  inv_mpu.o(i.mpu_read_fifo_stream)
    mpu_read_mem                             0x080062b1   Thumb Code   106  inv_mpu.o(i.mpu_read_mem)
    mpu_reset_fifo                           0x08006321   Thumb Code   360  inv_mpu.o(i.mpu_reset_fifo)
    mpu_run_self_test                        0x0800648d   Thumb Code   244  inv_mpu.o(i.mpu_run_self_test)
    mpu_set_accel_fsr                        0x08006585   Thumb Code   110  inv_mpu.o(i.mpu_set_accel_fsr)
    mpu_set_bypass                           0x080065f9   Thumb Code   276  inv_mpu.o(i.mpu_set_bypass)
    mpu_set_dmp_state                        0x08006711   Thumb Code   118  inv_mpu.o(i.mpu_set_dmp_state)
    mpu_set_gyro_fsr                         0x0800678d   Thumb Code   116  inv_mpu.o(i.mpu_set_gyro_fsr)
    mpu_set_int_latched                      0x08006805   Thumb Code    92  inv_mpu.o(i.mpu_set_int_latched)
    mpu_set_lpf                              0x08006865   Thumb Code   118  inv_mpu.o(i.mpu_set_lpf)
    mpu_set_sample_rate                      0x080068e1   Thumb Code   126  inv_mpu.o(i.mpu_set_sample_rate)
    mpu_set_sensors                          0x08006965   Thumb Code   172  inv_mpu.o(i.mpu_set_sensors)
    mpu_write_mem                            0x08006a15   Thumb Code   106  inv_mpu.o(i.mpu_write_mem)
    sqrt                                     0x08006ba1   Thumb Code   110  sqrt.o(i.sqrt)
    uxListRemove                             0x08006c0f   Thumb Code    38  list.o(i.uxListRemove)
    vListInsertEnd                           0x08006c35   Thumb Code    24  list.o(i.vListInsertEnd)
    vTaskSwitchContext                       0x08006c4d   Thumb Code    86  tasks.o(i.vTaskSwitchContext)
    xTaskIncrementTick                       0x08006cad   Thumb Code   196  tasks.o(i.xTaskIncrementTick)
    reg                                      0x08006d78   Data          27  inv_mpu.o(.constdata)
    hw                                       0x08006d94   Data          12  inv_mpu.o(.constdata)
    test                                     0x08006da0   Data          40  inv_mpu.o(.constdata)
    __mathlib_zero                           0x08007aa8   Data           8  qnan.o(.constdata)
    Region$$Table$$Base                      0x08007b00   Number         0  anon$$obj.o(Region$$Table)
    Region$$Table$$Limit                     0x08007b20   Number         0  anon$$obj.o(Region$$Table)
    Dir                                      0x20000010   Data           1  main.o(.data)
    i                                        0x20000012   Data           2  main.o(.data)
    Run_Time                                 0x20000016   Data           2  code_run_time.o(.data)
    Menu_Num                                 0x20000018   Data           1  exti.o(.data)
    Temperature_HIGH                         0x20000019   Data           1  exti.o(.data)
    Temperature_LOW                          0x2000001a   Data           1  exti.o(.data)
    Humidity_HIGH                            0x2000001b   Data           1  exti.o(.data)
    Humidity_LOW                             0x2000001c   Data           1  exti.o(.data)
    CharModel                                0x20000028   Data        1536  oled.o(.data)
    TransferError                            0x2000062b   Data           1  sdio_sdcard.o(.data)
    TransferEnd                              0x2000062c   Data           1  sdio_sdcard.o(.data)
    tempbuff                                 0x20000634   Data           4  sdio_sdcard.o(.data)
    pxCurrentTCB                             0x2000066c   Data           4  tasks.o(.data)
    USBD_DCD_INT_cb                          0x200006a8   Data          44  usbd_core.o(.data)
    USBD_DCD_INT_fops                        0x200006d4   Data           4  usbd_core.o(.data)
    SET_TEST_MODE                            0x200006d8   Data           4  usbd_core.o(.data)
    USBD_ep_status                           0x200006e0   Data           4  usbd_req.o(.data)
    USBD_default_cfg                         0x200006e4   Data           4  usbd_req.o(.data)
    USBD_cfg_status                          0x200006e8   Data           4  usbd_req.o(.data)
    __stdout                                 0x200006ec   Data           4  stdout.o(.data)
    eedata                                   0x200006f4   Data        1024  main.o(.bss)
    OLED_GRAM                                0x20000b02   Data        1024  oled.o(.bss)
    SDIO_InitStructure                       0x20000f04   Data          24  sdio_sdcard.o(.bss)
    SDIO_CmdInitStructure                    0x20000f1c   Data          20  sdio_sdcard.o(.bss)
    SDIO_DataInitStructure                   0x20000f30   Data          24  sdio_sdcard.o(.bss)
    SDCardInfo                               0x20000f68   Data          80  sdio_sdcard.o(.bss)
    SDIO_DATA_BUFFER                         0x20000fb8   Data         512  sdio_sdcard.o(.bss)
    USB_OTG_dev                              0x200011d0   Data        1524  test.o(.bss)
    USART1_Data                              0x200017c4   Data        2056  usart.o(.bss)
    USART2_Data                              0x20001fcc   Data        2056  usart.o(.bss)
    __initial_sp                             0x2000f178   Data           0  startup_stm32f40_41xxx.o(STACK)



==============================================================================

Memory Map of the image

  Image Entry point : 0x08000189

  Load Region LR_IROM1 (Base: 0x08000000, Size: 0x00008214, Max: 0x00080000, ABSOLUTE, COMPRESSED[0x00007eec])

    Execution Region ER_IROM1 (Exec base: 0x08000000, Load base: 0x08000000, Size: 0x00007b20, Max: 0x00080000, ABSOLUTE)

    Exec Addr    Load Addr    Size         Type   Attr      Idx    E Section Name        Object

    0x08000000   0x08000000   0x00000188   Data   RO            3    RESET               startup_stm32f40_41xxx.o
    0x08000188   0x08000188   0x00000000   Code   RO        15242  * .ARM.Collect$$$$00000000  mc_w.l(entry.o)
    0x08000188   0x08000188   0x00000004   Code   RO        15573    .ARM.Collect$$$$00000001  mc_w.l(entry2.o)
    0x0800018c   0x0800018c   0x00000004   Code   RO        15576    .ARM.Collect$$$$00000004  mc_w.l(entry5.o)
    0x08000190   0x08000190   0x00000000   Code   RO        15578    .ARM.Collect$$$$00000008  mc_w.l(entry7b.o)
    0x08000190   0x08000190   0x00000000   Code   RO        15580    .ARM.Collect$$$$0000000A  mc_w.l(entry8b.o)
    0x08000190   0x08000190   0x00000008   Code   RO        15581    .ARM.Collect$$$$0000000B  mc_w.l(entry9a.o)
    0x08000198   0x08000198   0x00000004   Code   RO        15588    .ARM.Collect$$$$0000000E  mc_w.l(entry12b.o)
    0x0800019c   0x0800019c   0x00000000   Code   RO        15583    .ARM.Collect$$$$0000000F  mc_w.l(entry10a.o)
    0x0800019c   0x0800019c   0x00000000   Code   RO        15585    .ARM.Collect$$$$00000011  mc_w.l(entry11a.o)
    0x0800019c   0x0800019c   0x00000004   Code   RO        15574    .ARM.Collect$$$$00002712  mc_w.l(entry2.o)
    0x080001a0   0x080001a0   0x000000be   Code   RO         8762    .emb_text           port.o
    0x0800025e   0x0800025e   0x00000002   PAD
    0x08000260   0x08000260   0x00000024   Code   RO            4    .text               startup_stm32f40_41xxx.o
    0x08000284   0x08000284   0x00000062   Code   RO        15245    .text               mc_w.l(ldiv.o)
    0x080002e6   0x080002e6   0x00000024   Code   RO        15251    .text               mc_w.l(memseta.o)
    0x0800030a   0x0800030a   0x0000001a   Code   RO        15253    .text               mc_w.l(memcmp.o)
    0x08000324   0x08000324   0x0000014e   Code   RO        15518    .text               mf_w.l(dadd.o)
    0x08000472   0x08000472   0x000000e4   Code   RO        15520    .text               mf_w.l(dmul.o)
    0x08000556   0x08000556   0x000000de   Code   RO        15522    .text               mf_w.l(ddiv.o)
    0x08000634   0x08000634   0x00000026   Code   RO        15530    .text               mf_w.l(f2d.o)
    0x0800065a   0x0800065a   0x00000038   Code   RO        15532    .text               mf_w.l(d2f.o)
    0x08000692   0x08000692   0x0000002c   Code   RO        15590    .text               mc_w.l(uidiv.o)
    0x080006be   0x080006be   0x00000062   Code   RO        15592    .text               mc_w.l(uldiv.o)
    0x08000720   0x08000720   0x0000001e   Code   RO        15594    .text               mc_w.l(llshl.o)
    0x0800073e   0x0800073e   0x00000020   Code   RO        15596    .text               mc_w.l(llushr.o)
    0x0800075e   0x0800075e   0x00000024   Code   RO        15598    .text               mc_w.l(llsshr.o)
    0x08000782   0x08000782   0x00000000   Code   RO        15607    .text               mc_w.l(iusefp.o)
    0x08000782   0x08000782   0x0000006e   Code   RO        15608    .text               mf_w.l(fepilogue.o)
    0x080007f0   0x080007f0   0x000000ba   Code   RO        15610    .text               mf_w.l(depilogue.o)
    0x080008aa   0x080008aa   0x000000a2   Code   RO        15616    .text               mf_w.l(dsqrt.o)
    0x0800094c   0x0800094c   0x00000030   Code   RO        15618    .text               mf_w.l(dfixul.o)
    0x0800097c   0x0800097c   0x00000030   Code   RO        15620    .text               mf_w.l(cdcmple.o)
    0x080009ac   0x080009ac   0x00000030   Code   RO        15622    .text               mf_w.l(cdrcmple.o)
    0x080009dc   0x080009dc   0x00000024   Code   RO        15624    .text               mc_w.l(init.o)
    0x08000a00   0x08000a00   0x00000056   Code   RO        15634    .text               mc_w.l(__dczerorl2.o)
    0x08000a56   0x08000a56   0x00000074   Code   RO         5847    i.AT24C08ReadData   at24c08.o
    0x08000aca   0x08000aca   0x000000ac   Code   RO         5848    i.AT24C08WriteData  at24c08.o
    0x08000b76   0x08000b76   0x00000002   Code   RO         5680    i.BusFault_Handler  stm32f4xx_it.o
    0x08000b78   0x08000b78   0x00000058   Code   RO         6889    i.CmdResp1Error     sdio_sdcard.o
    0x08000bd0   0x08000bd0   0x00000038   Code   RO        10021    i.DCD_EP_ClrStall   usb_dcd.o
    0x08000c08   0x08000c08   0x0000003c   Code   RO        10023    i.DCD_EP_Open       usb_dcd.o
    0x08000c44   0x08000c44   0x00000038   Code   RO        10024    i.DCD_EP_PrepareRx  usb_dcd.o
    0x08000c7c   0x08000c7c   0x00000010   Code   RO        10025    i.DCD_EP_SetAddress  usb_dcd.o
    0x08000c8c   0x08000c8c   0x00000038   Code   RO        10026    i.DCD_EP_Stall      usb_dcd.o
    0x08000cc4   0x08000cc4   0x00000034   Code   RO        10027    i.DCD_EP_Tx         usb_dcd.o
    0x08000cf8   0x08000cf8   0x00000178   Code   RO        10117    i.DCD_HandleEnumDone_ISR  usb_dcd_int.o
    0x08000e70   0x08000e70   0x000000c8   Code   RO        10118    i.DCD_HandleInEP_ISR  usb_dcd_int.o
    0x08000f38   0x08000f38   0x000000b8   Code   RO        10119    i.DCD_HandleOutEP_ISR  usb_dcd_int.o
    0x08000ff0   0x08000ff0   0x00000040   Code   RO        10120    i.DCD_HandleResume_ISR  usb_dcd_int.o
    0x08001030   0x08001030   0x00000088   Code   RO        10121    i.DCD_HandleRxStatusQueueLevel_ISR  usb_dcd_int.o
    0x080010b8   0x080010b8   0x0000001c   Code   RO        10122    i.DCD_HandleSof_ISR  usb_dcd_int.o
    0x080010d4   0x080010d4   0x00000074   Code   RO        10123    i.DCD_HandleUSBSuspend_ISR  usb_dcd_int.o
    0x08001148   0x08001148   0x000000a4   Code   RO        10124    i.DCD_HandleUsbReset_ISR  usb_dcd_int.o
    0x080011ec   0x080011ec   0x00000020   Code   RO        10125    i.DCD_IsoINIncomplete_ISR  usb_dcd_int.o
    0x0800120c   0x0800120c   0x00000020   Code   RO        10126    i.DCD_IsoOUTIncomplete_ISR  usb_dcd_int.o
    0x0800122c   0x0800122c   0x0000001c   Code   RO        10127    i.DCD_ReadDevInEP   usb_dcd_int.o
    0x08001248   0x08001248   0x00000098   Code   RO        10128    i.DCD_WriteEmptyTxFifo  usb_dcd_int.o
    0x080012e0   0x080012e0   0x00000030   Code   RO         6028    i.DMA1_Start        dma.o
    0x08001310   0x08001310   0x0000002c   Code   RO         6029    i.DMA1_Stream4_IRQHandler  dma.o
    0x0800133c   0x0800133c   0x00000030   Code   RO         6031    i.DMA2_Start        dma.o
    0x0800136c   0x0800136c   0x0000002c   Code   RO         6032    i.DMA2_Stream5_IRQHandler  dma.o
    0x08001398   0x08001398   0x00000028   Code   RO         6033    i.DMA2_Stream6_IRQHandler  dma.o
    0x080013c0   0x080013c0   0x0000002c   Code   RO         1191    i.DMA_ClearFlag     stm32f4xx_dma.o
    0x080013ec   0x080013ec   0x0000002c   Code   RO         1192    i.DMA_ClearITPendingBit  stm32f4xx_dma.o
    0x08001418   0x08001418   0x00000018   Code   RO         1193    i.DMA_Cmd           stm32f4xx_dma.o
    0x08001430   0x08001430   0x00000054   Code   RO         1203    i.DMA_GetITStatus   stm32f4xx_dma.o
    0x08001484   0x08001484   0x00000004   Code   RO         1208    i.DMA_SetCurrDataCounter  stm32f4xx_dma.o
    0x08001488   0x08001488   0x00000002   Code   RO         5681    i.DebugMon_Handler  stm32f4xx_it.o
    0x0800148a   0x0800148a   0x00000002   PAD
    0x0800148c   0x0800148c   0x00000038   Code   RO         7263    i.Delay_Init        timer.o
    0x080014c4   0x080014c4   0x00000040   Code   RO         7264    i.Delay_ms          timer.o
    0x08001504   0x08001504   0x0000002c   Code   RO         7265    i.Delay_us          timer.o
    0x08001530   0x08001530   0x00000038   Code   RO         6151    i.EXTI0_IRQHandler  exti.o
    0x08001568   0x08001568   0x0000007c   Code   RO         6152    i.EXTI2_IRQHandler  exti.o
    0x080015e4   0x080015e4   0x0000000c   Code   RO         1479    i.EXTI_ClearFlag    stm32f4xx_exti.o
    0x080015f0   0x080015f0   0x00000014   Code   RO         1483    i.EXTI_GetFlagStatus  stm32f4xx_exti.o
    0x08001604   0x08001604   0x0000007c   Code   RO         1993    i.GPIO_Init         stm32f4xx_gpio.o
    0x08001680   0x08001680   0x00000020   Code   RO         1994    i.GPIO_PinAFConfig  stm32f4xx_gpio.o
    0x080016a0   0x080016a0   0x0000000e   Code   RO         1997    i.GPIO_ReadInputDataBit  stm32f4xx_gpio.o
    0x080016ae   0x080016ae   0x00000004   Code   RO         2000    i.GPIO_ResetBits    stm32f4xx_gpio.o
    0x080016b2   0x080016b2   0x00000004   Code   RO         2001    i.GPIO_SetBits      stm32f4xx_gpio.o
    0x080016b6   0x080016b6   0x00000002   Code   RO         5682    i.HardFault_Handler  stm32f4xx_it.o
    0x080016b8   0x080016b8   0x00000004   Code   RO         6322    i.IIC_Delay         i2c.o
    0x080016bc   0x080016bc   0x00000060   Code   RO         6323    i.IIC_GetByte       i2c.o
    0x0800171c   0x0800171c   0x00000040   Code   RO         6324    i.IIC_Init          i2c.o
    0x0800175c   0x0800175c   0x0000004c   Code   RO         6325    i.IIC_Send_Ack      i2c.o
    0x080017a8   0x080017a8   0x0000004c   Code   RO         6326    i.IIC_Send_NAck     i2c.o
    0x080017f4   0x080017f4   0x0000005c   Code   RO         6327    i.IIC_SenddByte     i2c.o
    0x08001850   0x08001850   0x00000058   Code   RO         6328    i.IIC_Wait_Ack_OK   i2c.o
    0x080018a8   0x080018a8   0x00000088   Code   RO         6418    i.MPU6050_DMP_Init  mpu6050.o
    0x08001930   0x08001930   0x0000018c   Code   RO         6419    i.MPU6050_Get_DMP_Data  mpu6050.o
    0x08001abc   0x08001abc   0x0000003e   Code   RO         6420    i.MPU6050_Init      mpu6050.o
    0x08001afa   0x08001afa   0x00000068   Code   RO         6421    i.MPU6050_Read_DMP  mpu6050.o
    0x08001b62   0x08001b62   0x00000002   PAD
    0x08001b64   0x08001b64   0x00000084   Code   RO         7201    i.MPU6050_Test      test.o
    0x08001be8   0x08001be8   0x00000058   Code   RO         6425    i.MPU6050_Write_DMP  mpu6050.o
    0x08001c40   0x08001c40   0x00000030   Code   RO         6426    i.MPU6050_Write_Data  mpu6050.o
    0x08001c70   0x08001c70   0x00000002   Code   RO         5683    i.MemManage_Handler  stm32f4xx_it.o
    0x08001c72   0x08001c72   0x00000002   Code   RO         5684    i.NMI_Handler       stm32f4xx_it.o
    0x08001c74   0x08001c74   0x00000068   Code   RO           13    i.NVIC_Init         misc.o
    0x08001cdc   0x08001cdc   0x00000014   Code   RO           14    i.NVIC_PriorityGroupConfig  misc.o
    0x08001cf0   0x08001cf0   0x0000011c   Code   RO         6522    i.OLED_Init         oled.o
    0x08001e0c   0x08001e0c   0x000000c0   Code   RO         6524    i.OLED_SPI_Init     oled.o
    0x08001ecc   0x08001ecc   0x00000038   Code   RO         6529    i.OLED_SendData     oled.o
    0x08001f04   0x08001f04   0x00000038   Code   RO         6532    i.OLED_SetMode      oled.o
    0x08001f3c   0x08001f3c   0x0000003c   Code   RO         6536    i.OLED_ShowChar     oled.o
    0x08001f78   0x08001f78   0x00000084   Code   RO         6538    i.OLED_ShowStrings  oled.o
    0x08001ffc   0x08001ffc   0x00000058   Code   RO         6541    i.OLED_UpdateGRAM   oled.o
    0x08002054   0x08002054   0x0000000c   Code   RO         5685    i.OTG_FS_IRQHandler  stm32f4xx_it.o
    0x08002060   0x08002060   0x0000001c   Code   RO         2919    i.RCC_AHB1PeriphClockCmd  stm32f4xx_rcc.o
    0x0800207c   0x0800207c   0x0000001c   Code   RO         2928    i.RCC_APB1PeriphClockCmd  stm32f4xx_rcc.o
    0x08002098   0x08002098   0x0000001c   Code   RO         2931    i.RCC_APB2PeriphClockCmd  stm32f4xx_rcc.o
    0x080020b4   0x080020b4   0x000000a4   Code   RO         2940    i.RCC_GetClocksFreq  stm32f4xx_rcc.o
    0x08002158   0x08002158   0x0000000c   Code   RO         3853    i.SDIO_ClearFlag    stm32f4xx_sdio.o
    0x08002164   0x08002164   0x00000014   Code   RO         3865    i.SDIO_GetFlagStatus  stm32f4xx_sdio.o
    0x08002178   0x08002178   0x00000004   Code   RO         6898    i.SDIO_IRQHandler   sdio_sdcard.o
    0x0800217c   0x0800217c   0x00000028   Code   RO         3873    i.SDIO_SendCommand  stm32f4xx_sdio.o
    0x080021a4   0x080021a4   0x000000f4   Code   RO         6908    i.SD_ProcessIRQSrc  sdio_sdcard.o
    0x08002298   0x08002298   0x00000038   Code   RO         7105    i.SPI2_IRQHandler   spi.o
    0x080022d0   0x080022d0   0x00000018   Code   RO         4077    i.SPI_Cmd           stm32f4xx_spi.o
    0x080022e8   0x080022e8   0x00000006   Code   RO         4081    i.SPI_I2S_ClearFlag  stm32f4xx_spi.o
    0x080022ee   0x080022ee   0x0000000e   Code   RO         4082    i.SPI_I2S_ClearITPendingBit  stm32f4xx_spi.o
    0x080022fc   0x080022fc   0x0000000e   Code   RO         4085    i.SPI_I2S_GetFlagStatus  stm32f4xx_spi.o
    0x0800230a   0x0800230a   0x0000002c   Code   RO         4086    i.SPI_I2S_GetITStatus  stm32f4xx_spi.o
    0x08002336   0x08002336   0x00000004   Code   RO         4089    i.SPI_I2S_SendData  stm32f4xx_spi.o
    0x0800233a   0x0800233a   0x00000038   Code   RO         4090    i.SPI_Init          stm32f4xx_spi.o
    0x08002372   0x08002372   0x00000002   PAD
    0x08002374   0x08002374   0x000000b8   Code   RO         5759    i.SetSysClock       system_stm32f4xx.o
    0x0800242c   0x0800242c   0x00000044   Code   RO         6329    i.Start_IIC         i2c.o
    0x08002470   0x08002470   0x00000044   Code   RO         6330    i.Stop_IIC          i2c.o
    0x080024b4   0x080024b4   0x0000002c   Code   RO         8763    i.SysTick_Handler   port.o
    0x080024e0   0x080024e0   0x0000005c   Code   RO         5761    i.SystemInit        system_stm32f4xx.o
    0x0800253c   0x0800253c   0x00000010   Code   RO         7136    i.System_SetState   systemstate.o
    0x0800254c   0x0800254c   0x000000c4   Code   RO         7266    i.TIM1_BRK_TIM9_IRQHandler  timer.o
    0x08002610   0x08002610   0x0000004c   Code   RO         5888    i.TIM6_DAC_IRQHandler  code_run_time.o
    0x0800265c   0x0800265c   0x00000018   Code   RO         4303    i.TIM_ARRPreloadConfig  stm32f4xx_tim.o
    0x08002674   0x08002674   0x00000006   Code   RO         4309    i.TIM_ClearFlag     stm32f4xx_tim.o
    0x0800267a   0x0800267a   0x00000018   Code   RO         4315    i.TIM_Cmd           stm32f4xx_tim.o
    0x08002692   0x08002692   0x0000000e   Code   RO         4335    i.TIM_GetFlagStatus  stm32f4xx_tim.o
    0x080026a0   0x080026a0   0x0000007c   Code   RO         4387    i.TIM_TimeBaseInit  stm32f4xx_tim.o
    0x0800271c   0x0800271c   0x00000010   Code   RO         7313    i.USART1_IRQHandler  usart.o
    0x0800272c   0x0800272c   0x000000d4   Code   RO         7314    i.USART1_Init       usart.o
    0x08002800   0x08002800   0x00000010   Code   RO         7315    i.USART2_IRQHandler  usart.o
    0x08002810   0x08002810   0x00000008   Code   RO         4865    i.USART_ClearFlag   stm32f4xx_usart.o
    0x08002818   0x08002818   0x00000010   Code   RO         4866    i.USART_ClearITPendingBit  stm32f4xx_usart.o
    0x08002828   0x08002828   0x00000018   Code   RO         4869    i.USART_Cmd         stm32f4xx_usart.o
    0x08002840   0x08002840   0x0000000e   Code   RO         4872    i.USART_GetFlagStatus  stm32f4xx_usart.o
    0x0800284e   0x0800284e   0x00000040   Code   RO         4873    i.USART_GetITStatus  stm32f4xx_usart.o
    0x0800288e   0x0800288e   0x00000036   Code   RO         4875    i.USART_ITConfig    stm32f4xx_usart.o
    0x080028c4   0x080028c4   0x000000bc   Code   RO         4876    i.USART_Init        stm32f4xx_usart.o
    0x08002980   0x08002980   0x00000008   Code   RO         4883    i.USART_ReceiveData  stm32f4xx_usart.o
    0x08002988   0x08002988   0x00000008   Code   RO         4886    i.USART_SendData    stm32f4xx_usart.o
    0x08002990   0x08002990   0x00000090   Code   RO         7320    i.USARTx_ITHandle   usart.o
    0x08002a20   0x08002a20   0x0000000e   Code   RO        10205    i.USBD_ClrCfg       usbd_core.o
    0x08002a2e   0x08002a2e   0x0000003c   Code   RO        10758    i.USBD_ClrFeature   usbd_req.o
    0x08002a6a   0x08002a6a   0x00000012   Code   RO        10404    i.USBD_CtlContinueRx  usbd_ioreq.o
    0x08002a7c   0x08002a7c   0x00000012   Code   RO        10405    i.USBD_CtlContinueSendData  usbd_ioreq.o
    0x08002a8e   0x08002a8e   0x0000001e   Code   RO        10759    i.USBD_CtlError     usbd_req.o
    0x08002aac   0x08002aac   0x00000022   Code   RO        10407    i.USBD_CtlReceiveStatus  usbd_ioreq.o
    0x08002ace   0x08002ace   0x00000020   Code   RO        10408    i.USBD_CtlSendData  usbd_ioreq.o
    0x08002aee   0x08002aee   0x00000022   Code   RO        10409    i.USBD_CtlSendStatus  usbd_ioreq.o
    0x08002b10   0x08002b10   0x000000c4   Code   RO        10206    i.USBD_DataInStage  usbd_core.o
    0x08002bd4   0x08002bd4   0x0000007a   Code   RO        10207    i.USBD_DataOutStage  usbd_core.o
    0x08002c4e   0x08002c4e   0x00000002   PAD
    0x08002c50   0x08002c50   0x00000030   Code   RO        10760    i.USBD_GetConfig    usbd_req.o
    0x08002c80   0x08002c80   0x000000fa   Code   RO        10761    i.USBD_GetDescriptor  usbd_req.o
    0x08002d7a   0x08002d7a   0x00000002   PAD
    0x08002d7c   0x08002d7c   0x00000030   Code   RO        10763    i.USBD_GetStatus    usbd_req.o
    0x08002dac   0x08002dac   0x0000000e   Code   RO        10210    i.USBD_IsoINIncomplete  usbd_core.o
    0x08002dba   0x08002dba   0x0000000e   Code   RO        10211    i.USBD_IsoOUTIncomplete  usbd_core.o
    0x08002dc8   0x08002dc8   0x000000ac   Code   RO        10129    i.USBD_OTG_ISR_Handler  usb_dcd_int.o
    0x08002e74   0x08002e74   0x00000044   Code   RO        10765    i.USBD_ParseSetupRequest  usbd_req.o
    0x08002eb8   0x08002eb8   0x00000030   Code   RO        10212    i.USBD_Reset        usbd_core.o
    0x08002ee8   0x08002ee8   0x00000016   Code   RO        10213    i.USBD_Resume       usbd_core.o
    0x08002efe   0x08002efe   0x00000002   PAD
    0x08002f00   0x08002f00   0x00000010   Code   RO        10214    i.USBD_RunTestMode  usbd_core.o
    0x08002f10   0x08002f10   0x00000012   Code   RO        10215    i.USBD_SOF          usbd_core.o
    0x08002f22   0x08002f22   0x00000054   Code   RO        10766    i.USBD_SetAddress   usbd_req.o
    0x08002f76   0x08002f76   0x0000001a   Code   RO        10216    i.USBD_SetCfg       usbd_core.o
    0x08002f90   0x08002f90   0x000000ac   Code   RO        10767    i.USBD_SetConfig    usbd_req.o
    0x0800303c   0x0800303c   0x0000009c   Code   RO        10768    i.USBD_SetFeature   usbd_req.o
    0x080030d8   0x080030d8   0x0000004a   Code   RO        10217    i.USBD_SetupStage   usbd_core.o
    0x08003122   0x08003122   0x0000004a   Code   RO        10769    i.USBD_StdDevReq    usbd_req.o
    0x0800316c   0x0800316c   0x0000013c   Code   RO        10770    i.USBD_StdEPReq     usbd_req.o
    0x080032a8   0x080032a8   0x00000046   Code   RO        10771    i.USBD_StdItfReq    usbd_req.o
    0x080032ee   0x080032ee   0x0000001a   Code   RO        10218    i.USBD_Suspend      usbd_core.o
    0x08003308   0x08003308   0x0000000e   Code   RO         9732    i.USB_OTG_BSP_uDelay  usb_bsp.o
    0x08003316   0x08003316   0x00000052   Code   RO         9791    i.USB_OTG_EP0Activate  usb_core.o
    0x08003368   0x08003368   0x000000e6   Code   RO         9792    i.USB_OTG_EP0StartXfer  usb_core.o
    0x0800344e   0x0800344e   0x00000002   PAD
    0x08003450   0x08003450   0x0000002c   Code   RO         9793    i.USB_OTG_EP0_OutStart  usb_core.o
    0x0800347c   0x0800347c   0x0000005c   Code   RO         9794    i.USB_OTG_EPActivate  usb_core.o
    0x080034d8   0x080034d8   0x0000003c   Code   RO         9795    i.USB_OTG_EPClearStall  usb_core.o
    0x08003514   0x08003514   0x00000040   Code   RO         9797    i.USB_OTG_EPSetStall  usb_core.o
    0x08003554   0x08003554   0x00000168   Code   RO         9798    i.USB_OTG_EPStartXfer  usb_core.o
    0x080036bc   0x080036bc   0x00000044   Code   RO         9803    i.USB_OTG_FlushTxFifo  usb_core.o
    0x08003700   0x08003700   0x0000002c   Code   RO         9804    i.USB_OTG_GetDeviceSpeed  usb_core.o
    0x0800372c   0x0800372c   0x0000000a   Code   RO         9806    i.USB_OTG_GetMode   usb_core.o
    0x08003736   0x08003736   0x00000012   Code   RO         9808    i.USB_OTG_IsDeviceMode  usb_core.o
    0x08003748   0x08003748   0x0000000a   Code   RO         9810    i.USB_OTG_ReadCoreItr  usb_core.o
    0x08003752   0x08003752   0x0000000c   Code   RO         9811    i.USB_OTG_ReadDevAllInEPItr  usb_core.o
    0x0800375e   0x0800375e   0x0000000c   Code   RO         9812    i.USB_OTG_ReadDevAllOutEp_itr  usb_core.o
    0x0800376a   0x0800376a   0x00000010   Code   RO         9813    i.USB_OTG_ReadDevOutEP_itr  usb_core.o
    0x0800377a   0x0800377a   0x00000020   Code   RO         9815    i.USB_OTG_ReadPacket  usb_core.o
    0x0800379a   0x0800379a   0x0000002a   Code   RO         9821    i.USB_OTG_WritePacket  usb_core.o
    0x080037c4   0x080037c4   0x00000002   Code   RO         5686    i.UsageFault_Handler  stm32f4xx_it.o
    0x080037c6   0x080037c6   0x00000002   PAD
    0x080037c8   0x080037c8   0x00000020   Code   RO        15490    i.__0printf         mc_w.l(printfa.o)
    0x080037e8   0x080037e8   0x00000028   Code   RO        15492    i.__0sprintf        mc_w.l(printfa.o)
    0x08003810   0x08003810   0x00000030   Code   RO        15568    i.__ARM_fpclassify  m_wm.l(fpclassify.o)
    0x08003840   0x08003840   0x00000360   Code   RO        15190    i.__hardfp_asin     m_wm.l(asin.o)
    0x08003ba0   0x08003ba0   0x000002d8   Code   RO        15534    i.__hardfp_atan     m_wm.l(atan.o)
    0x08003e78   0x08003e78   0x00000200   Code   RO        15204    i.__hardfp_atan2    m_wm.l(atan2.o)
    0x08004078   0x08004078   0x000000f8   Code   RO        15570    i.__kernel_poly     m_wm.l(poly.o)
    0x08004170   0x08004170   0x00000014   Code   RO        15549    i.__mathlib_dbl_infnan  m_wm.l(dunder.o)
    0x08004184   0x08004184   0x00000014   Code   RO        15550    i.__mathlib_dbl_infnan2  m_wm.l(dunder.o)
    0x08004198   0x08004198   0x00000020   Code   RO        15551    i.__mathlib_dbl_invalid  m_wm.l(dunder.o)
    0x080041b8   0x080041b8   0x00000020   Code   RO        15554    i.__mathlib_dbl_underflow  m_wm.l(dunder.o)
    0x080041d8   0x080041d8   0x0000000e   Code   RO        15628    i.__scatterload_copy  mc_w.l(handlers.o)
    0x080041e6   0x080041e6   0x00000002   Code   RO        15629    i.__scatterload_null  mc_w.l(handlers.o)
    0x080041e8   0x080041e8   0x0000000e   Code   RO        15630    i.__scatterload_zeroinit  mc_w.l(handlers.o)
    0x080041f6   0x080041f6   0x00000002   PAD
    0x080041f8   0x080041f8   0x0000000c   Code   RO        15602    i.__set_errno       mc_w.l(errno.o)
    0x08004204   0x08004204   0x00000184   Code   RO        15497    i._fp_digits        mc_w.l(printfa.o)
    0x08004388   0x08004388   0x000006b4   Code   RO        15498    i._printf_core      mc_w.l(printfa.o)
    0x08004a3c   0x08004a3c   0x00000024   Code   RO        15499    i._printf_post_padding  mc_w.l(printfa.o)
    0x08004a60   0x08004a60   0x0000002e   Code   RO        15500    i._printf_pre_padding  mc_w.l(printfa.o)
    0x08004a8e   0x08004a8e   0x0000000a   Code   RO        15502    i._sputc            mc_w.l(printfa.o)
    0x08004a98   0x08004a98   0x00000094   Code   RO         8176    i.accel_self_test   inv_mpu.o
    0x08004b2c   0x08004b2c   0x00000010   Code   RO        15536    i.atan              m_wm.l(atan.o)
    0x08004b3c   0x08004b3c   0x0000003c   Code   RO         8487    i.decode_gesture    inv_mpu_dmp_motion_driver.o
    0x08004b78   0x08004b78   0x0000003c   Code   RO         8488    i.dmp_enable_6x_lp_quat  inv_mpu_dmp_motion_driver.o
    0x08004bb4   0x08004bb4   0x000001ec   Code   RO         8489    i.dmp_enable_feature  inv_mpu_dmp_motion_driver.o
    0x08004da0   0x08004da0   0x00000058   Code   RO         8490    i.dmp_enable_gyro_cal  inv_mpu_dmp_motion_driver.o
    0x08004df8   0x08004df8   0x0000003c   Code   RO         8491    i.dmp_enable_lp_quat  inv_mpu_dmp_motion_driver.o
    0x08004e34   0x08004e34   0x00000014   Code   RO         8496    i.dmp_load_motion_driver_firmware  inv_mpu_dmp_motion_driver.o
    0x08004e48   0x08004e48   0x00000180   Code   RO         8497    i.dmp_read_fifo     inv_mpu_dmp_motion_driver.o
    0x08004fc8   0x08004fc8   0x0000010c   Code   RO         8500    i.dmp_set_accel_bias  inv_mpu_dmp_motion_driver.o
    0x080050d4   0x080050d4   0x00000070   Code   RO         8501    i.dmp_set_fifo_rate  inv_mpu_dmp_motion_driver.o
    0x08005144   0x08005144   0x00000108   Code   RO         8502    i.dmp_set_gyro_bias  inv_mpu_dmp_motion_driver.o
    0x0800524c   0x0800524c   0x00000118   Code   RO         8504    i.dmp_set_orientation  inv_mpu_dmp_motion_driver.o
    0x08005364   0x08005364   0x00000030   Code   RO         8507    i.dmp_set_shake_reject_thresh  inv_mpu_dmp_motion_driver.o
    0x08005394   0x08005394   0x00000020   Code   RO         8508    i.dmp_set_shake_reject_time  inv_mpu_dmp_motion_driver.o
    0x080053b4   0x080053b4   0x00000020   Code   RO         8509    i.dmp_set_shake_reject_timeout  inv_mpu_dmp_motion_driver.o
    0x080053d4   0x080053d4   0x00000038   Code   RO         8510    i.dmp_set_tap_axes  inv_mpu_dmp_motion_driver.o
    0x0800540c   0x0800540c   0x00000022   Code   RO         8511    i.dmp_set_tap_count  inv_mpu_dmp_motion_driver.o
    0x0800542e   0x0800542e   0x00000002   PAD
    0x08005430   0x08005430   0x0000019c   Code   RO         8512    i.dmp_set_tap_thresh  inv_mpu_dmp_motion_driver.o
    0x080055cc   0x080055cc   0x00000020   Code   RO         8513    i.dmp_set_tap_time  inv_mpu_dmp_motion_driver.o
    0x080055ec   0x080055ec   0x00000020   Code   RO         8514    i.dmp_set_tap_time_multi  inv_mpu_dmp_motion_driver.o
    0x0800560c   0x0800560c   0x00000018   Code   RO        15564    i.fabs              m_wm.l(fabs.o)
    0x08005624   0x08005624   0x00000038   Code   RO         7321    i.fputc             usart.o
    0x0800565c   0x0800565c   0x000000b8   Code   RO         8177    i.get_accel_prod_shift  inv_mpu.o
    0x08005714   0x08005714   0x000003d8   Code   RO         8178    i.get_st_biases     inv_mpu.o
    0x08005aec   0x08005aec   0x000000d8   Code   RO         8179    i.gyro_self_test    inv_mpu.o
    0x08005bc4   0x08005bc4   0x00000024   Code   RO         6428    i.inv_orientation_matrix_to_scalar  mpu6050.o
    0x08005be8   0x08005be8   0x00000048   Code   RO         6429    i.inv_row_2_scale   mpu6050.o
    0x08005c30   0x08005c30   0x00000034   Code   RO         6394    i.led_init          led.o
    0x08005c64   0x08005c64   0x00000078   Code   RO         5124    i.main              main.o
    0x08005cdc   0x08005cdc   0x00000060   Code   RO         8180    i.mpu_configure_fifo  inv_mpu.o
    0x08005d3c   0x08005d3c   0x00000044   Code   RO         8181    i.mpu_get_accel_fsr  inv_mpu.o
    0x08005d80   0x08005d80   0x0000004c   Code   RO         8183    i.mpu_get_accel_sens  inv_mpu.o
    0x08005dcc   0x08005dcc   0x00000010   Code   RO         8188    i.mpu_get_fifo_config  inv_mpu.o
    0x08005ddc   0x08005ddc   0x00000040   Code   RO         8189    i.mpu_get_gyro_fsr  inv_mpu.o
    0x08005e1c   0x08005e1c   0x00000058   Code   RO         8191    i.mpu_get_gyro_sens  inv_mpu.o
    0x08005e74   0x08005e74   0x00000044   Code   RO         8193    i.mpu_get_lpf       inv_mpu.o
    0x08005eb8   0x08005eb8   0x0000001c   Code   RO         8195    i.mpu_get_sample_rate  inv_mpu.o
    0x08005ed4   0x08005ed4   0x000001ac   Code   RO         8197    i.mpu_init          inv_mpu.o
    0x08006080   0x08006080   0x000000b4   Code   RO         8198    i.mpu_load_firmware  inv_mpu.o
    0x08006134   0x08006134   0x000000d0   Code   RO         8199    i.mpu_lp_accel_mode  inv_mpu.o
    0x08006204   0x08006204   0x000000ac   Code   RO         8201    i.mpu_read_fifo_stream  inv_mpu.o
    0x080062b0   0x080062b0   0x00000070   Code   RO         8202    i.mpu_read_mem      inv_mpu.o
    0x08006320   0x08006320   0x0000016c   Code   RO         8205    i.mpu_reset_fifo    inv_mpu.o
    0x0800648c   0x0800648c   0x000000f8   Code   RO         8206    i.mpu_run_self_test  inv_mpu.o
    0x08006584   0x08006584   0x00000074   Code   RO         8208    i.mpu_set_accel_fsr  inv_mpu.o
    0x080065f8   0x080065f8   0x00000118   Code   RO         8209    i.mpu_set_bypass    inv_mpu.o
    0x08006710   0x08006710   0x0000007c   Code   RO         8211    i.mpu_set_dmp_state  inv_mpu.o
    0x0800678c   0x0800678c   0x00000078   Code   RO         8212    i.mpu_set_gyro_fsr  inv_mpu.o
    0x08006804   0x08006804   0x00000060   Code   RO         8213    i.mpu_set_int_latched  inv_mpu.o
    0x08006864   0x08006864   0x0000007c   Code   RO         8215    i.mpu_set_lpf       inv_mpu.o
    0x080068e0   0x080068e0   0x00000084   Code   RO         8216    i.mpu_set_sample_rate  inv_mpu.o
    0x08006964   0x08006964   0x000000b0   Code   RO         8217    i.mpu_set_sensors   inv_mpu.o
    0x08006a14   0x08006a14   0x00000070   Code   RO         8218    i.mpu_write_mem     inv_mpu.o
    0x08006a84   0x08006a84   0x00000024   Code   RO         9368    i.prvResetNextTaskUnblockTime  tasks.o
    0x08006aa8   0x08006aa8   0x00000082   Code   RO         6430    i.run_self_test     mpu6050.o
    0x08006b2a   0x08006b2a   0x00000002   PAD
    0x08006b2c   0x08006b2c   0x00000074   Code   RO         8219    i.set_int_enable    inv_mpu.o
    0x08006ba0   0x08006ba0   0x0000006e   Code   RO        15232    i.sqrt              m_wm.l(sqrt.o)
    0x08006c0e   0x08006c0e   0x00000026   Code   RO         8958    i.uxListRemove      list.o
    0x08006c34   0x08006c34   0x00000018   Code   RO         8962    i.vListInsertEnd    list.o
    0x08006c4c   0x08006c4c   0x00000060   Code   RO         9398    i.vTaskSwitchContext  tasks.o
    0x08006cac   0x08006cac   0x000000cc   Code   RO         9406    i.xTaskIncrementTick  tasks.o
    0x08006d78   0x08006d78   0x0000001b   Data   RO         8220    .constdata          inv_mpu.o
    0x08006d93   0x08006d93   0x00000001   PAD
    0x08006d94   0x08006d94   0x0000000c   Data   RO         8221    .constdata          inv_mpu.o
    0x08006da0   0x08006da0   0x00000028   Data   RO         8222    .constdata          inv_mpu.o
    0x08006dc8   0x08006dc8   0x00000bf6   Data   RO         8516    .constdata          inv_mpu_dmp_motion_driver.o
    0x080079be   0x080079be   0x00000002   PAD
    0x080079c0   0x080079c0   0x00000050   Data   RO        15193    .constdata          m_wm.l(asin.o)
    0x08007a10   0x08007a10   0x00000098   Data   RO        15537    .constdata          m_wm.l(atan.o)
    0x08007aa8   0x08007aa8   0x00000008   Data   RO        15572    .constdata          m_wm.l(qnan.o)
    0x08007ab0   0x08007ab0   0x0000004d   Data   RO         8223    .conststring        inv_mpu.o
    0x08007afd   0x08007afd   0x00000003   PAD
    0x08007b00   0x08007b00   0x00000020   Data   RO        15626    Region$$Table       anon$$obj.o


    Execution Region RW_IRAM2 (Exec base: 0x10000000, Load base: 0x08007eec, Size: 0x00000000, Max: 0x00010000, ABSOLUTE)

    **** No section assigned to this execution region ****


    Execution Region RW_IRAM1 (Exec base: 0x20000000, Load base: 0x08007b20, Size: 0x0000f178, Max: 0x00020000, ABSOLUTE, COMPRESSED[0x000003cc])

    Exec Addr    Load Addr    Size         Type   Attr      Idx    E Section Name        Object

    0x20000000   COMPRESSED   0x00000010   Data   RW         2972    .data               stm32f4xx_rcc.o
    0x20000010   COMPRESSED   0x00000004   Data   RW         5126    .data               main.o
    0x20000014   COMPRESSED   0x00000004   Data   RW         5889    .data               code_run_time.o
    0x20000018   COMPRESSED   0x00000005   Data   RW         6154    .data               exti.o
    0x2000001d   COMPRESSED   0x00000009   Data   RW         6432    .data               mpu6050.o
    0x20000026   COMPRESSED   0x00000602   Data   RW         6546    .data               oled.o
    0x20000628   COMPRESSED   0x00000010   Data   RW         6921    .data               sdio_sdcard.o
    0x20000638   COMPRESSED   0x00000004   Data   RW         7106    .data               spi.o
    0x2000063c   COMPRESSED   0x00000001   Data   RW         7268    .data               timer.o
    0x2000063d   COMPRESSED   0x00000003   PAD
    0x20000640   COMPRESSED   0x0000002c   Data   RW         8224    .data               inv_mpu.o
    0x2000066c   COMPRESSED   0x0000003c   Data   RW         9415    .data               tasks.o
    0x200006a8   COMPRESSED   0x0000002c   Data   RW        10219    .data               usbd_core.o
    0x200006d4   COMPRESSED   0x00000004   Data   RW        10220    .data               usbd_core.o
    0x200006d8   COMPRESSED   0x00000004   Data   RW        10221    .data               usbd_core.o
    0x200006dc   COMPRESSED   0x00000010   Data   RW        10772    .data               usbd_req.o
    0x200006ec   COMPRESSED   0x00000004   Data   RW        15589    .data               mc_w.l(stdout.o)
    0x200006f0   COMPRESSED   0x00000004   Data   RW        15603    .data               mc_w.l(errno.o)
    0x200006f4        -       0x00000400   Zero   RW         5125    .bss                main.o
    0x20000af4        -       0x0000000e   Zero   RW         6431    .bss                mpu6050.o
    0x20000b02        -       0x00000400   Zero   RW         6545    .bss                oled.o
    0x20000f02   COMPRESSED   0x00000002   PAD
    0x20000f04        -       0x000002b4   Zero   RW         6920    .bss                sdio_sdcard.o
    0x200011b8        -       0x00000015   Zero   RW         7137    .bss                systemstate.o
    0x200011cd   COMPRESSED   0x00000003   PAD
    0x200011d0        -       0x000005f4   Zero   RW         7206    .bss                test.o
    0x200017c4        -       0x00001010   Zero   RW         7322    .bss                usart.o
    0x200027d4        -       0x00000010   Zero   RW         8515    .bss                inv_mpu_dmp_motion_driver.o
    0x200027e4        -       0x00000190   Zero   RW         9414    .bss                tasks.o
    0x20002974   COMPRESSED   0x00000004   PAD
    0x20002978        -       0x0000c800   Zero   RW            1    STACK               startup_stm32f40_41xxx.o


==============================================================================

Image component sizes


      Code (inc. data)   RO Data    RW Data    ZI Data      Debug   Object Name

       288          0          0          0          0       2121   at24c08.o
        76          8          0          4          0        753   code_run_time.o
         0          0          0          0          0       2556   croutine.o
       224         40          0          0          0       2544   dma.o
         0          0          0          0          0       7832   event_groups.o
       180         16          0          5          0       1474   exti.o
         0          0          0          0          0       2144   heap_4.o
       632         38          0          0          0       4749   i2c.o
      5144        286        156         44          0      28615   inv_mpu.o
      2766        134       3062          0         16      21122   inv_mpu_dmp_motion_driver.o
        52          4          0          0          0        491   led.o
        62          0          0          0          0       1500   list.o
       120         10          0          4       1024     265288   main.o
       124         16          0          0          0     322455   misc.o
      1072         24          0          9         14       7497   mpu6050.o
       868         52          0       1538       1024       5555   oled.o
       234         22          0          0          0       3782   port.o
       336         18          0         16        692      11286   sdio_sdcard.o
        56         10          0          4          0        510   spi.o
        36          8        392          0      51200        852   startup_stm32f40_41xxx.o
       200         40          0          0          0       4401   stm32f4xx_dma.o
        32         10          0          0          0       1134   stm32f4xx_exti.o
       178          0          0          0          0       3503   stm32f4xx_gpio.o
        24          6          0          0          0       3129   stm32f4xx_it.o
       248         34          0         16          0       4827   stm32f4xx_rcc.o
        72         14          0          0          0       3537   stm32f4xx_sdio.o
       162          0          0          0          0       4954   stm32f4xx_spi.o
       192         28          0          0          0       3672   stm32f4xx_tim.o
       384          8          0          0          0       6933   stm32f4xx_usart.o
       276         34          0          0          0       1489   system_stm32f4xx.o
        16          6          0          0         21        978   systemstate.o
       336         24          0         60        400       6201   tasks.o
       132          8          0          0       1524        864   test.o
       360         22          0          1          0       2390   timer.o
       444         32          0          0       4112       3526   usart.o
        14          0          0          0          0      19929   usb_bsp.o
      1196         12          0          0          0      12441   usb_core.o
       296          0          0          0          0       4402   usb_dcd.o
      1684        126          0          0          0       9531   usb_dcd_int.o
       590          4          0         52          0       8946   usbd_core.o
       136          0          0          0          0       3436   usbd_ioreq.o
      1376         58          0         16          0       9245   usbd_req.o

    ----------------------------------------------------------------------
     20640       1152       3648       1772      60036     812594   Object Totals
         0          0         32          0          0          0   (incl. Generated)
        22          0          6          3          9          0   (incl. Padding)

    ----------------------------------------------------------------------

      Code (inc. data)   RO Data    RW Data    ZI Data      Debug   Library Member Name

       864         94         80          0          0        280   asin.o
       744        106        152          0          0        352   atan.o
       512         64          0          0          0        208   atan2.o
       104         16          0          0          0        496   dunder.o
        24          0          0          0          0        124   fabs.o
        48          0          0          0          0        124   fpclassify.o
       248          0          0          0          0        152   poly.o
         0          0          8          0          0          0   qnan.o
       110          0          0          0          0        148   sqrt.o
        86          0          0          0          0          0   __dczerorl2.o
         0          0          0          0          0          0   entry.o
         0          0          0          0          0          0   entry10a.o
         0          0          0          0          0          0   entry11a.o
         4          0          0          0          0          0   entry12b.o
         8          4          0          0          0          0   entry2.o
         4          0          0          0          0          0   entry5.o
         0          0          0          0          0          0   entry7b.o
         0          0          0          0          0          0   entry8b.o
         8          4          0          0          0          0   entry9a.o
        12          6          0          4          0         68   errno.o
        30          0          0          0          0          0   handlers.o
        36          8          0          0          0         68   init.o
         0          0          0          0          0          0   iusefp.o
        98          0          0          0          0         84   ldiv.o
        30          0          0          0          0         68   llshl.o
        36          0          0          0          0         68   llsshr.o
        32          0          0          0          0         68   llushr.o
        26          0          0          0          0         80   memcmp.o
        36          0          0          0          0        108   memseta.o
      2268         96          0          0          0        616   printfa.o
         0          0          0          4          0          0   stdout.o
        44          0          0          0          0         80   uidiv.o
        98          0          0          0          0         92   uldiv.o
        48          0          0          0          0         68   cdcmple.o
        48          0          0          0          0         68   cdrcmple.o
        56          0          0          0          0         88   d2f.o
       334          0          0          0          0        148   dadd.o
       222          0          0          0          0        100   ddiv.o
       186          0          0          0          0        176   depilogue.o
        48          0          0          0          0         68   dfixul.o
       228          0          0          0          0         96   dmul.o
       162          0          0          0          0        100   dsqrt.o
        38          0          0          0          0         68   f2d.o
       110          0          0          0          0        168   fepilogue.o

    ----------------------------------------------------------------------
      6992        398        240          8          0       4432   Library Totals
         2          0          0          0          0          0   (incl. Padding)

    ----------------------------------------------------------------------

      Code (inc. data)   RO Data    RW Data    ZI Data      Debug   Library Name

      2654        280        240          0          0       1884   m_wm.l
      2856        118          0          8          0       1400   mc_w.l
      1480          0          0          0          0       1148   mf_w.l

    ----------------------------------------------------------------------
      6992        398        240          8          0       4432   Library Totals

    ----------------------------------------------------------------------

==============================================================================


      Code (inc. data)   RO Data    RW Data    ZI Data      Debug   

     27632       1550       3888       1780      60036     793210   Grand Totals
     27632       1550       3888        972      60036     793210   ELF Image Totals (compressed)
     27632       1550       3888        972          0          0   ROM Totals

==============================================================================

    Total RO  Size (Code + RO Data)                31520 (  30.78kB)
    Total RW  Size (RW Data + ZI Data)             61816 (  60.37kB)
    Total ROM Size (Code + RO Data + RW Data)      32492 (  31.73kB)

==============================================================================

